{
 "A": "scratchpad\\gauntlet\\L68\\overnight0929\\train_tau0.27.jsonl",
 "B": "scratchpad\\gauntlet\\L69\\rebase_1001\\train_tau0.27.jsonl",
 "A_screen": {
  "n": 299,
  "winrate": 0.9230769230769231,
  "exploit": {
   "outlived_win_share": 0.2463768115942029,
   "low_delivered_win_share": 0.07608695652173914,
   "ghost_refused_per_match": 0.20735785953177258
  },
  "plays_per_min": 10.564220025300694
 },
 "B_vs_A": {
  "n": 299,
  "winrate": 0.9264214046822743,
  "exploit": {
   "outlived_win_share": 0.2563176895306859,
   "low_delivered_win_share": 0.07581227436823104,
   "ghost_refused_per_match": 0.22742474916387959
  },
  "plays_per_min": 10.494589545791051,
  "paired": 299,
  "paired_entries": 299,
  "delta_pp": 0.33444816053511706,
  "ci_lo_pp": -1.6722408026755853,
  "ci_hi_pp": 2.6755852842809364,
  "better": 6,
  "worse": 5,
  "exploit_init": {
   "outlived_win_share": 0.2463768115942029,
   "low_delivered_win_share": 0.07608695652173914,
   "ghost_refused_per_match": 0.20735785953177258
  },
  "exploit_cand": {
   "outlived_win_share": 0.2563176895306859,
   "low_delivered_win_share": 0.07581227436823104,
   "ghost_refused_per_match": 0.22742474916387959
  }
 }
}
