OUTCOME_UPDATE 1 8 WLD 4 4 0 STOP []
OUTCOME_UPDATE 2 16 WLD 3 5 0 STOP []
OUTCOME_UPDATE 3 24 WLD 4 4 0 STOP []
OUTCOME_UPDATE 4 32 WLD 4 4 0 STOP []
OUTCOME_UPDATE 5 40 WLD 4 4 0 STOP []
OUTCOME_UPDATE 6 48 WLD 4 4 0 STOP []
OUTCOME_UPDATE 7 56 WLD 6 2 0 STOP []
OUTCOME_UPDATE 8 64 WLD 4 4 0 STOP []
OUTCOME_UPDATE 9 72 WLD 4 4 0 STOP []
OUTCOME_UPDATE 10 80 WLD 3 5 0 STOP []
OUTCOME_UPDATE 11 88 WLD 4 4 0 STOP []
OUTCOME_UPDATE 12 96 WLD 4 4 0 STOP []
OUTCOME_UPDATE 13 104 WLD 3 5 0 STOP []
OUTCOME_UPDATE 14 112 WLD 6 2 0 STOP []
OUTCOME_UPDATE 15 120 WLD 4 4 0 STOP []
OUTCOME_UPDATE 16 128 WLD 3 5 0 STOP []
OUTCOME_UPDATE 17 136 WLD 5 3 0 STOP []
OUTCOME_UPDATE 18 144 WLD 4 4 0 STOP []
OUTCOME_UPDATE 19 152 WLD 3 5 0 STOP []
OUTCOME_UPDATE 20 160 WLD 4 4 0 STOP []
OUTCOME_UPDATE 21 168 WLD 3 5 0 STOP []
OUTCOME_UPDATE 22 176 WLD 4 4 0 STOP []
OUTCOME_UPDATE 23 184 WLD 4 4 0 STOP []
OUTCOME_UPDATE 24 192 WLD 3 5 0 STOP []
OUTCOME_UPDATE 25 200 WLD 6 2 0 STOP []
OUTCOME_UPDATE 26 208 WLD 2 6 0 STOP []
OUTCOME_UPDATE 27 216 WLD 5 3 0 STOP []
OUTCOME_UPDATE 28 224 WLD 4 4 0 STOP []
OUTCOME_UPDATE 29 232 WLD 5 3 0 STOP []
OUTCOME_UPDATE 30 240 WLD 3 5 0 STOP []
OUTCOME_UPDATE 31 248 WLD 4 4 0 STOP []
OUTCOME_UPDATE 32 256 WLD 5 3 0 STOP []
OUTCOME_RL_TRAIN_COMPLETE
C:\Users\benpe\ClashBot\pipeline\model_v3.py:92: UserWarning: enable_nested_tensor is True, but self.use_nested_tensor is False because encoder_layer.norm_first was True
  self.encoder = nn.TransformerEncoder(enc, layers)
C:\Users\benpe\ClashBot\pipeline\model_v3.py:92: UserWarning: enable_nested_tensor is True, but self.use_nested_tensor is False because encoder_layer.norm_first was True
  self.encoder = nn.TransformerEncoder(enc, layers)
