{"index": 0, "tag": "01c90c5ccc3a401888c7c42d47c18813", "usable": true, "reasons": [], "seconds": 14.81}
{"index": 1, "tag": "02f3776ec00145a094be0628d209b0ed", "usable": false, "reasons": ["undriven_commands", "rejected_commands", "skipped_commands", "crown_mismatch"], "seconds": 3.16}
{"index": 2, "tag": "04d87cf157b14e0e85ff84fe059e0db8", "usable": true, "reasons": [], "seconds": 5.97}
{"index": 3, "tag": "060812c75cdf45f08e8e58c9b05fdecc", "usable": true, "reasons": [], "seconds": 3.68}
{"index": 4, "tag": "0818a443d2c54d20b9ef005406648fca", "usable": true, "reasons": [], "seconds": 6.97}
{"index": 5, "tag": "097bee258c3a4bb89464ba7df04dd9d4", "usable": false, "reasons": ["undriven_commands", "rejected_commands", "skipped_commands", "crown_mismatch"], "seconds": 2.89}
{"index": 6, "tag": "09f639f7623a43c085d9af0dd433494e", "usable": true, "reasons": [], "seconds": 7.6}
{"index": 7, "tag": "0a128d17c14943c3854d1da3ea295200", "usable": false, "reasons": ["rejected_commands"], "seconds": 3.02}
{"index": 8, "tag": "0cb8fa88758b4d99bc2016e16c7bbabc", "usable": false, "reasons": ["rejected_commands"], "seconds": 3.5}
{"index": 9, "tag": "0cf0fb5888444adf8cde74db3b5caccd", "usable": true, "reasons": [], "seconds": 5.2}
{"index": 10, "tag": "107c0e855cde4699b873ea4b83f0b945", "usable": false, "reasons": ["crown_mismatch"], "seconds": 8.64}
{"index": 11, "tag": "119428f46a034eeea84309af4029cf43", "usable": true, "reasons": [], "seconds": 7.06}
{"index": 12, "tag": "13f41783d44b43bb9ac36ee7fde9c181", "usable": false, "reasons": ["rejected_commands"], "seconds": 6.1}
{"index": 13, "tag": "17b000ad9ce84c41923b528265409fb1", "usable": true, "reasons": [], "seconds": 3.57}
{"index": 14, "tag": "1948b877654a475280242c05d725266b", "usable": true, "reasons": [], "seconds": 3.52}
{"index": 15, "tag": "1aa421d46a904cd881af65918dd4303c", "usable": false, "reasons": ["undriven_commands", "rejected_commands", "skipped_commands", "crown_mismatch"], "seconds": 3.55}
{"index": 16, "tag": "1e3bca5da52a4d729d6ffec1e3c2f431", "usable": true, "reasons": [], "seconds": 7.23}
{"index": 17, "tag": "1fbc71140efe485c8f6ff6c181e794de", "usable": false, "reasons": ["undriven_commands", "skipped_commands"], "seconds": 3.93}
{"index": 18, "tag": "203d3b9e5c9349c0b04ecbd24552786c", "usable": false, "reasons": ["rejected_commands", "crown_mismatch"], "seconds": 2.65}
{"index": 19, "tag": "21bf959d61da4d7093a8afbc93e3d0f0", "usable": false, "reasons": ["crown_mismatch"], "seconds": 7.06}
{"index": 20, "tag": "21c067772f434c69a9cefb52d0f3148b", "usable": false, "reasons": ["undriven_commands", "skipped_commands"], "seconds": 8.55}
{"index": 21, "tag": "223c88e8753c4c348bc0091850e74b89", "usable": true, "reasons": [], "seconds": 3.76}
{"index": 22, "tag": "223f1e3737ab4779b74e12de9fbcae4c", "usable": true, "reasons": [], "seconds": 7.22}
{"index": 23, "tag": "23a756de18dd42a78a9481930070b837", "usable": true, "reasons": [], "seconds": 6.89}
{"index": 24, "tag": "23c6012eccd646dc98cc9238e8063029", "usable": true, "reasons": [], "seconds": 2.71}
{"index": 25, "tag": "24305607d87b4332847f999adf9e45ec", "usable": true, "reasons": [], "seconds": 3.67}
{"index": 26, "tag": "265d434f17244e9590e584473225349f", "usable": true, "reasons": [], "seconds": 6.93}
{"index": 27, "tag": "2b6e9b281212497ca169cd2688cfcba4", "usable": true, "reasons": [], "seconds": 8.34}
{"index": 28, "tag": "31a0056abcb24f639996a5e012f3417d", "usable": true, "reasons": [], "seconds": 3.53}
{"index": 29, "tag": "338f575506704ea08601e4441b8bfa36", "usable": true, "reasons": [], "seconds": 7.36}
{"index": 30, "tag": "3412868827c343dd956322304040940b", "usable": true, "reasons": [], "seconds": 9.28}
{"index": 31, "tag": "344af528739240f0ac2f6dac1b059412", "usable": false, "reasons": ["undriven_commands", "rejected_commands", "skipped_commands"], "seconds": 4.14}
{"index": 32, "tag": "346f992be3074c09ac5c46108dac1984", "usable": false, "reasons": ["undriven_commands", "rejected_commands", "skipped_commands", "crown_mismatch"], "seconds": 5.71}
{"index": 33, "tag": "3483356a35d64123a374dc4d0127e620", "usable": true, "reasons": [], "seconds": 7.16}
{"index": 34, "tag": "3519f449b6d14e118deb073744e5af21", "usable": true, "reasons": [], "seconds": 7.04}
{"index": 35, "tag": "3acb13f0c30e4f46b4505f0a044946a2", "usable": false, "reasons": ["undriven_commands", "rejected_commands", "skipped_commands", "crown_mismatch"], "seconds": 3.5}
{"index": 36, "tag": "3bbbd763494640c49d3d7b21e1a5e9ef", "usable": false, "reasons": ["undriven_commands", "skipped_commands"], "seconds": 4.36}
{"index": 37, "tag": "3d9adf2e5ac248e39ec0846bcb7a821b", "usable": false, "reasons": ["crown_mismatch"], "seconds": 6.74}
{"index": 38, "tag": "3f7b9bf3703a4d738be08c7804f78023", "usable": true, "reasons": [], "seconds": 6.87}
{"index": 39, "tag": "40471282469242aeb861e6571a17209e", "usable": false, "reasons": ["undriven_commands", "rejected_commands", "skipped_commands"], "seconds": 2.36}
{"index": 40, "tag": "439f84fb0b94416fb6f33e0624803ab5", "usable": false, "reasons": ["crown_mismatch"], "seconds": 6.81}
{"index": 41, "tag": "43d4199ed82243e8a5ba4e92f4f5f8ea", "usable": false, "reasons": ["undriven_commands", "rejected_commands", "skipped_commands"], "seconds": 3.96}
{"index": 42, "tag": "4809e34081164cb4910409b430865099", "usable": false, "reasons": ["rejected_commands", "crown_mismatch"], "seconds": 3.25}
{"index": 43, "tag": "488af28ae0f04dc6a17bb44358af84c4", "usable": false, "reasons": ["undriven_commands", "rejected_commands", "skipped_commands"], "seconds": 5.05}
{"index": 44, "tag": "4b5e1f45d2d845a4aed4268d401d95dd", "usable": true, "reasons": [], "seconds": 3.69}
{"index": 45, "tag": "4caca5b71eaa46f08639da3815ff2f03", "usable": false, "reasons": ["undriven_commands", "rejected_commands", "skipped_commands", "crown_mismatch"], "seconds": 4.04}
{"index": 46, "tag": "4e8d7608cf29486eb5e354fe2e2eac15", "usable": true, "reasons": [], "seconds": 6.85}
{"index": 47, "tag": "4ed92fa6084e4e11b50cd810613714b0", "usable": false, "reasons": ["crown_mismatch"], "seconds": 7.21}
{"index": 48, "tag": "4f7fed54033c462391b10bf8467e58b8", "usable": false, "reasons": ["undriven_commands", "rejected_commands", "skipped_commands"], "seconds": 7.37}
{"index": 49, "tag": "4fbafe34ce6a47728b0519b350ed7962", "usable": false, "reasons": ["undriven_commands", "rejected_commands", "skipped_commands"], "seconds": 2.94}
{"index": 50, "tag": "511962d005fe49b498e6af92a84e3066", "usable": false, "reasons": ["rejected_commands"], "seconds": 7.38}
{"index": 51, "tag": "52d42408fd934f5ca851c53a27adbad6", "usable": false, "reasons": ["undriven_commands", "rejected_commands", "skipped_commands", "crown_mismatch"], "seconds": 6.25}
{"index": 52, "tag": "530419bd4ea840ce81468b61927850bf", "usable": false, "reasons": ["rejected_commands"], "seconds": 7.07}
{"index": 53, "tag": "54689ea27a86424e9fe73f7ffcbc411d", "usable": false, "reasons": ["undriven_commands", "rejected_commands", "skipped_commands"], "seconds": 4.05}
{"index": 54, "tag": "57cf318d53a445abb63377893b5ee142", "usable": true, "reasons": [], "seconds": 2.31}
{"index": 55, "tag": "5d59ab7ed1084312a770fc82117a5222", "usable": false, "reasons": ["undriven_commands", "rejected_commands", "skipped_commands", "crown_mismatch"], "seconds": 3.92}
{"index": 56, "tag": "5fbbbbc1898243c89d3bd1a4c17667fb", "usable": false, "reasons": ["crown_mismatch"], "seconds": 6.41}
{"index": 57, "tag": "615758134ea34df68a36bc7925b9b434", "usable": false, "reasons": ["undriven_commands", "rejected_commands", "skipped_commands", "crown_mismatch"], "seconds": 3.62}
{"index": 58, "tag": "6163c45baaf44dec9cbcff3ed50b5edd", "usable": true, "reasons": [], "seconds": 2.73}
{"index": 59, "tag": "62e5470add1e474a9998eefafe8628b5", "usable": true, "reasons": [], "seconds": 3.91}
{"index": 60, "tag": "6674819abccb4b8d889ad238a4123606", "usable": true, "reasons": [], "seconds": 15.06}
{"index": 61, "tag": "6b586b4bba144177b82cb24790c7e24e", "usable": false, "reasons": ["rejected_commands", "crown_mismatch"], "seconds": 3.98}
{"index": 62, "tag": "6c914bdaf0c546809c1a659345e9f9fc", "usable": true, "reasons": [], "seconds": 6.44}
{"index": 63, "tag": "6f78959ef6f4467aa1075a70d4268ea4", "usable": true, "reasons": [], "seconds": 6.52}
{"index": 64, "tag": "70e058e1feab41f39b27494d429b8a10", "usable": true, "reasons": [], "seconds": 6.94}
{"index": 65, "tag": "71bbd482dc1149c9a5fe89a0019601a1", "usable": true, "reasons": [], "seconds": 7.38}
{"index": 66, "tag": "76c98259919746fd96d409e7f15f84e4", "usable": true, "reasons": [], "seconds": 2.9}
{"index": 67, "tag": "77659a9010204e1cbacd7c847a00b1e6", "usable": false, "reasons": ["undriven_commands", "rejected_commands", "skipped_commands", "crown_mismatch"], "seconds": 4.26}
{"index": 68, "tag": "7830e7981d804f2186ae530916c3de32", "usable": false, "reasons": ["undriven_commands", "rejected_commands", "skipped_commands"], "seconds": 4.03}
{"index": 69, "tag": "784dc82e4409483f8968066deff7cb6b", "usable": false, "reasons": ["undriven_commands", "rejected_commands", "skipped_commands"], "seconds": 2.39}
{"index": 70, "tag": "7a143770ce7740ca9000fed6e02b6551", "usable": true, "reasons": [], "seconds": 12.89}
{"index": 71, "tag": "7a4c0a1289354f2aba963f178feb48d3", "usable": true, "reasons": [], "seconds": 7.66}
{"index": 72, "tag": "7c79fdf6dc9d40e2ae5d32bfd702d8fe", "usable": false, "reasons": ["rejected_commands"], "seconds": 3.14}
{"index": 73, "tag": "7f9ee8a66ab64c758a4bec1edf3f8b04", "usable": true, "reasons": [], "seconds": 6.65}
{"index": 74, "tag": "801ce7c91f34480a9367334fa8f98b19", "usable": false, "reasons": ["undriven_commands", "rejected_commands", "skipped_commands"], "seconds": 4.75}
{"index": 75, "tag": "8314a953979842c784299abee7d6e136", "usable": true, "reasons": [], "seconds": 3.66}
{"index": 76, "tag": "83a1caa8c5414b4c995208b6c59e5099", "usable": true, "reasons": [], "seconds": 2.55}
{"index": 77, "tag": "852827f4d7ce44b186a0306379f272fc", "usable": false, "reasons": ["undriven_commands", "rejected_commands", "skipped_commands", "crown_mismatch"], "seconds": 3.5}
{"index": 78, "tag": "877aebf867c646ffae7ff4d883c9e5a0", "usable": false, "reasons": ["undriven_commands", "rejected_commands", "skipped_commands"], "seconds": 4.29}
{"index": 79, "tag": "88fdfed7c878442b813ad7ec28865522", "usable": true, "reasons": [], "seconds": 7.29}
{"index": 80, "tag": "89170b08166b45f9a224365d7a5657fd", "usable": true, "reasons": [], "seconds": 11.41}
{"index": 81, "tag": "8af66b53f9e347aaa813b9998c3fedaa", "usable": false, "reasons": ["undriven_commands", "rejected_commands", "skipped_commands", "crown_mismatch"], "seconds": 3.43}
{"index": 82, "tag": "8ca3b501f4cc4ec8a15648370e28cc63", "usable": true, "reasons": [], "seconds": 6.77}
{"index": 83, "tag": "8f287422a7944fe88bd671af4f848d62", "usable": false, "reasons": ["rejected_commands", "crown_mismatch"], "seconds": 4.0}
{"index": 84, "tag": "8f2e53307aba4dc8ab2a6d7653397e80", "usable": false, "reasons": ["undriven_commands", "rejected_commands", "skipped_commands"], "seconds": 5.88}
{"index": 85, "tag": "91ee15fcdad14930a71b46efc7f1d082", "usable": false, "reasons": ["undriven_commands", "rejected_commands", "skipped_commands"], "seconds": 1.62}
{"index": 86, "tag": "924702e1ab994e19be81dfbac101f5b2", "usable": true, "reasons": [], "seconds": 5.44}
{"index": 87, "tag": "9427dd3582294d2abbeff8eb27247737", "usable": true, "reasons": [], "seconds": 6.83}
{"index": 88, "tag": "97cbb6b5f94b4e5bbb4b944ff3b8d6b1", "usable": false, "reasons": ["undriven_commands", "skipped_commands"], "seconds": 6.71}
{"index": 89, "tag": "98504ee4d78c4b84853a4b4907fad1db", "usable": true, "reasons": [], "seconds": 3.76}
{"index": 90, "tag": "99245605759040deb5ac5f70eac81b66", "usable": true, "reasons": [], "seconds": 14.73}
{"index": 91, "tag": "9ff5b8e7949d41f29657ac60db1b9f00", "usable": true, "reasons": [], "seconds": 6.97}
{"index": 92, "tag": "a11cb21ba6324d39ace590b6b989922f", "usable": false, "reasons": ["rejected_commands", "crown_mismatch"], "seconds": 4.65}
{"index": 93, "tag": "a2652dfe5d73461a9ec108652ad1c2fa", "usable": false, "reasons": ["rejected_commands"], "seconds": 7.42}
{"index": 94, "tag": "a3d3fe34595f46f98edebaad0904269b", "usable": true, "reasons": [], "seconds": 3.61}
{"index": 95, "tag": "a42592796c424ee697b1022b5784895b", "usable": true, "reasons": [], "seconds": 7.53}
{"index": 96, "tag": "a584dac6636447aa924b6329e084c7f1", "usable": true, "reasons": [], "seconds": 1.48}
{"index": 97, "tag": "a889defd83bd4a7ab00385da5acb6ee6", "usable": true, "reasons": [], "seconds": 2.2}
{"index": 98, "tag": "a9508e5e17fd4ac8a787eaab8496f50b", "usable": false, "reasons": ["undriven_commands", "rejected_commands", "skipped_commands", "crown_mismatch"], "seconds": 2.96}
{"index": 99, "tag": "aaf81e8bcac0403d89adec9f444226eb", "usable": true, "reasons": [], "seconds": 6.52}
{"index": 100, "tag": "acb8a793ac4d467e8aca001a846a4bcc", "usable": false, "reasons": ["rejected_commands"], "seconds": 14.57}
{"index": 101, "tag": "b0b2d5a4ab22467ebfd4cd12673e59f0", "usable": true, "reasons": [], "seconds": 5.48}
{"index": 102, "tag": "b1e3c6b0cc584a9a968f9e64fa47825d", "usable": true, "reasons": [], "seconds": 2.94}
{"index": 103, "tag": "b224463b3ff34e8f885ce06703033cbb", "usable": true, "reasons": [], "seconds": 2.61}
{"index": 104, "tag": "b3ad1419424a4db79b84a0676a77e4a9", "usable": true, "reasons": [], "seconds": 7.21}
{"index": 105, "tag": "b485911b0f0d42508b827650f3dfa248", "usable": false, "reasons": ["rejected_commands", "crown_mismatch"], "seconds": 4.11}
{"index": 106, "tag": "b66a7949bd60428dac09407012d84674", "usable": false, "reasons": ["crown_mismatch"], "seconds": 4.17}
{"index": 107, "tag": "b8426d420aee466a83338e6bd1c34b2c", "usable": true, "reasons": [], "seconds": 6.8}
{"index": 108, "tag": "bb953f7e10214949b482c9151adacc32", "usable": true, "reasons": [], "seconds": 4.47}
{"index": 109, "tag": "bd28df2aac2343278962c7d8f93d2e50", "usable": false, "reasons": ["crown_mismatch"], "seconds": 7.05}
{"index": 110, "tag": "be958deefe5a46ae859d8b10c14a2087", "usable": false, "reasons": ["undriven_commands", "rejected_commands", "skipped_commands", "crown_mismatch"], "seconds": 11.37}
{"index": 111, "tag": "c02730f55b924c37ba5a82c70f9c7b07", "usable": false, "reasons": ["crown_mismatch"], "seconds": 6.3}
{"index": 112, "tag": "c225b97964804aed94a02b9794fa8beb", "usable": true, "reasons": [], "seconds": 6.81}
{"index": 113, "tag": "c4922ad823824a9aa7c4516801a52bec", "usable": true, "reasons": [], "seconds": 4.69}
{"index": 114, "tag": "c4cf2d38a96240fc957708abce6c159b", "usable": false, "reasons": ["undriven_commands", "rejected_commands", "skipped_commands"], "seconds": 3.4}
{"index": 115, "tag": "c848be440ab045e99adeda6277a8f4c2", "usable": false, "reasons": ["undriven_commands", "rejected_commands", "skipped_commands"], "seconds": 3.32}
{"index": 116, "tag": "c8947d53adfc4f71ba0586c9c8c30a10", "usable": false, "reasons": ["undriven_commands", "rejected_commands", "skipped_commands", "crown_mismatch"], "seconds": 3.45}
{"index": 117, "tag": "c8b574c234d64552999c588d5b766792", "usable": false, "reasons": ["rejected_commands"], "seconds": 7.56}
{"index": 118, "tag": "c90dc96d02d141cb8986ab5f0d40c465", "usable": false, "reasons": ["crown_mismatch"], "seconds": 3.64}
{"index": 119, "tag": "c949e62bdb5946b8bd51eec235f02ede", "usable": false, "reasons": ["undriven_commands", "rejected_commands", "skipped_commands"], "seconds": 7.19}
{"index": 120, "tag": "cbe9b9e086d040aeb78612d43bdbf453", "usable": true, "reasons": [], "seconds": 14.21}
{"index": 121, "tag": "cc5d306ec1a544daa33dfafd4121f5be", "usable": false, "reasons": ["crown_mismatch"], "seconds": 3.13}
{"index": 122, "tag": "cd1ac5db265e4349a424d90efdadb6ab", "usable": false, "reasons": ["crown_mismatch"], "seconds": 6.83}
{"index": 123, "tag": "cd259d6944b64330b2b9bc044b917b75", "usable": false, "reasons": ["crown_mismatch"], "seconds": 5.73}
{"index": 124, "tag": "cf58ba065f6e462ca027486bc2b37531", "usable": true, "reasons": [], "seconds": 4.99}
{"index": 125, "tag": "cff95751b1684ea88f0b5809fb737e93", "usable": false, "reasons": ["undriven_commands", "rejected_commands", "skipped_commands", "crown_mismatch"], "seconds": 5.22}
{"index": 126, "tag": "d0ba63315ad7458ba169f1ed46df3924", "usable": false, "reasons": ["crown_mismatch"], "seconds": 3.59}
{"index": 127, "tag": "d169c30339fb463abcfcdabfb5c53c8d", "usable": false, "reasons": ["undriven_commands", "skipped_commands"], "seconds": 5.17}
{"index": 128, "tag": "d382035ac9a64175897ab8a71c4ddce4", "usable": false, "reasons": ["undriven_commands", "rejected_commands", "skipped_commands", "crown_mismatch"], "seconds": 5.3}
{"index": 129, "tag": "d43f9316080d48a0916138d2c70d11a3", "usable": false, "reasons": ["rejected_commands", "crown_mismatch"], "seconds": 5.3}
{"index": 130, "tag": "d464d55efa444efab6a6a75e694d5bdb", "usable": true, "reasons": [], "seconds": 7.91}
{"index": 131, "tag": "d48f923bdd344a15bdbda25a655e4818", "usable": true, "reasons": [], "seconds": 3.79}
{"index": 132, "tag": "d527d55826174eb690948962ff47433b", "usable": true, "reasons": [], "seconds": 4.13}
{"index": 133, "tag": "d742d9a3856e4615b5ad092a382c59b6", "usable": false, "reasons": ["undriven_commands", "rejected_commands", "skipped_commands"], "seconds": 3.7}
{"index": 134, "tag": "d746eddf56c240968e51baa362a82991", "usable": true, "reasons": [], "seconds": 4.91}
{"index": 135, "tag": "d8c58c2b433342b5bcab2398f3a229ca", "usable": false, "reasons": ["undriven_commands", "skipped_commands"], "seconds": 6.09}
{"index": 136, "tag": "d9bd4e3449124192a32e1dbc628d492c", "usable": false, "reasons": ["undriven_commands", "rejected_commands", "skipped_commands", "crown_mismatch"], "seconds": 3.63}
{"index": 137, "tag": "de1f0be2d15e4667a4b07818edc138a7", "usable": false, "reasons": ["undriven_commands", "rejected_commands", "skipped_commands", "crown_mismatch"], "seconds": 6.65}
{"index": 138, "tag": "de448754ddde46cc90ed9b89d28082f8", "usable": true, "reasons": [], "seconds": 7.56}
{"index": 139, "tag": "df53d2b014ad4379b6d132e9835615c1", "usable": false, "reasons": ["rejected_commands"], "seconds": 5.57}
{"index": 140, "tag": "e27a876a33cb4f6ea71a4f277af55bec", "usable": true, "reasons": [], "seconds": 13.96}
{"index": 141, "tag": "e5762a068cd944f282da509ff6897d14", "usable": false, "reasons": ["undriven_commands", "rejected_commands", "skipped_commands"], "seconds": 5.71}
{"index": 142, "tag": "e64c2a2fc35742388d6487e2504be106", "usable": true, "reasons": [], "seconds": 2.13}
{"index": 143, "tag": "e6a8072d48a644a6bff64c87fd3d5b18", "usable": true, "reasons": [], "seconds": 7.39}
{"index": 144, "tag": "e858bee960234bc8af8b485e67cce092", "usable": true, "reasons": [], "seconds": 5.52}
{"index": 145, "tag": "e90160a2c22f4764b76d7dd2160046ca", "usable": true, "reasons": [], "seconds": 6.28}
{"index": 146, "tag": "e917eb783ada4727b08eb050facba97a", "usable": true, "reasons": [], "seconds": 7.37}
{"index": 147, "tag": "e9d7d5f4689e4902b67c12fe2874d471", "usable": false, "reasons": ["undriven_commands", "rejected_commands", "skipped_commands", "crown_mismatch"], "seconds": 1.12}
{"index": 148, "tag": "eb0e603f52ad4ccfb45be4c7d1512309", "usable": false, "reasons": ["undriven_commands", "rejected_commands", "skipped_commands", "crown_mismatch"], "seconds": 3.41}
{"index": 149, "tag": "eb10135e86f645b19b4cc14e4c82f2b2", "usable": true, "reasons": [], "seconds": 5.32}
{"index": 150, "tag": "ef5b178b49a644c9a3d6fd5afd6dc360", "usable": false, "reasons": ["undriven_commands", "rejected_commands", "skipped_commands", "crown_mismatch"], "seconds": 7.25}
{"index": 151, "tag": "f14c0e22682049d9a5286791a7345c33", "usable": false, "reasons": ["rejected_commands", "crown_mismatch"], "seconds": 6.65}
{"index": 152, "tag": "f33c8074ed43437aa796805403215085", "usable": false, "reasons": ["crown_mismatch"], "seconds": 5.66}
{"index": 153, "tag": "f407974c05eb4b3495d71e674059ea3f", "usable": true, "reasons": [], "seconds": 7.2}
{"index": 154, "tag": "f4fea504b07942bc856df4443f4f6f5e", "usable": false, "reasons": ["undriven_commands", "rejected_commands", "skipped_commands", "crown_mismatch"], "seconds": 3.1}
{"index": 155, "tag": "f6284757db38417a9c23c3bd139e334c", "usable": true, "reasons": [], "seconds": 7.15}
{"index": 156, "tag": "f68b8e84e45f45b382831489c3c90465", "usable": true, "reasons": [], "seconds": 6.58}
{"index": 157, "tag": "f78229c994f94e348164fbb60897c08e", "usable": true, "reasons": [], "seconds": 6.66}
{"index": 158, "tag": "f8158e8fb0df425987ac99750969bd0d", "usable": false, "reasons": ["crown_mismatch"], "seconds": 7.38}
{"index": 159, "tag": "f966736cef974f65a1b6f8e034737e46", "usable": false, "reasons": ["crown_mismatch"], "seconds": 3.39}
{"index": 160, "tag": "fc327c9941d4490b9acc7f801e662e25", "usable": true, "reasons": [], "seconds": 12.79}
{"index": 161, "tag": "ff967e6be8f24bd080d65f9a2b4c23dd", "usable": true, "reasons": [], "seconds": 6.16}
CORRECTED_ICEBOW_COLLECTION_COMPLETE
