{"index": 0, "tag": "fa25595b6e7748e0bd66912242515f97", "ok": true, "seconds": 65.61, "error": null}
{"index": 1, "tag": "feeb08dc32bc446182a06d0f7767d4ea", "ok": true, "seconds": 54.31, "error": null}
{"index": 2, "tag": "26c8bfe911b84feb9f36bc645227f659", "ok": true, "seconds": 39.72, "error": null}
{"index": 3, "tag": "f073d36c761945f5878de6e0b72d2d8d", "ok": true, "seconds": 57.99, "error": null}
{"index": 4, "tag": "d867d62934d34472a06042cff4ad1a88", "ok": true, "seconds": 63.73, "error": null}
{"index": 5, "tag": "0bf4641e93a443a99bc67374d659b291", "ok": true, "seconds": 145.57, "error": null}
{"index": 6, "tag": "1bd5962de052494294917c0b9b5a8c42", "ok": true, "seconds": 70.34, "error": null}
{"index": 7, "tag": "b10b030e29fb47918b91faea867b89a0", "ok": true, "seconds": 39.79, "error": null}
{"index": 8, "tag": "02VY8G2PJ2CP", "ok": true, "seconds": 44.87, "error": null}
{"index": 9, "tag": "72980254d24c456997c8f1e02d121985", "ok": true, "seconds": 33.72, "error": null}
{"index": 10, "tag": "09G8U0PCGJJL", "ok": true, "seconds": 108.96, "error": null}
{"index": 11, "tag": "112831c6755f47e6bfee870f9a09b6fc", "ok": true, "seconds": 44.05, "error": null}
{"index": 12, "tag": "00UYPL99P28R", "ok": true, "seconds": 47.96, "error": null}
{"index": 13, "tag": "08JPVJUUVGP9", "ok": true, "seconds": 45.83, "error": null}
{"index": 14, "tag": "09G9JUPP0R2C", "ok": true, "seconds": 29.3, "error": null}
{"index": 15, "tag": "d9f06cd6721c4a84a3514350c41c41e0", "ok": true, "seconds": 92.8, "error": null}
{"index": 16, "tag": "092PPVPUY8PG", "ok": true, "seconds": 40.2, "error": null}
{"index": 17, "tag": "08UPPVRY0P2V", "ok": true, "seconds": 46.36, "error": null}
{"index": 18, "tag": "08YY89UC20R2", "ok": true, "seconds": 52.84, "error": null}
{"index": 19, "tag": "02GY9GRGYG0Q", "ok": true, "seconds": 45.89, "error": null}
NATIVE_CAPTURE_V2_PREFLIGHT_PASS
