CURRICULUM_UPDATE 1 full_budget_v5 ELIGIBLE 64 17703 WLD 35 29 0 STOP []
CURRICULUM_UPDATE 1 late_budget_v5 ELIGIBLE 14 703 WLD 35 29 0 STOP []
CURRICULUM_UPDATE 2 full_budget_v5 ELIGIBLE 64 18423 WLD 38 26 0 STOP []
CURRICULUM_UPDATE 2 late_budget_v5 ELIGIBLE 19 980 WLD 38 26 0 STOP []
CURRICULUM_UPDATE 3 full_budget_v5 ELIGIBLE 64 18433 WLD 41 23 0 STOP []
CURRICULUM_UPDATE 3 late_budget_v5 ELIGIBLE 20 892 WLD 41 23 0 STOP []
CURRICULUM_UPDATE 4 full_budget_v5 ELIGIBLE 64 17294 WLD 39 25 0 STOP []
CURRICULUM_UPDATE 4 late_budget_v5 ELIGIBLE 14 611 WLD 39 25 0 STOP []
CURRICULUM_UPDATE 5 full_budget_v5 ELIGIBLE 64 18363 WLD 40 24 0 STOP []
CURRICULUM_UPDATE 5 late_budget_v5 ELIGIBLE 18 920 WLD 40 24 0 STOP []
CURRICULUM_UPDATE 6 full_budget_v5 ELIGIBLE 64 18181 WLD 30 34 0 STOP []
CURRICULUM_UPDATE 6 late_budget_v5 ELIGIBLE 19 923 WLD 30 34 0 STOP []
CURRICULUM_UPDATE 7 full_budget_v5 ELIGIBLE 64 18350 WLD 37 27 0 STOP []
CURRICULUM_UPDATE 7 late_budget_v5 ELIGIBLE 17 792 WLD 42 22 0 STOP []
CURRICULUM_UPDATE 8 full_budget_v5 ELIGIBLE 64 18079 WLD 31 33 0 STOP []
CURRICULUM_UPDATE 8 late_budget_v5 ELIGIBLE 20 811 WLD 39 25 0 STOP []
CURRICULUM_UPDATE 9 full_budget_v5 ELIGIBLE 64 18248 WLD 32 32 0 STOP []
CURRICULUM_UPDATE 9 late_budget_v5 ELIGIBLE 16 646 WLD 32 32 0 STOP []
CURRICULUM_UPDATE 10 full_budget_v5 ELIGIBLE 64 18091 WLD 24 40 0 STOP []
CURRICULUM_UPDATE 10 late_budget_v5 ELIGIBLE 21 873 WLD 32 32 0 STOP []
CURRICULUM_UPDATE 11 full_budget_v5 ELIGIBLE 64 17149 WLD 29 35 0 STOP []
CURRICULUM_UPDATE 11 late_budget_v5 ELIGIBLE 19 993 WLD 34 30 0 STOP []
CURRICULUM_UPDATE 12 full_budget_v5 ELIGIBLE 64 18001 WLD 36 28 0 STOP []
CURRICULUM_UPDATE 12 late_budget_v5 ELIGIBLE 20 947 WLD 33 31 0 STOP []
CURRICULUM_UPDATE 13 full_budget_v5 ELIGIBLE 64 18363 WLD 36 28 0 STOP []
CURRICULUM_UPDATE 13 late_budget_v5 ELIGIBLE 18 874 WLD 32 32 0 STOP []
CURRICULUM_UPDATE 14 full_budget_v5 ELIGIBLE 64 18933 WLD 32 32 0 STOP []
CURRICULUM_UPDATE 14 late_budget_v5 ELIGIBLE 20 956 WLD 31 33 0 STOP []
CURRICULUM_UPDATE 15 full_budget_v5 ELIGIBLE 64 19216 WLD 34 30 0 STOP []
CURRICULUM_UPDATE 15 late_budget_v5 ELIGIBLE 24 934 WLD 28 36 0 STOP []
CURRICULUM_UPDATE 16 full_budget_v5 ELIGIBLE 64 19011 WLD 40 24 0 STOP []
CURRICULUM_UPDATE 16 late_budget_v5 ELIGIBLE 17 812 WLD 29 35 0 STOP []
LATE_CURRICULUM_TRAINED
C:\Users\benpe\ClashBot\pipeline\model_v3.py:92: UserWarning: enable_nested_tensor is True, but self.use_nested_tensor is False because encoder_layer.norm_first was True
  self.encoder = nn.TransformerEncoder(enc, layers)
C:\Users\benpe\ClashBot\pipeline\model_v3.py:92: UserWarning: enable_nested_tensor is True, but self.use_nested_tensor is False because encoder_layer.norm_first was True
  self.encoder = nn.TransformerEncoder(enc, layers)
