TRAIN static_public 2026101200 100 1.2263619899749756
TRAIN static_public 2026101200 200 0.7310978174209595
TRAIN static_public 2026101200 300 0.5408354997634888
TRAIN static_public 2026101200 400 0.3081185817718506
TRAIN static_public 2026101200 500 0.21834005415439606
TRAIN static_public 2026101200 600 0.16098830103874207
TRAIN static_public 2026101200 700 0.09341708570718765
TRAIN static_public 2026101200 800 0.07783887535333633
TRAIN static_public 2026101200 900 0.08160851895809174
TRAIN static_public 2026101200 1000 0.15266239643096924
TRAIN motion_public 2026101200 100 1.2344403266906738
TRAIN motion_public 2026101200 200 0.7655422687530518
TRAIN motion_public 2026101200 300 0.567509114742279
TRAIN motion_public 2026101200 400 0.3294091522693634
TRAIN motion_public 2026101200 500 0.2229783684015274
TRAIN motion_public 2026101200 600 0.15881337225437164
TRAIN motion_public 2026101200 700 0.08694395422935486
TRAIN motion_public 2026101200 800 0.07837248593568802
TRAIN motion_public 2026101200 900 0.07480645179748535
TRAIN motion_public 2026101200 1000 0.09008188545703888
TRAIN static_public 2026101201 100 1.1763501167297363
TRAIN static_public 2026101201 200 0.5828644633293152
TRAIN static_public 2026101201 300 0.5349819660186768
TRAIN static_public 2026101201 400 0.3748582899570465
TRAIN static_public 2026101201 500 0.26363760232925415
TRAIN static_public 2026101201 600 0.1379111260175705
TRAIN static_public 2026101201 700 0.12205473333597183
TRAIN static_public 2026101201 800 0.09072381258010864
TRAIN static_public 2026101201 900 0.056780681014060974
TRAIN static_public 2026101201 1000 0.04632868990302086
TRAIN motion_public 2026101201 100 1.1871825456619263
TRAIN motion_public 2026101201 200 0.6078077554702759
TRAIN motion_public 2026101201 300 0.5712317228317261
TRAIN motion_public 2026101201 400 0.4038541316986084
TRAIN motion_public 2026101201 500 0.29379427433013916
TRAIN motion_public 2026101201 600 0.13992206752300262
TRAIN motion_public 2026101201 700 0.1343134492635727
TRAIN motion_public 2026101201 800 0.07630977779626846
TRAIN motion_public 2026101201 900 0.055445387959480286
TRAIN motion_public 2026101201 1000 0.03414792940020561
TRAIN static_public 2026101202 100 1.2085398435592651
TRAIN static_public 2026101202 200 0.5865471363067627
TRAIN static_public 2026101202 300 0.4646559953689575
TRAIN static_public 2026101202 400 0.38933977484703064
TRAIN static_public 2026101202 500 0.1873854249715805
TRAIN static_public 2026101202 600 0.14325568079948425
TRAIN static_public 2026101202 700 0.09470590949058533
TRAIN static_public 2026101202 800 0.03166499733924866
TRAIN static_public 2026101202 900 0.060594554990530014
TRAIN static_public 2026101202 1000 0.08446067571640015
TRAIN motion_public 2026101202 100 1.2118051052093506
TRAIN motion_public 2026101202 200 0.612726092338562
TRAIN motion_public 2026101202 300 0.4918973445892334
TRAIN motion_public 2026101202 400 0.43039602041244507
TRAIN motion_public 2026101202 500 0.2264617383480072
TRAIN motion_public 2026101202 600 0.1701216846704483
TRAIN motion_public 2026101202 700 0.07643608748912811
TRAIN motion_public 2026101202 800 0.03863494470715523
TRAIN motion_public 2026101202 900 0.07585188001394272
TRAIN motion_public 2026101202 1000 0.07517988979816437
IMPACT_LEARNING_TRAINED
