Traceback (most recent call last):
  File "C:\Users\benpe\ClashBot\scratchpad\gauntlet\L72\improvement_loop\development_gameplay_1\prepare.py", line 30, in <module>
    if __name__=='__main__':main()
                            ~~~~^^
  File "C:\Users\benpe\ClashBot\scratchpad\gauntlet\L72\improvement_loop\development_gameplay_1\prepare.py", line 5, in main
    OUT.mkdir();bound=sources();stamp,S,runners=initialize()
                                                ~~~~~~~~~~^^
  File "C:\Users\benpe\ClashBot\scratchpad\gauntlet\L72\improvement_loop\development_gameplay_1\common.py", line 23, in initialize
    stamp=activate()
  File "C:\Users\benpe\ClashBot\pipeline\royale_runtime.py", line 57, in activate
    importlib.import_module("royalegym")
    ~~~~~~~~~~~~~~~~~~~~~~~^^^^^^^^^^^^^
  File "C:\Users\benpe\AppData\Local\Programs\Python\Python313\Lib\importlib\__init__.py", line 88, in import_module
    return _bootstrap._gcd_import(name[level:], package, level)
           ~~~~~~~~~~~~~~~~~~~~~~^^^^^^^^^^^^^^^^^^^^^^^^^^^^^^
  File "<frozen importlib._bootstrap>", line 1395, in _gcd_import
  File "<frozen importlib._bootstrap>", line 1360, in _find_and_load
  File "<frozen importlib._bootstrap>", line 1331, in _find_and_load_unlocked
  File "<frozen importlib._bootstrap>", line 935, in _load_unlocked
  File "<frozen importlib._bootstrap_external>", line 1023, in exec_module
  File "<frozen importlib._bootstrap>", line 488, in _call_with_frames_removed
  File "C:\Users\benpe\ClashBot\research\ext\Royale-20261005\runtime\royalegym\__init__.py", line 39, in <module>
    from .action import ActionParser, HalfTileActionParser, PlacementOracle, TileActionParser
  File "C:\Users\benpe\ClashBot\research\ext\Royale-20261005\runtime\royalegym\action.py", line 86, in <module>
    from gymnasium import spaces
ModuleNotFoundError: No module named 'gymnasium'
