1/192 r1e gen 2026100500 win
2/192 ordinary_v5 gen 2026100500 loss
3/192 ordinary_v6 gen 2026100500 loss
4/192 r1e gen 2026100501 loss
5/192 ordinary_v5 gen 2026100501 loss
6/192 ordinary_v6 gen 2026100501 win
7/192 r1e gen 2026100502 loss
8/192 ordinary_v5 gen 2026100502 loss
9/192 ordinary_v6 gen 2026100502 loss
10/192 r1e gen 2026100503 loss
11/192 ordinary_v5 gen 2026100503 loss
12/192 ordinary_v6 gen 2026100503 loss
13/192 r1e gen 2026100504 win
14/192 ordinary_v5 gen 2026100504 win
15/192 ordinary_v6 gen 2026100504 win
16/192 r1e gen 2026100505 win
17/192 ordinary_v5 gen 2026100505 loss
18/192 ordinary_v6 gen 2026100505 loss
19/192 r1e gen 2026100506 loss
20/192 ordinary_v5 gen 2026100506 loss
21/192 ordinary_v6 gen 2026100506 loss
22/192 r1e gen 2026100507 loss
23/192 ordinary_v5 gen 2026100507 loss
24/192 ordinary_v6 gen 2026100507 loss
25/192 r1e gen 2026100508 win
26/192 ordinary_v5 gen 2026100508 win
27/192 ordinary_v6 gen 2026100508 win
28/192 r1e gen 2026100509 win
29/192 ordinary_v5 gen 2026100509 win
30/192 ordinary_v6 gen 2026100509 win
31/192 r1e gen 2026100510 loss
32/192 ordinary_v5 gen 2026100510 win
33/192 ordinary_v6 gen 2026100510 win
34/192 r1e gen 2026100511 win
35/192 ordinary_v5 gen 2026100511 win
36/192 ordinary_v6 gen 2026100511 win
37/192 r1e gen 2026100512 loss
38/192 ordinary_v5 gen 2026100512 loss
39/192 ordinary_v6 gen 2026100512 loss
40/192 r1e gen 2026100513 loss
41/192 ordinary_v5 gen 2026100513 loss
42/192 ordinary_v6 gen 2026100513 loss
43/192 r1e gen 2026100514 loss
44/192 ordinary_v5 gen 2026100514 loss
45/192 ordinary_v6 gen 2026100514 loss
46/192 r1e gen 2026100515 win
47/192 ordinary_v5 gen 2026100515 loss
48/192 ordinary_v6 gen 2026100515 loss
49/192 r1e gen 2026100516 win
50/192 ordinary_v5 gen 2026100516 win
51/192 ordinary_v6 gen 2026100516 win
52/192 r1e gen 2026100517 loss
53/192 ordinary_v5 gen 2026100517 loss
54/192 ordinary_v6 gen 2026100517 loss
55/192 r1e gen 2026100518 win
56/192 ordinary_v5 gen 2026100518 win
57/192 ordinary_v6 gen 2026100518 loss
58/192 r1e gen 2026100519 loss
59/192 ordinary_v5 gen 2026100519 loss
60/192 ordinary_v6 gen 2026100519 loss
61/192 r1e gen 2026100520 win
62/192 ordinary_v5 gen 2026100520 win
63/192 ordinary_v6 gen 2026100520 win
64/192 r1e gen 2026100521 loss
65/192 ordinary_v5 gen 2026100521 win
66/192 ordinary_v6 gen 2026100521 win
67/192 r1e gen 2026100522 win
68/192 ordinary_v5 gen 2026100522 loss
69/192 ordinary_v6 gen 2026100522 loss
70/192 r1e gen 2026100523 loss
71/192 ordinary_v5 gen 2026100523 loss
72/192 ordinary_v6 gen 2026100523 loss
73/192 r1e gen 2026100524 win
74/192 ordinary_v5 gen 2026100524 win
75/192 ordinary_v6 gen 2026100524 loss
76/192 r1e gen 2026100525 loss
77/192 ordinary_v5 gen 2026100525 loss
78/192 ordinary_v6 gen 2026100525 loss
79/192 r1e gen 2026100526 loss
80/192 ordinary_v5 gen 2026100526 win
81/192 ordinary_v6 gen 2026100526 win
82/192 r1e gen 2026100527 win
83/192 ordinary_v5 gen 2026100527 win
84/192 ordinary_v6 gen 2026100527 loss
85/192 r1e gen 2026100528 loss
86/192 ordinary_v5 gen 2026100528 loss
87/192 ordinary_v6 gen 2026100528 loss
88/192 r1e gen 2026100529 win
89/192 ordinary_v5 gen 2026100529 win
90/192 ordinary_v6 gen 2026100529 loss
91/192 r1e gen 2026100530 win
92/192 ordinary_v5 gen 2026100530 loss
93/192 ordinary_v6 gen 2026100530 loss
94/192 r1e gen 2026100531 loss
95/192 ordinary_v5 gen 2026100531 win
96/192 ordinary_v6 gen 2026100531 win
97/192 r1e s1 2026100500 win
98/192 ordinary_v5 s1 2026100500 win
99/192 ordinary_v6 s1 2026100500 win
100/192 r1e s1 2026100501 win
101/192 ordinary_v5 s1 2026100501 win
102/192 ordinary_v6 s1 2026100501 win
103/192 r1e s1 2026100502 win
104/192 ordinary_v5 s1 2026100502 loss
105/192 ordinary_v6 s1 2026100502 loss
106/192 r1e s1 2026100503 win
107/192 ordinary_v5 s1 2026100503 win
108/192 ordinary_v6 s1 2026100503 win
109/192 r1e s1 2026100504 win
110/192 ordinary_v5 s1 2026100504 win
111/192 ordinary_v6 s1 2026100504 win
112/192 r1e s1 2026100505 win
113/192 ordinary_v5 s1 2026100505 loss
114/192 ordinary_v6 s1 2026100505 loss
115/192 r1e s1 2026100506 win
116/192 ordinary_v5 s1 2026100506 loss
117/192 ordinary_v6 s1 2026100506 win
118/192 r1e s1 2026100507 win
119/192 ordinary_v5 s1 2026100507 win
120/192 ordinary_v6 s1 2026100507 win
121/192 r1e s1 2026100508 win
122/192 ordinary_v5 s1 2026100508 win
123/192 ordinary_v6 s1 2026100508 win
124/192 r1e s1 2026100509 win
125/192 ordinary_v5 s1 2026100509 win
126/192 ordinary_v6 s1 2026100509 win
127/192 r1e s1 2026100510 win
128/192 ordinary_v5 s1 2026100510 win
129/192 ordinary_v6 s1 2026100510 win
130/192 r1e s1 2026100511 win
131/192 ordinary_v5 s1 2026100511 win
132/192 ordinary_v6 s1 2026100511 win
133/192 r1e s1 2026100512 win
134/192 ordinary_v5 s1 2026100512 win
135/192 ordinary_v6 s1 2026100512 win
136/192 r1e s1 2026100513 win
137/192 ordinary_v5 s1 2026100513 win
138/192 ordinary_v6 s1 2026100513 win
139/192 r1e s1 2026100514 win
140/192 ordinary_v5 s1 2026100514 win
141/192 ordinary_v6 s1 2026100514 win
142/192 r1e s1 2026100515 win
143/192 ordinary_v5 s1 2026100515 win
144/192 ordinary_v6 s1 2026100515 win
145/192 r1e s1 2026100516 win
146/192 ordinary_v5 s1 2026100516 win
147/192 ordinary_v6 s1 2026100516 loss
148/192 r1e s1 2026100517 win
149/192 ordinary_v5 s1 2026100517 win
150/192 ordinary_v6 s1 2026100517 win
151/192 r1e s1 2026100518 loss
152/192 ordinary_v5 s1 2026100518 win
153/192 ordinary_v6 s1 2026100518 win
154/192 r1e s1 2026100519 win
155/192 ordinary_v5 s1 2026100519 win
156/192 ordinary_v6 s1 2026100519 win
157/192 r1e s1 2026100520 win
158/192 ordinary_v5 s1 2026100520 win
159/192 ordinary_v6 s1 2026100520 win
160/192 r1e s1 2026100521 win
161/192 ordinary_v5 s1 2026100521 win
162/192 ordinary_v6 s1 2026100521 win
163/192 r1e s1 2026100522 loss
164/192 ordinary_v5 s1 2026100522 win
165/192 ordinary_v6 s1 2026100522 win
166/192 r1e s1 2026100523 win
167/192 ordinary_v5 s1 2026100523 win
168/192 ordinary_v6 s1 2026100523 win
169/192 r1e s1 2026100524 win
170/192 ordinary_v5 s1 2026100524 win
171/192 ordinary_v6 s1 2026100524 win
172/192 r1e s1 2026100525 win
173/192 ordinary_v5 s1 2026100525 win
174/192 ordinary_v6 s1 2026100525 win
175/192 r1e s1 2026100526 win
176/192 ordinary_v5 s1 2026100526 win
177/192 ordinary_v6 s1 2026100526 win
178/192 r1e s1 2026100527 win
179/192 ordinary_v5 s1 2026100527 win
180/192 ordinary_v6 s1 2026100527 win
181/192 r1e s1 2026100528 win
182/192 ordinary_v5 s1 2026100528 loss
183/192 ordinary_v6 s1 2026100528 loss
184/192 r1e s1 2026100529 win
185/192 ordinary_v5 s1 2026100529 win
186/192 ordinary_v6 s1 2026100529 win
187/192 r1e s1 2026100530 win
188/192 ordinary_v5 s1 2026100530 win
189/192 ordinary_v6 s1 2026100530 win
190/192 r1e s1 2026100531 win
191/192 ordinary_v5 s1 2026100531 win
192/192 ordinary_v6 s1 2026100531 win
DEVELOPMENT_GAMEPLAY_COLLECTION_COMPLETE
C:\Users\benpe\ClashBot\pipeline\model_v3.py:92: UserWarning: enable_nested_tensor is True, but self.use_nested_tensor is False because encoder_layer.norm_first was True
  self.encoder = nn.TransformerEncoder(enc, layers)
