Traceback (most recent call last):
  File "C:\Users\benpe\ClashBot\scratchpad\gauntlet\L72\improvement_loop\deal_recovery\run_training.py", line 117, in <module>
    if __name__=='__main__':main()
                            ~~~~^^
  File "C:\Users\benpe\ClashBot\scratchpad\gauntlet\L72\improvement_loop\deal_recovery\run_training.py", line 69, in main
    rec=driver.drive(item['tag'],port=38031,seed=item['seed'],level=item['level'],
        elixir_slack=40,tail_cap=7200,run_label=f'l72_deal_training_{attempt}',
        verbose=False,record_every=10,record_full=True,record_plays=True,
        drive_abilities=True,record_native=True,record_public_objects=True)
  File "C:\Users\benpe\ClashBot\research\sandbox_tools\replay_drive.py", line 460, in drive
    final = order_a
    
  File "C:\Users\benpe\ClashBot\scratchpad\gauntlet\L72\improvement_loop\deal_recovery\driver_patch.py", line 52, in recover
    return resolve(decks,sequence(decks,plays),reset)
  File "C:\Users\benpe\ClashBot\scratchpad\gauntlet\L72\improvement_loop\deal_recovery\solver.py", line 54, in resolve
    state,positions=reset(order)
                    ~~~~~^^^^^^^
  File "C:\Users\benpe\ClashBot\scratchpad\gauntlet\L72\improvement_loop\deal_recovery\driver_patch.py", line 51, in reset
    return state,positions(state)
                 ~~~~~~~~~^^^^^^^
  File "C:\Users\benpe\ClashBot\scratchpad\gauntlet\L72\improvement_loop\deal_recovery\driver_patch.py", line 35, in positions
    assert int(state['tick'])==0
           ^^^^^^^^^^^^^^^^^^^^^
AssertionError
