{"index": 0, "tag": "c213333047224951b1cc662b0cbe82f7", "usable": true, "reasons": [], "seconds": 9.87}
{"index": 1, "tag": "96915e3e051343b8a8866e0219144f52", "usable": false, "reasons": ["undriven_commands", "skipped_commands"], "seconds": 4.03}
{"index": 2, "tag": "c63c15e115ba4392b800a814707508d8", "usable": true, "reasons": [], "seconds": 4.37}
{"index": 3, "tag": "f3dc995a17124da1bfde0c09883a0d09", "usable": true, "reasons": [], "seconds": 3.67}
{"index": 4, "tag": "c159632f7bfe44269b9f30bd897474d6", "usable": true, "reasons": [], "seconds": 7.2}
{"index": 5, "tag": "be75f18d95614724a5c5edd60e5079f1", "usable": false, "reasons": ["undriven_commands", "rejected_commands", "skipped_commands", "crown_mismatch"], "seconds": 2.4}
{"index": 6, "tag": "02ba8625b5c643d2908a4d62495a24ef", "usable": false, "reasons": ["undriven_commands", "rejected_commands", "skipped_commands", "crown_mismatch"], "seconds": 5.8}
{"index": 7, "tag": "6985afd5e71f4e9bb9e365912a0d35cf", "usable": false, "reasons": ["undriven_commands", "skipped_commands"], "seconds": 3.37}
{"index": 8, "tag": "beb9c97c5fa645d9b9f60d32bc65aaf0", "usable": false, "reasons": ["undriven_commands", "skipped_commands"], "seconds": 3.79}
{"index": 9, "tag": "18598b38d42846ae872d7e014c55f455", "usable": true, "reasons": [], "seconds": 6.69}
{"index": 10, "tag": "97c12f8bd2a84203b044f033e5da5cbb", "usable": true, "reasons": [], "seconds": 6.39}
{"index": 11, "tag": "f938f96be21741f69f0bfe9d77ad56b2", "usable": true, "reasons": [], "seconds": 3.83}
{"index": 12, "tag": "9664daacf995443c9557139780c8099a", "usable": true, "reasons": [], "seconds": 4.85}
{"index": 13, "tag": "7b0525456c154862868aff3bccf40a48", "usable": false, "reasons": ["undriven_commands", "rejected_commands", "skipped_commands"], "seconds": 3.44}
{"index": 14, "tag": "b0221e9bf9434d5886d94586f050a17e", "usable": true, "reasons": [], "seconds": 6.41}
{"index": 15, "tag": "5e6d7aad837b43ecb884df2ee471b8f2", "usable": false, "reasons": ["undriven_commands", "skipped_commands"], "seconds": 3.72}
{"index": 16, "tag": "980a5dfbea4a451f854782dda3d73869", "usable": false, "reasons": ["undriven_commands", "rejected_commands", "skipped_commands"], "seconds": 4.58}
{"index": 17, "tag": "37c1a01052da49eda736f4c60647f1ca", "usable": true, "reasons": [], "seconds": 0.68}
{"index": 18, "tag": "41970d226d334330b435d71904941c84", "usable": false, "reasons": ["undriven_commands", "skipped_commands", "crown_mismatch"], "seconds": 6.27}
{"index": 19, "tag": "ed58a9d1ed044dc7b87777c55c284aff", "usable": true, "reasons": [], "seconds": 3.7}
{"index": 20, "tag": "56800012c8714460a56068997a41f44b", "usable": false, "reasons": ["undriven_commands", "rejected_commands", "skipped_commands"], "seconds": 3.7}
{"index": 21, "tag": "06ef9527cf304fbb8e86933c74959173", "usable": true, "reasons": [], "seconds": 3.66}
{"index": 22, "tag": "df4fe5c205a14cde8e873a97f3e20ea1", "usable": true, "reasons": [], "seconds": 3.54}
{"index": 23, "tag": "d76c23adb01e494dad8ba4692f2eaa7d", "usable": true, "reasons": [], "seconds": 6.93}
{"index": 24, "tag": "78bc7ed387e145e987265881fc10b2c5", "usable": false, "reasons": ["undriven_commands", "skipped_commands", "crown_mismatch"], "seconds": 6.67}
{"index": 25, "tag": "ef56c5c9f31c4cd6ae933bb85eef2937", "usable": true, "reasons": [], "seconds": 3.66}
{"index": 26, "tag": "2dbcc5a8677549248d2903c3b1561782", "usable": true, "reasons": [], "seconds": 4.84}
{"index": 27, "tag": "217225c2e03644e096c8779900e900be", "usable": true, "reasons": [], "seconds": 7.01}
{"index": 28, "tag": "7e93ed3b7a8448e69272e226e7e6a0df", "usable": true, "reasons": [], "seconds": 3.79}
{"index": 29, "tag": "873d3890429b477faa5d9971c059f3ee", "usable": false, "reasons": ["undriven_commands", "rejected_commands", "skipped_commands", "crown_mismatch"], "seconds": 5.31}
{"index": 30, "tag": "1c9679ac0d754c6ca7a20a1df8c44ff2", "usable": false, "reasons": ["undriven_commands", "rejected_commands", "skipped_commands"], "seconds": 5.1}
{"index": 31, "tag": "c0fa586d6b2b46b2925dd5d195bfed72", "usable": true, "reasons": [], "seconds": 6.69}
{"index": 32, "tag": "fd554109637f4d04a4e1232c24a34918", "usable": false, "reasons": ["undriven_commands", "rejected_commands", "skipped_commands", "crown_mismatch"], "seconds": 4.31}
{"index": 33, "tag": "39201f46756b4e2e86effbaff67d335d", "usable": true, "reasons": [], "seconds": 1.01}
{"index": 34, "tag": "5c0dabb87eab483db7672cca29d09bbc", "usable": true, "reasons": [], "seconds": 5.27}
{"index": 35, "tag": "1efc6887a7514ecf813e84c2cc28a5f7", "usable": true, "reasons": [], "seconds": 6.85}
{"index": 36, "tag": "6c468dec76c64b8d8c9e8fa139e25cf9", "usable": false, "reasons": ["undriven_commands", "skipped_commands"], "seconds": 3.77}
{"index": 37, "tag": "af8080fc888d4bb6ae5f749724022c43", "usable": false, "reasons": ["undriven_commands", "skipped_commands", "crown_mismatch"], "seconds": 4.21}
{"index": 38, "tag": "6234f3ea11cf4da9a72250cd459b80e7", "usable": false, "reasons": ["undriven_commands", "rejected_commands", "skipped_commands"], "seconds": 4.14}
{"index": 39, "tag": "bf90cca4a17846469fb938f501847edd", "usable": false, "reasons": ["undriven_commands", "rejected_commands", "skipped_commands"], "seconds": 6.45}
{"index": 40, "tag": "88d29bef5e864345a543a977146bf113", "usable": false, "reasons": ["undriven_commands", "rejected_commands", "skipped_commands"], "seconds": 4.03}
{"index": 41, "tag": "59113d18e6d04608ba41afaa2bee4499", "usable": false, "reasons": ["crown_mismatch"], "seconds": 2.64}
{"index": 42, "tag": "a5786f149c594c23906559c25d080d45", "usable": false, "reasons": ["undriven_commands", "skipped_commands", "crown_mismatch"], "seconds": 3.9}
{"index": 43, "tag": "70023c148c7e44d19d0e0d9d412d52ff", "usable": true, "reasons": [], "seconds": 3.3}
{"index": 44, "tag": "1dbaa8e371b9400aa1b15386de7a01a4", "usable": true, "reasons": [], "seconds": 5.97}
{"index": 45, "tag": "1c0fba44c2a648fe8afd501670472c12", "usable": false, "reasons": ["undriven_commands", "skipped_commands"], "seconds": 5.93}
{"index": 46, "tag": "1c6eb353aa6b446f91bcd56ec265a10f", "usable": true, "reasons": [], "seconds": 4.77}
{"index": 47, "tag": "615f548fba704c8e9f5d56d6021ec1e9", "usable": true, "reasons": [], "seconds": 7.86}
{"index": 48, "tag": "a7134aab39334fdf977159c3c7a6df14", "usable": false, "reasons": ["undriven_commands", "rejected_commands", "skipped_commands", "crown_mismatch"], "seconds": 4.27}
{"index": 49, "tag": "0f749aa6650b40c68bc99087bc8774c2", "usable": true, "reasons": [], "seconds": 5.04}
{"index": 50, "tag": "cc630bafdfde439996b2c48477182933", "usable": false, "reasons": ["undriven_commands", "rejected_commands", "skipped_commands"], "seconds": 9.27}
{"index": 51, "tag": "70f9e1664a3c43208e3b8c8bc989ab5e", "usable": true, "reasons": [], "seconds": 1.16}
{"index": 52, "tag": "1f346a015a1b413b92153b973ff39285", "usable": true, "reasons": [], "seconds": 6.62}
{"index": 53, "tag": "6d3a223fbbe44097bf07ce10ccced4af", "usable": true, "reasons": [], "seconds": 4.91}
{"index": 54, "tag": "006c3ccdcb87405b8241a955ed739141", "usable": false, "reasons": ["undriven_commands", "rejected_commands", "skipped_commands", "crown_mismatch"], "seconds": 3.52}
{"index": 55, "tag": "03f212af364d40a1ba1a55a9e3e3cf63", "usable": true, "reasons": [], "seconds": 3.9}
{"index": 56, "tag": "4f5399560b024a3fb91c085efbbfc321", "usable": false, "reasons": ["undriven_commands", "rejected_commands", "skipped_commands"], "seconds": 3.85}
{"index": 57, "tag": "7374ac1eebd5431496b237f6ef2ab1e5", "usable": false, "reasons": ["crown_mismatch"], "seconds": 8.13}
{"index": 58, "tag": "29fd278a3dd848009e590197260cb0d8", "usable": true, "reasons": [], "seconds": 5.62}
{"index": 59, "tag": "302fa5eaae9b4068b2fb88605560c681", "usable": false, "reasons": ["undriven_commands", "skipped_commands"], "seconds": 3.37}
{"index": 60, "tag": "b5d675a39176481a8fdf956b3dc90765", "usable": false, "reasons": ["undriven_commands", "skipped_commands", "crown_mismatch"], "seconds": 3.19}
{"index": 61, "tag": "24752a2bac314b86b41a251562f8557f", "usable": false, "reasons": ["undriven_commands", "rejected_commands", "skipped_commands", "crown_mismatch"], "seconds": 2.75}
{"index": 62, "tag": "293e0a6de91f48f3af77c647acb04a15", "usable": true, "reasons": [], "seconds": 7.0}
{"index": 63, "tag": "2adcb199c74e41eb943c94a01ce12b6e", "usable": true, "reasons": [], "seconds": 4.1}
{"index": 64, "tag": "8adfca846824443fa53ebe880fc2b9cc", "usable": false, "reasons": ["rejected_commands", "crown_mismatch"], "seconds": 6.6}
{"index": 65, "tag": "bcfc063e0f7d4fce9ad45c39815438ea", "usable": false, "reasons": ["undriven_commands", "rejected_commands", "skipped_commands", "crown_mismatch"], "seconds": 3.77}
{"index": 66, "tag": "0b24e2db1b0746959807c763316e4033", "usable": true, "reasons": [], "seconds": 2.25}
{"index": 67, "tag": "d3a9544ee230407f91316ec4e6a7d310", "usable": false, "reasons": ["undriven_commands", "skipped_commands", "crown_mismatch"], "seconds": 4.11}
{"index": 68, "tag": "f80179a3d0534351bbffd70d056737ae", "usable": false, "reasons": ["rejected_commands"], "seconds": 6.6}
{"index": 69, "tag": "cca3ef47882f47c09d9190c31bb34edb", "usable": false, "reasons": ["undriven_commands", "skipped_commands", "crown_mismatch"], "seconds": 5.08}
{"index": 70, "tag": "57f42166ef53416baa3f289865225dd2", "usable": false, "reasons": ["undriven_commands", "rejected_commands", "skipped_commands", "crown_mismatch"], "seconds": 2.02}
{"index": 71, "tag": "e222400e5ea64e47a2ed47369cfc9f1f", "usable": false, "reasons": ["undriven_commands", "rejected_commands", "skipped_commands", "crown_mismatch"], "seconds": 3.09}
{"index": 72, "tag": "b42e0646530142e9a516ec05a4f9e189", "usable": false, "reasons": ["undriven_commands", "rejected_commands", "skipped_commands"], "seconds": 3.84}
{"index": 73, "tag": "afad1224577d43c2b7210fdb2611f19f", "usable": false, "reasons": ["undriven_commands", "rejected_commands", "skipped_commands", "crown_mismatch"], "seconds": 4.11}
{"index": 74, "tag": "fa9b408dfed74ec48bcaa9c622f67bf8", "usable": false, "reasons": ["undriven_commands", "skipped_commands", "crown_mismatch"], "seconds": 5.06}
{"index": 75, "tag": "1b0cef3c1e104d0d9a83a1d29533ca23", "usable": false, "reasons": ["undriven_commands", "skipped_commands"], "seconds": 8.42}
{"index": 76, "tag": "8bda3484b2bf4cb2a0ef78bddd7fb73f", "usable": false, "reasons": ["rejected_commands"], "seconds": 3.09}
{"index": 77, "tag": "22e16ec693a0480386457c6a341f40ea", "usable": true, "reasons": [], "seconds": 4.04}
{"index": 78, "tag": "c0ffc4cfb734466c924f7e61e20a98e0", "usable": false, "reasons": ["undriven_commands", "rejected_commands", "skipped_commands", "crown_mismatch"], "seconds": 4.95}
{"index": 79, "tag": "43ea6ccb230049838a90fd2719f0ea37", "usable": true, "reasons": [], "seconds": 4.22}
{"index": 80, "tag": "1d80c66532fa499fb41886afef23bcfa", "usable": false, "reasons": ["undriven_commands", "rejected_commands", "skipped_commands", "crown_mismatch"], "seconds": 3.2}
{"index": 81, "tag": "4241ed65889a471ca53764b1674b94d1", "usable": false, "reasons": ["rejected_commands", "crown_mismatch"], "seconds": 3.99}
{"index": 82, "tag": "4f7d6f6e60584ebdad0fe6951032a251", "usable": false, "reasons": ["undriven_commands", "rejected_commands", "skipped_commands", "crown_mismatch"], "seconds": 3.7}
{"index": 83, "tag": "c3682ae39f4740419c1d3a07a69a47e4", "usable": true, "reasons": [], "seconds": 4.0}
{"index": 84, "tag": "14e445c9196e4c16b03d3dbadf6577eb", "usable": true, "reasons": [], "seconds": 3.36}
{"index": 85, "tag": "dcc82c8fa557442bbe903d8a831ab69a", "usable": false, "reasons": ["rejected_commands", "crown_mismatch"], "seconds": 5.49}
{"index": 86, "tag": "1fc74436a3964c7695c6dbcbb7fc376f", "usable": false, "reasons": ["undriven_commands", "skipped_commands"], "seconds": 5.86}
{"index": 87, "tag": "ca42fbc8c62249dcbfd441ccea9ed843", "usable": false, "reasons": ["undriven_commands", "rejected_commands", "skipped_commands", "crown_mismatch"], "seconds": 3.65}
{"index": 88, "tag": "f594e9c7e2c4426f9ab6defd86359902", "usable": true, "reasons": [], "seconds": 3.21}
{"index": 89, "tag": "cccb0271e99b4482b8faf317347ca6b3", "usable": true, "reasons": [], "seconds": 1.57}
{"index": 90, "tag": "17216f49d0b34e1a84af71a6e809f364", "usable": false, "reasons": ["undriven_commands", "skipped_commands"], "seconds": 4.45}
{"index": 91, "tag": "b23a03a70e874cf4ae997f0234e75537", "usable": true, "reasons": [], "seconds": 7.22}
{"index": 92, "tag": "25fd5ff163444e579efa05ac73827744", "usable": false, "reasons": ["crown_mismatch"], "seconds": 6.18}
{"index": 93, "tag": "e1130507c70a4470819f0b4e9711e0d1", "usable": true, "reasons": [], "seconds": 4.14}
{"index": 94, "tag": "03352ad686264623875743c94afbc2e3", "usable": false, "reasons": ["undriven_commands", "skipped_commands", "crown_mismatch"], "seconds": 4.43}
{"index": 95, "tag": "44bf7927787e4c5d858495dbff3ee370", "usable": false, "reasons": ["undriven_commands", "skipped_commands"], "seconds": 4.84}
{"index": 96, "tag": "11d8e644a03645f393adfac4cbcd4721", "usable": true, "reasons": [], "seconds": 5.52}
{"index": 97, "tag": "0818a8c3f1e64b5c92b18f183243eafc", "usable": true, "reasons": [], "seconds": 3.59}
{"index": 98, "tag": "13df68df802844db880a19499236f9da", "usable": false, "reasons": ["undriven_commands", "skipped_commands"], "seconds": 7.09}
{"index": 99, "tag": "4004b859ac784172a1a85d92019b4728", "usable": false, "reasons": ["undriven_commands", "rejected_commands", "skipped_commands"], "seconds": 6.52}
{"index": 100, "tag": "d6adebf11fc14da2880116b6866f4b96", "usable": true, "reasons": [], "seconds": 11.16}
{"index": 101, "tag": "fb4f3a093c2d47c19df404f87f4e4d0b", "usable": true, "reasons": [], "seconds": 5.75}
{"index": 102, "tag": "5d2fb508df4c473cbe3765f231ff0514", "usable": false, "reasons": ["undriven_commands", "rejected_commands", "skipped_commands", "crown_mismatch"], "seconds": 4.3}
{"index": 103, "tag": "06a211f5c2f94b6fb9d05e5ff0908cf7", "usable": true, "reasons": [], "seconds": 5.6}
{"index": 104, "tag": "874834cc9d5848bfa846b96d055a4878", "usable": true, "reasons": [], "seconds": 3.11}
{"index": 105, "tag": "a4834d82f7d6407fbac139ff474fbc6b", "usable": false, "reasons": ["undriven_commands", "skipped_commands"], "seconds": 5.48}
{"index": 106, "tag": "f28a4f8aff2c41458a6a70cc13253f2b", "usable": true, "reasons": [], "seconds": 6.67}
{"index": 107, "tag": "80ddd8bc6f684238b4fe2c0d8b62582b", "usable": false, "reasons": ["crown_mismatch"], "seconds": 5.55}
{"index": 108, "tag": "9109db8ac7bd41dd865d5d9e8bd9c101", "usable": false, "reasons": ["crown_mismatch"], "seconds": 4.15}
{"index": 109, "tag": "53625019de7a4cc7b3c314d58b0e675c", "usable": false, "reasons": ["crown_mismatch"], "seconds": 6.62}
{"index": 110, "tag": "17f980240bd6423aa1277b2041090f05", "usable": true, "reasons": [], "seconds": 3.91}
{"index": 111, "tag": "0c6bd48361054b1f991c653a5dbf9c91", "usable": false, "reasons": ["crown_mismatch"], "seconds": 4.83}
{"index": 112, "tag": "0962a10b66244427a325d02793c30fb9", "usable": false, "reasons": ["undriven_commands", "rejected_commands", "skipped_commands", "crown_mismatch"], "seconds": 1.95}
{"index": 113, "tag": "d538135c431246468d172a06711f9be5", "usable": true, "reasons": [], "seconds": 3.26}
{"index": 114, "tag": "239e7af3204c446e8471b38e547bee88", "usable": false, "reasons": ["undriven_commands", "skipped_commands"], "seconds": 5.01}
{"index": 115, "tag": "c3d534a1c84a481fa607194e359c4409", "usable": false, "reasons": ["undriven_commands", "skipped_commands"], "seconds": 6.67}
{"index": 116, "tag": "6f84e5ce35b748cb8600513cf32065f0", "usable": false, "reasons": ["undriven_commands", "rejected_commands", "skipped_commands", "crown_mismatch"], "seconds": 4.18}
{"index": 117, "tag": "7ea4eb36a4c745ebad64b29e1061b29a", "usable": true, "reasons": [], "seconds": 4.81}
{"index": 118, "tag": "9945a2de1f6747558f318c75bde641c3", "usable": false, "reasons": ["undriven_commands", "skipped_commands"], "seconds": 6.09}
{"index": 119, "tag": "662ac570befb46a08993f1ae3e32b141", "usable": false, "reasons": ["crown_mismatch"], "seconds": 3.34}
{"index": 120, "tag": "b67320d0386f4a0da4244febddfbf639", "usable": false, "reasons": ["undriven_commands", "skipped_commands", "crown_mismatch"], "seconds": 6.59}
{"index": 121, "tag": "a499f4b30ff4419abd4b56681af1af49", "usable": false, "reasons": ["undriven_commands", "rejected_commands", "skipped_commands"], "seconds": 4.15}
{"index": 122, "tag": "20ffa935250c46ef908c5562ff1f51d5", "usable": false, "reasons": ["undriven_commands", "rejected_commands", "skipped_commands", "crown_mismatch"], "seconds": 5.12}
{"index": 123, "tag": "2125dc7cb5784e4094b0fd5d5f58ef0f", "usable": false, "reasons": ["rejected_commands"], "seconds": 3.87}
{"index": 124, "tag": "39eec1442e0c4437a1e9afef2bce6d8f", "usable": false, "reasons": ["undriven_commands", "rejected_commands", "skipped_commands", "crown_mismatch"], "seconds": 4.22}
{"index": 125, "tag": "53164026cc5643d09922e7dcc7477fcd", "usable": true, "reasons": [], "seconds": 4.71}
{"index": 126, "tag": "d09fd1d79dd94922bbe619d775d33b72", "usable": true, "reasons": [], "seconds": 5.29}
{"index": 127, "tag": "3783e345c43042c5963fbadaae7f3ea3", "usable": false, "reasons": ["undriven_commands", "rejected_commands", "skipped_commands", "crown_mismatch"], "seconds": 4.74}
{"index": 128, "tag": "75070cbc8b4648bab0079bffe0fd96e3", "usable": false, "reasons": ["undriven_commands", "skipped_commands"], "seconds": 5.55}
{"index": 129, "tag": "8ebe78c559cf43a6916e35ca466a3087", "usable": true, "reasons": [], "seconds": 4.93}
{"index": 130, "tag": "6b1dcffed2924ee0a2d6b266e7ac854b", "usable": true, "reasons": [], "seconds": 1.05}
{"index": 131, "tag": "c56d418b2d2144fe99e3cd3a0be012e8", "usable": false, "reasons": ["undriven_commands", "skipped_commands"], "seconds": 5.98}
{"index": 132, "tag": "4349973f6aa14888894a22d11ffabb6d", "usable": true, "reasons": [], "seconds": 6.09}
{"index": 133, "tag": "4ab04eeec4244c3fa0a5a9c8199b6311", "usable": true, "reasons": [], "seconds": 2.04}
{"index": 134, "tag": "a9458fe5598044c4a5ab9df03c4425d0", "usable": true, "reasons": [], "seconds": 3.89}
{"index": 135, "tag": "6ac1c7de4fe84efe9a0109117ba411c3", "usable": true, "reasons": [], "seconds": 3.29}
{"index": 136, "tag": "9d8865a06c44452d9e5c20777a1fca2a", "usable": false, "reasons": ["undriven_commands", "skipped_commands"], "seconds": 7.29}
{"index": 137, "tag": "5d712854af9a4eecae66bc6cbf5a3447", "usable": true, "reasons": [], "seconds": 6.17}
{"index": 138, "tag": "7c1da9a72b064b7f8e3446a4bac2202a", "usable": true, "reasons": [], "seconds": 5.6}
{"index": 139, "tag": "30888616e05344b694923f178573d941", "usable": true, "reasons": [], "seconds": 7.25}
{"index": 140, "tag": "ee44d8348d5e45c7a9391c0e909c3e7c", "usable": false, "reasons": ["undriven_commands", "skipped_commands", "crown_mismatch"], "seconds": 1.91}
{"index": 141, "tag": "db5d9c27849e4a128c1fe8725ff76769", "usable": false, "reasons": ["undriven_commands", "rejected_commands", "skipped_commands", "crown_mismatch"], "seconds": 3.92}
{"index": 142, "tag": "f86755d06664492db76d29b544042b1d", "usable": true, "reasons": [], "seconds": 4.33}
{"index": 143, "tag": "5b817d45a05540a5bf98c2cff4f56efe", "usable": true, "reasons": [], "seconds": 7.42}
{"index": 144, "tag": "2df2a96a7d2b48cda200efccb9fe318f", "usable": true, "reasons": [], "seconds": 7.52}
{"index": 145, "tag": "6994bcc77de944b5936f26e97b5e8da4", "usable": true, "reasons": [], "seconds": 3.55}
{"index": 146, "tag": "7647a42d9f9644faa499e7716298cc9b", "usable": true, "reasons": [], "seconds": 7.13}
{"index": 147, "tag": "2b7bc0aec0d140ccbadd2d754b6c1a9a", "usable": true, "reasons": [], "seconds": 5.27}
{"index": 148, "tag": "4168861cbedf47ce9f8ab3da4a2af5c7", "usable": false, "reasons": ["undriven_commands", "rejected_commands", "skipped_commands"], "seconds": 4.65}
{"index": 149, "tag": "795561cafb0c433292674e5d5fd3d724", "usable": false, "reasons": ["undriven_commands", "rejected_commands", "skipped_commands", "crown_mismatch"], "seconds": 4.83}
{"index": 150, "tag": "e3c6fd00ce174d87a82ad570063b6557", "usable": true, "reasons": [], "seconds": 9.33}
{"index": 151, "tag": "33faeb1cd76248edb348ae0975507bf2", "usable": true, "reasons": [], "seconds": 2.45}
{"index": 152, "tag": "3dc2f116bdab4703aa9d6398ee740f2d", "usable": true, "reasons": [], "seconds": 3.86}
{"index": 153, "tag": "0f201ab726d84cf89dd00032348b7e3f", "usable": true, "reasons": [], "seconds": 7.29}
{"index": 154, "tag": "8e542958b93d47dca51058848e69f4e2", "usable": false, "reasons": ["rejected_commands"], "seconds": 4.58}
{"index": 155, "tag": "a497e05228bb4abfa19ce20d22bd1da3", "usable": false, "reasons": ["crown_mismatch"], "seconds": 6.98}
{"index": 156, "tag": "7efa08e7191448ca80afba53a899dcb7", "usable": true, "reasons": [], "seconds": 3.64}
{"index": 157, "tag": "b9a6b4ec61e14ca8a0fc6192264f5547", "usable": false, "reasons": ["crown_mismatch"], "seconds": 5.51}
{"index": 158, "tag": "67ad7cab8b274d6484869e747e302bd1", "usable": true, "reasons": [], "seconds": 5.02}
{"index": 159, "tag": "9bfd3275d52e4be19f1423709db2a6fe", "usable": false, "reasons": ["undriven_commands", "rejected_commands", "skipped_commands", "crown_mismatch"], "seconds": 3.29}
{"index": 160, "tag": "a7fa97deeac44c63899c52e07e5c6398", "usable": false, "reasons": ["undriven_commands", "rejected_commands", "skipped_commands", "crown_mismatch"], "seconds": 5.08}
{"index": 161, "tag": "fa5ef1e9cf894f2d982841da2db365ea", "usable": false, "reasons": ["undriven_commands", "rejected_commands", "skipped_commands"], "seconds": 4.7}
{"index": 162, "tag": "c915bd02778b4578a69fe07223f61aa7", "usable": false, "reasons": ["rejected_commands"], "seconds": 6.65}
{"index": 163, "tag": "75cdf9894c5246a982376c9acfb66c4d", "usable": true, "reasons": [], "seconds": 3.56}
{"index": 164, "tag": "97ffba9e718e4fe98d5d0a2ef3ab338b", "usable": false, "reasons": ["undriven_commands", "skipped_commands"], "seconds": 3.21}
{"index": 165, "tag": "dbd1eef55f38471899c3630445afc885", "usable": false, "reasons": ["undriven_commands", "rejected_commands", "skipped_commands", "crown_mismatch"], "seconds": 5.14}
{"index": 166, "tag": "2992cd7785414529a14f0b5d20bc9ee5", "usable": false, "reasons": ["undriven_commands", "rejected_commands", "skipped_commands"], "seconds": 4.68}
{"index": 167, "tag": "d1e66ba0ef494933a2b45c1cdab65bcb", "usable": false, "reasons": ["rejected_commands"], "seconds": 3.72}
{"index": 168, "tag": "a8caed4fe1c44b4aa8747ba718462400", "usable": true, "reasons": [], "seconds": 6.72}
{"index": 169, "tag": "7aae9997be2a43a3b5e19cdc1585a311", "usable": false, "reasons": ["undriven_commands", "rejected_commands", "skipped_commands", "crown_mismatch"], "seconds": 5.22}
{"index": 170, "tag": "929225f7885d44a590564a2202fbfb80", "usable": true, "reasons": [], "seconds": 4.33}
{"index": 171, "tag": "9e83d41d92b94c408c0d9239a87c6449", "usable": true, "reasons": [], "seconds": 6.42}
{"index": 172, "tag": "70f6cd905be647598534985ee53689df", "usable": true, "reasons": [], "seconds": 8.09}
{"index": 173, "tag": "f7f4563dc01848338e477da3db5f6dd9", "usable": false, "reasons": ["undriven_commands", "rejected_commands", "skipped_commands", "crown_mismatch"], "seconds": 5.7}
{"index": 174, "tag": "f873bfc65d3649c79b85dda2d1306205", "usable": false, "reasons": ["undriven_commands", "skipped_commands"], "seconds": 8.01}
{"index": 175, "tag": "ec6622159d1a4fcaad9010831d018045", "usable": false, "reasons": ["crown_mismatch"], "seconds": 21.26}
{"index": 176, "tag": "8f404b8f68924644a034093235c7ce5f", "usable": false, "reasons": ["crown_mismatch"], "seconds": 6.67}
{"index": 177, "tag": "b203246c39a548fca47584b35819178b", "usable": true, "reasons": [], "seconds": 5.65}
{"index": 178, "tag": "5449ab087c7d48ecbedc405be09f3c40", "usable": false, "reasons": ["crown_mismatch"], "seconds": 5.54}
{"index": 179, "tag": "6386ed82070e478bbeb997817a35a750", "usable": true, "reasons": [], "seconds": 5.65}
{"index": 180, "tag": "8779b901f6564c1889b42b3a5b324a58", "usable": true, "reasons": [], "seconds": 9.95}
{"index": 181, "tag": "d11230f299e5416eb6b7d35495efaa24", "usable": true, "reasons": [], "seconds": 5.63}
{"index": 182, "tag": "5a0814fdd9324963a6e52e778f94f071", "usable": false, "reasons": ["undriven_commands", "skipped_commands"], "seconds": 2.29}
{"index": 183, "tag": "de70af4afe764b4a8557f265ddd391f0", "usable": true, "reasons": [], "seconds": 5.62}
{"index": 184, "tag": "25105b2ff20742658bc9c5757fa9b7f1", "usable": true, "reasons": [], "seconds": 2.51}
{"index": 185, "tag": "2b0f582bf360491b9fafa7e1cf2a555c", "usable": false, "reasons": ["crown_mismatch"], "seconds": 6.63}
{"index": 186, "tag": "f8160df6ad85425a94109f083913b6db", "usable": true, "reasons": [], "seconds": 3.86}
{"index": 187, "tag": "4d1798f400f14800a418a57f025723a0", "usable": false, "reasons": ["undriven_commands", "rejected_commands", "skipped_commands", "crown_mismatch"], "seconds": 5.82}
{"index": 188, "tag": "aeb7a6d5b785449196806e448beaccd6", "usable": true, "reasons": [], "seconds": 8.41}
{"index": 189, "tag": "f537c2e1f1ad45a9acf610c942a88dde", "usable": true, "reasons": [], "seconds": 6.52}
{"index": 190, "tag": "8b5e7733cdb047d7be639af2550e7840", "usable": true, "reasons": [], "seconds": 9.56}
{"index": 191, "tag": "5af3a465edda42b59f5b58e71a87a3f0", "usable": true, "reasons": [], "seconds": 4.78}
{"index": 192, "tag": "5a0e825483764c53b70644b8f89a04d5", "usable": true, "reasons": [], "seconds": 7.76}
{"index": 193, "tag": "ec1b3bbd476a47b086b61e3a0cea6158", "usable": true, "reasons": [], "seconds": 12.63}
{"index": 194, "tag": "4d11c78948334e7fb9aa1afa9395e647", "usable": true, "reasons": [], "seconds": 5.21}
{"index": 195, "tag": "e6b96d4d6fdc44058d53bb8c014a78e9", "usable": true, "reasons": [], "seconds": 4.49}
{"index": 196, "tag": "0cfebff6937d434aa8de1882e674c31a", "usable": true, "reasons": [], "seconds": 6.99}
{"index": 197, "tag": "7874cd5fb9f146ee998dd1fd72cdf4fc", "usable": false, "reasons": ["undriven_commands", "rejected_commands", "skipped_commands", "crown_mismatch"], "seconds": 2.74}
{"index": 198, "tag": "0376c112ea2f417d83d34715d7b3938f", "usable": false, "reasons": ["undriven_commands", "skipped_commands"], "seconds": 7.72}
{"index": 199, "tag": "fe8b534c14d747d9b310a06f23124b38", "usable": true, "reasons": [], "seconds": 9.99}
{"index": 200, "tag": "16fe456b5299492cb7ecdae03d562926", "usable": false, "reasons": ["undriven_commands", "rejected_commands", "skipped_commands"], "seconds": 11.19}
{"index": 201, "tag": "1c30a00d4a7a499097d50bba940f9e05", "usable": true, "reasons": [], "seconds": 5.88}
{"index": 202, "tag": "feeb34ccb91140a588db42bd48ac534f", "usable": true, "reasons": [], "seconds": 6.22}
{"index": 203, "tag": "429243b9825c427e872418b7b4c7d80c", "usable": true, "reasons": [], "seconds": 7.35}
{"index": 204, "tag": "f49ae3cd9d81409ca5816c7e4fd90ba7", "usable": true, "reasons": [], "seconds": 2.78}
{"index": 205, "tag": "97395d3ff27f44b1b84be01ff54817de", "usable": true, "reasons": [], "seconds": 6.31}
{"index": 206, "tag": "a18bb6f76dbf41c4ba362ebf772ed6ae", "usable": true, "reasons": [], "seconds": 7.36}
{"index": 207, "tag": "b8574f49445d4e8792a71b8203085aec", "usable": false, "reasons": ["undriven_commands", "skipped_commands"], "seconds": 9.18}
{"index": 208, "tag": "041e60e136fe43ee89751404ea891e1d", "usable": true, "reasons": [], "seconds": 5.24}
{"index": 209, "tag": "b5abbb63756949d58a4aa3ba7c5ce118", "usable": false, "reasons": ["crown_mismatch"], "seconds": 5.1}
{"index": 210, "tag": "d22cb2a73b324cef8fe0c8431846fe2d", "usable": false, "reasons": ["undriven_commands", "rejected_commands", "skipped_commands", "crown_mismatch"], "seconds": 6.09}
{"index": 211, "tag": "11caaa650d834b00b75d536949a9fade", "usable": false, "reasons": ["undriven_commands", "skipped_commands"], "seconds": 7.49}
{"index": 212, "tag": "46b41d34d0bb41fe8c8eb5ecf3c9c277", "usable": true, "reasons": [], "seconds": 1.83}
{"index": 213, "tag": "fc5e35b3da8e4ce29dd7712b6e3e8a9a", "usable": false, "reasons": ["undriven_commands", "rejected_commands", "skipped_commands"], "seconds": 6.88}
{"index": 214, "tag": "31778e06dbe44cc4bd8878942a66483a", "usable": true, "reasons": [], "seconds": 3.25}
{"index": 215, "tag": "8d4565fbf778431a99a24e29509ca19f", "usable": false, "reasons": ["undriven_commands", "skipped_commands", "crown_mismatch"], "seconds": 8.31}
{"index": 216, "tag": "ae198103678b4eadb6368cbc2913c0d1", "usable": false, "reasons": ["rejected_commands", "crown_mismatch"], "seconds": 7.16}
{"index": 217, "tag": "e67f4a33213749589074ce1c3e67498c", "usable": true, "reasons": [], "seconds": 4.42}
{"index": 218, "tag": "ce6ad82ed818465c83d64e37f29ca9e4", "usable": false, "reasons": ["rejected_commands", "crown_mismatch"], "seconds": 6.94}
{"index": 219, "tag": "e0dec21c1ebf4a71ac9fff493df6a74c", "usable": true, "reasons": [], "seconds": 8.77}
{"index": 220, "tag": "d1904d73b67a4eb09eeb634b8554e5bf", "usable": true, "reasons": [], "seconds": 7.62}
{"index": 221, "tag": "361eaa6ffc584cb9b9b927fd245e8a2d", "usable": true, "reasons": [], "seconds": 4.65}
{"index": 222, "tag": "a1d5368a85d145b48b0439cb51a87060", "usable": true, "reasons": [], "seconds": 7.58}
{"index": 223, "tag": "ba54506e00c943969a43e41346c53b5a", "usable": true, "reasons": [], "seconds": 7.14}
{"index": 224, "tag": "c2f5fd55d1e64ca5bd4f84e062bd1366", "usable": true, "reasons": [], "seconds": 8.33}
{"index": 225, "tag": "e2a57c5f4581405e98adf9564925ef24", "usable": false, "reasons": ["undriven_commands", "rejected_commands", "skipped_commands", "crown_mismatch"], "seconds": 8.77}
{"index": 226, "tag": "690dc61fc4dd4055a9b5a361bb0f97aa", "usable": false, "reasons": ["undriven_commands", "skipped_commands"], "seconds": 4.22}
{"index": 227, "tag": "f182d050591b4e33a1d46f4bbef603ee", "usable": false, "reasons": ["undriven_commands", "skipped_commands", "crown_mismatch"], "seconds": 5.8}
{"index": 228, "tag": "68e0af57d7fd43d28fc308451d0d33ad", "usable": false, "reasons": ["undriven_commands", "rejected_commands", "skipped_commands", "crown_mismatch"], "seconds": 7.2}
{"index": 229, "tag": "df00afd6ed164f6b9c8bfb3cb041f5fa", "usable": false, "reasons": ["crown_mismatch"], "seconds": 3.58}
{"index": 230, "tag": "529491cc9c90406aab66862cd504c9f9", "usable": false, "reasons": ["undriven_commands", "rejected_commands", "skipped_commands"], "seconds": 4.73}
{"index": 231, "tag": "b3e32b2c3866417d9596ff5bc9b5c831", "usable": true, "reasons": [], "seconds": 5.08}
{"index": 232, "tag": "ff54022c3e7e433bb7c0f38fee655ef5", "usable": true, "reasons": [], "seconds": 3.42}
{"index": 233, "tag": "a06fe83b2bbe4f39b33a207ad02fc234", "usable": true, "reasons": [], "seconds": 3.95}
{"index": 234, "tag": "915331c6d07148cfbe4f5242efc1b081", "usable": false, "reasons": ["undriven_commands", "rejected_commands", "skipped_commands"], "seconds": 5.03}
{"index": 235, "tag": "4d0e0a944088407c8286ccc189028710", "usable": false, "reasons": ["crown_mismatch"], "seconds": 5.35}
{"index": 236, "tag": "dfa41f3f2fe0400f8933ed4c0195216f", "usable": true, "reasons": [], "seconds": 5.47}
{"index": 237, "tag": "f1583aef4bfd4c08acded820723f6a2c", "usable": false, "reasons": ["undriven_commands", "rejected_commands", "skipped_commands", "crown_mismatch"], "seconds": 4.43}
{"index": 238, "tag": "4b5eba3d34bc4096a7a4965cd85506db", "usable": true, "reasons": [], "seconds": 3.27}
{"index": 239, "tag": "d5a446e4d3214037bae1b392736207a1", "usable": true, "reasons": [], "seconds": 7.35}
{"index": 240, "tag": "6abc75fdec6d43fda1250920715eb570", "usable": false, "reasons": ["undriven_commands", "skipped_commands"], "seconds": 4.27}
{"index": 241, "tag": "a066e884c08d42beadee10d1dab99460", "usable": false, "reasons": ["undriven_commands", "rejected_commands", "skipped_commands"], "seconds": 5.0}
{"index": 242, "tag": "a54e6c48e2144ba9b26a9b4264fa3c2e", "usable": false, "reasons": ["undriven_commands", "rejected_commands", "skipped_commands"], "seconds": 5.44}
{"index": 243, "tag": "27cd306e219349c19416fd227c6c6c22", "usable": true, "reasons": [], "seconds": 2.47}
{"index": 244, "tag": "f162ea7583e24e3db981e1e84f6060e1", "usable": true, "reasons": [], "seconds": 3.96}
{"index": 245, "tag": "70c8cd215d004edd9b3e5bc4c0bab3ba", "usable": true, "reasons": [], "seconds": 5.76}
{"index": 246, "tag": "f58738369d6d4563a050e70b983ea291", "usable": true, "reasons": [], "seconds": 6.33}
{"index": 247, "tag": "fd87297db2ba4a0681635f616f58fa47", "usable": true, "reasons": [], "seconds": 6.63}
{"index": 248, "tag": "93ad7d56eb7e40fc8f4c1cae3a646327", "usable": true, "reasons": [], "seconds": 3.72}
{"index": 249, "tag": "720bef647faf4c1fbd00b1fd77de7b01", "usable": false, "reasons": ["rejected_commands"], "seconds": 5.04}
{"index": 250, "tag": "4c2f1f66a78e4e9c88c5c7a43cb93c8d", "usable": false, "reasons": ["crown_mismatch"], "seconds": 8.62}
{"index": 251, "tag": "8d90d533cb644d60818853d885b4d1b8", "usable": true, "reasons": [], "seconds": 4.21}
{"index": 252, "tag": "c2327a6a92e84f7eb33e4373eb72d292", "usable": true, "reasons": [], "seconds": 6.6}
{"index": 253, "tag": "0f592090a11a4679891580984b531743", "usable": false, "reasons": ["undriven_commands", "rejected_commands", "skipped_commands"], "seconds": 3.97}
{"index": 254, "tag": "3d3c1448a2014a479adba83c7c9193ac", "usable": false, "reasons": ["undriven_commands", "rejected_commands", "skipped_commands"], "seconds": 6.97}
{"index": 255, "tag": "28f348ef6d1340ea977e3f81b07eb1d4", "usable": false, "reasons": ["undriven_commands", "skipped_commands"], "seconds": 3.85}
{"index": 256, "tag": "b16f75a6b618432a8a77b4bc300f9c09", "usable": true, "reasons": [], "seconds": 6.38}
{"index": 257, "tag": "815f38acef4343409efc7b155f405598", "usable": false, "reasons": ["undriven_commands", "skipped_commands"], "seconds": 7.35}
{"index": 258, "tag": "011c360282bd4c3cb00e27561d45fad8", "usable": true, "reasons": [], "seconds": 7.08}
{"index": 259, "tag": "bdaebcdf8db1400b943a099fc33a1a1c", "usable": false, "reasons": ["undriven_commands", "rejected_commands", "skipped_commands"], "seconds": 6.43}
{"index": 260, "tag": "01a7c532b0734021880cc0193097e433", "usable": false, "reasons": ["rejected_commands", "crown_mismatch"], "seconds": 4.81}
{"index": 261, "tag": "7171a2293eb74b0a8e248b198574444a", "usable": false, "reasons": ["rejected_commands"], "seconds": 2.72}
{"index": 262, "tag": "a45575bb3b7b4740b31e4e76fe261b3e", "usable": false, "reasons": ["crown_mismatch"], "seconds": 4.97}
{"index": 263, "tag": "f7af64fd55944c7f82969dd94842abf2", "usable": false, "reasons": ["rejected_commands"], "seconds": 6.38}
{"index": 264, "tag": "7f1380d5c8414466b3dbd75c4b1e8f5c", "usable": true, "reasons": [], "seconds": 4.14}
{"index": 265, "tag": "551f0f61733a417dbd9671b0c1a95fe8", "usable": false, "reasons": ["crown_mismatch"], "seconds": 6.02}
{"index": 266, "tag": "c43191d36e0147d6b6ab3b74d01bb043", "usable": true, "reasons": [], "seconds": 5.72}
{"index": 267, "tag": "30f1ba90019f4399b7fb63dd87d20dd0", "usable": false, "reasons": ["undriven_commands", "rejected_commands", "skipped_commands"], "seconds": 6.97}
{"index": 268, "tag": "0f46ace2f7ea44be85374df662f8dfc7", "usable": false, "reasons": ["undriven_commands", "rejected_commands", "skipped_commands", "crown_mismatch"], "seconds": 3.72}
{"index": 269, "tag": "33fd97a14183417886bed329cbd9aa37", "usable": true, "reasons": [], "seconds": 6.04}
{"index": 270, "tag": "6864334f034e4e6ea43085aa24d0c206", "usable": false, "reasons": ["undriven_commands", "rejected_commands", "skipped_commands", "crown_mismatch"], "seconds": 2.62}
{"index": 271, "tag": "364906bd74174a23ab300544f29e4552", "usable": true, "reasons": [], "seconds": 4.36}
{"index": 272, "tag": "695b9184ada84a80ae224e2b2de3dc15", "usable": false, "reasons": ["undriven_commands", "rejected_commands", "skipped_commands", "crown_mismatch"], "seconds": 3.64}
{"index": 273, "tag": "cee2a554f4084339b0d4d13a28056dd6", "usable": false, "reasons": ["undriven_commands", "skipped_commands", "crown_mismatch"], "seconds": 6.33}
{"index": 274, "tag": "ebb0359335ac41248a28bf4d257a6cbc", "usable": false, "reasons": ["undriven_commands", "rejected_commands", "skipped_commands", "crown_mismatch"], "seconds": 3.97}
{"index": 275, "tag": "83a3771ee533404b8aed0ac2993b5469", "usable": false, "reasons": ["crown_mismatch"], "seconds": 10.24}
{"index": 276, "tag": "151da6fa63b240f18cc4e80439d66b61", "usable": true, "reasons": [], "seconds": 3.91}
{"index": 277, "tag": "ae1d9fb92a614a4d8076a5716876fa8a", "usable": true, "reasons": [], "seconds": 4.11}
{"index": 278, "tag": "7fbcc02cf44142e1809d5a8352546f87", "usable": false, "reasons": ["undriven_commands", "skipped_commands"], "seconds": 4.93}
{"index": 279, "tag": "a5eb77fddd0b4884ba2c1c0113a50046", "usable": false, "reasons": ["crown_mismatch"], "seconds": 5.76}
{"index": 280, "tag": "b98e45e1f71b4643b32aba0b621a9c65", "usable": true, "reasons": [], "seconds": 3.59}
{"index": 281, "tag": "f8272ef6c0c94d3a8f951974c6d8b605", "usable": false, "reasons": ["rejected_commands"], "seconds": 3.99}
{"index": 282, "tag": "b1e1008ee9a34ebba0740c21b16709f2", "usable": true, "reasons": [], "seconds": 7.24}
{"index": 283, "tag": "4bf242da0cfc47019e4b11a27335b314", "usable": false, "reasons": ["undriven_commands", "skipped_commands", "crown_mismatch"], "seconds": 7.2}
{"index": 284, "tag": "9bd95a25767048e0af3e11f1ebc4b953", "usable": false, "reasons": ["undriven_commands", "rejected_commands", "skipped_commands"], "seconds": 4.42}
{"index": 285, "tag": "0ebb3b2459b44cd99a80bc908e77caf9", "usable": true, "reasons": [], "seconds": 6.18}
{"index": 286, "tag": "7e57bbe15c66469cb7af395ea99cbe20", "usable": true, "reasons": [], "seconds": 6.51}
{"index": 287, "tag": "94f1926dcc694b829f4cbc91e2e6866d", "usable": true, "reasons": [], "seconds": 4.75}
{"index": 288, "tag": "0226b81acfc04ba28e052c438e05e92d", "usable": true, "reasons": [], "seconds": 6.5}
{"index": 289, "tag": "fae13a42ad214d94b28d8aa48244f714", "usable": true, "reasons": [], "seconds": 3.01}
{"index": 290, "tag": "85cd83b2bdc149309aa60866d6782982", "usable": true, "reasons": [], "seconds": 4.44}
{"index": 291, "tag": "b9093feea7d94a06a1ac4b7127f46f76", "usable": true, "reasons": [], "seconds": 6.89}
{"index": 292, "tag": "086e20b4e10841aab32514083f6f8d78", "usable": true, "reasons": [], "seconds": 1.89}
{"index": 293, "tag": "c6ddbe7d4e6946d585927436a27ca8ee", "usable": false, "reasons": ["crown_mismatch"], "seconds": 7.93}
{"index": 294, "tag": "358c6984a6e2446099fd7457b7f2f7ba", "usable": false, "reasons": ["undriven_commands", "rejected_commands", "skipped_commands"], "seconds": 3.0}
{"index": 295, "tag": "29524bebbdab4a27bd55c209440b02e3", "usable": false, "reasons": ["crown_mismatch"], "seconds": 4.72}
{"index": 296, "tag": "fa0eb8cdfcb34a418c22f2aa0dd0c132", "usable": false, "reasons": ["undriven_commands", "skipped_commands"], "seconds": 4.41}
{"index": 297, "tag": "33990c79527c4ad4a218f450db83e0cc", "usable": false, "reasons": ["undriven_commands", "skipped_commands"], "seconds": 4.56}
{"index": 298, "tag": "aef701e515374e5eb3c8c4b3f76032cb", "usable": false, "reasons": ["undriven_commands", "rejected_commands", "skipped_commands", "crown_mismatch"], "seconds": 5.62}
{"index": 299, "tag": "90c13ab5e4f94f5bbc77b7e25d6940e7", "usable": true, "reasons": [], "seconds": 5.65}
{"index": 300, "tag": "4d97cc3faab94b3e9f49b9561e2884cd", "usable": true, "reasons": [], "seconds": 5.6}
{"index": 301, "tag": "49587dd320254e3caa845f9b29a26166", "usable": false, "reasons": ["undriven_commands", "skipped_commands", "crown_mismatch"], "seconds": 2.8}
{"index": 302, "tag": "9f495d61124144c1b5ebad197350b079", "usable": true, "reasons": [], "seconds": 3.97}
{"index": 303, "tag": "61b0876bcaec4c348df7da1f346f823f", "usable": true, "reasons": [], "seconds": 3.46}
{"index": 304, "tag": "f0bba964edf244bd9fbf671d57e40b91", "usable": true, "reasons": [], "seconds": 5.36}
{"index": 305, "tag": "06c79b74c8654937b654166fdc318ee4", "usable": true, "reasons": [], "seconds": 2.88}
{"index": 306, "tag": "3a2f79c80b7a474783dcd98453b480de", "usable": false, "reasons": ["undriven_commands", "rejected_commands", "skipped_commands", "crown_mismatch"], "seconds": 4.25}
{"index": 307, "tag": "b3e2df3a4fc348239e71e81dcfe59065", "usable": true, "reasons": [], "seconds": 5.86}
{"index": 308, "tag": "1c79c28c57e8424f86b35b2ed7f4fab1", "usable": false, "reasons": ["undriven_commands", "rejected_commands", "skipped_commands"], "seconds": 4.71}
{"index": 309, "tag": "e0532d086f524ed9862a4c0db6d19e9f", "usable": false, "reasons": ["undriven_commands", "skipped_commands"], "seconds": 3.93}
{"index": 310, "tag": "4bb410ff07884d7385d673d35035d2b8", "usable": false, "reasons": ["crown_mismatch"], "seconds": 3.21}
{"index": 311, "tag": "3870428ce97f4afcb429eaa47de5e61e", "usable": true, "reasons": [], "seconds": 3.85}
{"index": 312, "tag": "e25fb84fdf5e4cf493eba432835c25e1", "usable": true, "reasons": [], "seconds": 6.77}
{"index": 313, "tag": "eb36b3e65cf240888e02eeb45286afa0", "usable": false, "reasons": ["undriven_commands", "rejected_commands", "skipped_commands"], "seconds": 4.26}
{"index": 314, "tag": "f925041df0d64cddaf13421a72cf9a79", "usable": false, "reasons": ["undriven_commands", "skipped_commands"], "seconds": 4.7}
{"index": 315, "tag": "c2c5c807aa3040aaa0ad38640245bcb9", "usable": true, "reasons": [], "seconds": 5.18}
{"index": 316, "tag": "d5f5dc8a6990446c8a648530d060e470", "usable": false, "reasons": ["crown_mismatch"], "seconds": 6.46}
{"index": 317, "tag": "b54f9f8c03654efabd69a43dca3029fa", "usable": true, "reasons": [], "seconds": 6.97}
{"index": 318, "tag": "0ca4a32ba0e94429886552685fd1a6e7", "usable": false, "reasons": ["crown_mismatch"], "seconds": 3.85}
{"index": 319, "tag": "f17cb3fad390418f9e072c72ac8e0939", "usable": false, "reasons": ["undriven_commands", "skipped_commands"], "seconds": 3.63}
{"index": 320, "tag": "1f00a2641eb34ce0964657167aa68fd9", "usable": true, "reasons": [], "seconds": 6.25}
{"index": 321, "tag": "0c04c267e8524ac3a3b1f87ccf6b6ad1", "usable": true, "reasons": [], "seconds": 6.87}
{"index": 322, "tag": "d7232dac15984700a587e7103733a9a2", "usable": true, "reasons": [], "seconds": 5.27}
{"index": 323, "tag": "a8b7c88dc41c45fc85ba1ea077be6bee", "usable": false, "reasons": ["undriven_commands", "rejected_commands", "skipped_commands", "crown_mismatch"], "seconds": 4.15}
{"index": 324, "tag": "58ce140deeca4dee8f1b4d8cc9ec52de", "usable": false, "reasons": ["rejected_commands"], "seconds": 6.22}
{"index": 325, "tag": "5a24ee1fbd724000bdb68f7473e1e48a", "usable": true, "reasons": [], "seconds": 6.7}
{"index": 326, "tag": "7e512f840d114ba38c084749d62b6a90", "usable": false, "reasons": ["crown_mismatch"], "seconds": 4.92}
{"index": 327, "tag": "0ff73a926e754fcfbb96961ef2e4c87f", "usable": true, "reasons": [], "seconds": 4.12}
{"index": 328, "tag": "2e12b26c617b4816a388f5b25807b4a4", "usable": false, "reasons": ["undriven_commands", "rejected_commands", "skipped_commands", "crown_mismatch"], "seconds": 4.35}
{"index": 329, "tag": "cbf884704d0c47c283e12005c89ee063", "usable": true, "reasons": [], "seconds": 7.36}
{"index": 330, "tag": "b6eaac7da1864782b7eeb09833b6f755", "usable": false, "reasons": ["undriven_commands", "rejected_commands", "skipped_commands"], "seconds": 5.13}
{"index": 331, "tag": "ea5b1a7fdfad4a1f9d7cde5a993777e7", "usable": true, "reasons": [], "seconds": 4.23}
{"index": 332, "tag": "dd4b81aa842141a1aeaf47b76597b886", "usable": false, "reasons": ["undriven_commands", "rejected_commands", "skipped_commands"], "seconds": 4.43}
{"index": 333, "tag": "dae4e755f90241a99eb92b5a1f574e7e", "usable": true, "reasons": [], "seconds": 6.69}
{"index": 334, "tag": "636ba95d963d4190adf111e7fa7dfdb6", "usable": true, "reasons": [], "seconds": 4.73}
{"index": 335, "tag": "bd6b490577fa4975a913fc3c571a304b", "usable": true, "reasons": [], "seconds": 4.87}
{"index": 336, "tag": "5adcd1782cd94ab784e701eb0d511d96", "usable": true, "reasons": [], "seconds": 4.74}
{"index": 337, "tag": "010a470238c248d18b31492c9ccc4352", "usable": true, "reasons": [], "seconds": 4.45}
{"index": 338, "tag": "0b6645336269423697db9ca228112697", "usable": true, "reasons": [], "seconds": 5.36}
{"index": 339, "tag": "f789f889ee1a4374b25273c9d82e2c74", "usable": false, "reasons": ["undriven_commands", "skipped_commands"], "seconds": 4.89}
{"index": 340, "tag": "1bd9e3a60afd4bf1812319bb15d96795", "usable": false, "reasons": ["crown_mismatch"], "seconds": 6.61}
{"index": 341, "tag": "655000ec6e47456cb638ab01b40e5088", "usable": true, "reasons": [], "seconds": 6.56}
{"index": 342, "tag": "9f2ff69fd3a944b1bc5572d5183c15dc", "usable": true, "reasons": [], "seconds": 7.15}
{"index": 343, "tag": "1007aa0fe9924f579ea1dbafa447201b", "usable": true, "reasons": [], "seconds": 1.62}
{"index": 344, "tag": "fd1f8c52d1664074b3c09b79dea5f4e3", "usable": true, "reasons": [], "seconds": 4.85}
{"index": 345, "tag": "542904f26c3141718a00a7b16afe0421", "usable": false, "reasons": ["rejected_commands"], "seconds": 4.66}
{"index": 346, "tag": "c66636fd5520449483ca07cb6d21b89a", "usable": true, "reasons": [], "seconds": 6.23}
{"index": 347, "tag": "3feda15a4ae14ea69c2b40f1e241dd1a", "usable": false, "reasons": ["undriven_commands", "skipped_commands", "crown_mismatch"], "seconds": 4.84}
{"index": 348, "tag": "38e54e6faf3a4389b1b7259123c71ec6", "usable": false, "reasons": ["undriven_commands", "rejected_commands", "skipped_commands", "crown_mismatch"], "seconds": 3.58}
{"index": 349, "tag": "aef93f8f2e0140a88329010ccb9d0076", "usable": false, "reasons": ["undriven_commands", "skipped_commands", "crown_mismatch"], "seconds": 4.16}
{"index": 350, "tag": "9581bd8a59b6440f9c8d31418e15ac09", "usable": false, "reasons": ["undriven_commands", "rejected_commands", "skipped_commands"], "seconds": 12.33}
{"index": 351, "tag": "1b0ab2538f3e48f5adc4111de6f2f6b0", "usable": true, "reasons": [], "seconds": 4.95}
{"index": 352, "tag": "6aa959e10fd244899c3c8995a53a72b5", "usable": false, "reasons": ["undriven_commands", "rejected_commands", "skipped_commands"], "seconds": 4.12}
{"index": 353, "tag": "edc319653b064a27aee3d4f59c9b8053", "usable": false, "reasons": ["undriven_commands", "skipped_commands"], "seconds": 5.44}
{"index": 354, "tag": "e19d0253ba214c2db7a8dcfec3b2c9a5", "usable": false, "reasons": ["undriven_commands", "rejected_commands", "skipped_commands"], "seconds": 4.11}
{"index": 355, "tag": "d3ba5cca67264bdba1fa6a415c6fb54e", "usable": true, "reasons": [], "seconds": 3.79}
{"index": 356, "tag": "c3a8a0d6b5584157a57bc02d522443f2", "usable": false, "reasons": ["undriven_commands", "skipped_commands"], "seconds": 4.76}
{"index": 357, "tag": "72a8812a2f70484cb774bcfdda10cba0", "usable": true, "reasons": [], "seconds": 2.25}
{"index": 358, "tag": "3c9f6b0ac5794b36ac6bb241649ef778", "usable": true, "reasons": [], "seconds": 8.45}
{"index": 359, "tag": "11be9a64f6744f18896eda3f6b20197a", "usable": true, "reasons": [], "seconds": 3.96}
{"index": 360, "tag": "d04ff884a3584a73a47eae7db767e76e", "usable": true, "reasons": [], "seconds": 3.31}
{"index": 361, "tag": "ebe28c0c60954725b52ab2ba9227de13", "usable": false, "reasons": ["crown_mismatch"], "seconds": 5.63}
{"index": 362, "tag": "5e8309f8814c42f1afb1f226d0663d70", "usable": true, "reasons": [], "seconds": 3.69}
{"index": 363, "tag": "11ac3a41d5e94fef9f1910b53fafa2d2", "usable": false, "reasons": ["crown_mismatch"], "seconds": 4.17}
{"index": 364, "tag": "f590b3df5ad046a297311500ebbbd0af", "usable": false, "reasons": ["undriven_commands", "skipped_commands"], "seconds": 4.86}
{"index": 365, "tag": "c4a96de32a194eb38576e278c4fb4bae", "usable": false, "reasons": ["rejected_commands"], "seconds": 4.82}
{"index": 366, "tag": "6810c8fc87cf4e61ad9b7d9712f33412", "usable": true, "reasons": [], "seconds": 4.24}
{"index": 367, "tag": "371e48512dfc4daba81db294950cb570", "usable": false, "reasons": ["undriven_commands", "rejected_commands", "skipped_commands"], "seconds": 6.64}
{"index": 368, "tag": "55536c9401194b7eaafadebdfaf940a5", "usable": true, "reasons": [], "seconds": 6.74}
{"index": 369, "tag": "0c67bf65aaaa461189430dd37a7bc233", "usable": false, "reasons": ["undriven_commands", "rejected_commands", "skipped_commands", "crown_mismatch"], "seconds": 3.21}
{"index": 370, "tag": "a5dc07c8a5e44213981cd53214ab7939", "usable": true, "reasons": [], "seconds": 5.6}
{"index": 371, "tag": "8b56ff4bc9354377873325a96c178aee", "usable": true, "reasons": [], "seconds": 4.14}
{"index": 372, "tag": "3abee2b082054e42af1b9c19d5e9fec9", "usable": false, "reasons": ["undriven_commands", "rejected_commands", "skipped_commands"], "seconds": 5.2}
{"index": 373, "tag": "3d88347b520049aea8c46e952b775051", "usable": true, "reasons": [], "seconds": 5.29}
{"index": 374, "tag": "52e521f120314ba4a75684a43683b28c", "usable": true, "reasons": [], "seconds": 3.72}
{"index": 375, "tag": "61577e07aa29430c848f4a2f432dc54a", "usable": false, "reasons": ["undriven_commands", "rejected_commands", "skipped_commands", "crown_mismatch"], "seconds": 9.59}
{"index": 376, "tag": "0bc421c6f6d34d6286888495c416b721", "usable": false, "reasons": ["undriven_commands", "rejected_commands", "skipped_commands"], "seconds": 4.8}
{"index": 377, "tag": "b914d59a6141410796cce58bd07735d0", "usable": true, "reasons": [], "seconds": 6.96}
{"index": 378, "tag": "f47d33ec63ee4ce4ae062bb2550e649b", "usable": false, "reasons": ["crown_mismatch"], "seconds": 5.72}
{"index": 379, "tag": "09c9f36b65744a2ebc993ce6fe4844a9", "usable": true, "reasons": [], "seconds": 7.3}
{"index": 380, "tag": "e2c5098717474c7aa34405bdc9e0d26e", "usable": false, "reasons": ["undriven_commands", "skipped_commands", "crown_mismatch"], "seconds": 4.67}
{"index": 381, "tag": "f715f5f28ea34d049510045c476f01d7", "usable": false, "reasons": ["crown_mismatch"], "seconds": 6.99}
{"index": 382, "tag": "8753a70a29884847a3a05edf85b12332", "usable": false, "reasons": ["undriven_commands", "rejected_commands", "skipped_commands", "crown_mismatch"], "seconds": 6.83}
{"index": 383, "tag": "ad16155dcdc64fa494749a9514630840", "usable": false, "reasons": ["undriven_commands", "rejected_commands", "skipped_commands", "crown_mismatch"], "seconds": 7.08}
{"index": 384, "tag": "079001d44f0e4a26a7f5ae8cc6caed77", "usable": true, "reasons": [], "seconds": 4.47}
{"index": 385, "tag": "8d9f3fa8416748f9ae90fbbb98bfe60f", "usable": false, "reasons": ["undriven_commands", "rejected_commands", "skipped_commands", "crown_mismatch"], "seconds": 3.46}
{"index": 386, "tag": "99c60e3861584fb5b83e7d6513e40ecc", "usable": false, "reasons": ["undriven_commands", "rejected_commands", "skipped_commands", "crown_mismatch"], "seconds": 4.8}
{"index": 387, "tag": "8f69d6ad6b0f4d438f24ff5c56421989", "usable": false, "reasons": ["undriven_commands", "rejected_commands", "skipped_commands"], "seconds": 5.96}
{"index": 388, "tag": "5e4ff10fbcca4890a55b2cfe1668a9f9", "usable": true, "reasons": [], "seconds": 6.65}
{"index": 389, "tag": "11d0a02497cc4e6b85f354e10fd694d6", "usable": true, "reasons": [], "seconds": 4.19}
{"index": 390, "tag": "bd9a182e61ef4b84b80ec22faeddd762", "usable": true, "reasons": [], "seconds": 4.55}
{"index": 391, "tag": "4e5cee794f964ea28b3960a05b27fc3a", "usable": true, "reasons": [], "seconds": 6.74}
{"index": 392, "tag": "008cae459a574b979e6cc3ea302a63bd", "usable": true, "reasons": [], "seconds": 4.46}
{"index": 393, "tag": "f631bcf9ff8f447c91dc116b052db9a9", "usable": false, "reasons": ["rejected_commands"], "seconds": 2.74}
{"index": 394, "tag": "1b16f47f8b5d4a3089a51f2563154597", "usable": false, "reasons": ["crown_mismatch"], "seconds": 7.51}
{"index": 395, "tag": "8786ff652e2647da83d014f91e67b465", "usable": true, "reasons": [], "seconds": 4.59}
{"index": 396, "tag": "d2049bf754fb4a78afa5a77443f2b400", "usable": false, "reasons": ["undriven_commands", "rejected_commands", "skipped_commands"], "seconds": 3.77}
{"index": 397, "tag": "ef6b75dbb764461d94d571ec988a83ea", "usable": true, "reasons": [], "seconds": 5.4}
{"index": 398, "tag": "a5b85df6d2d945f2a955405f649a6733", "usable": false, "reasons": ["undriven_commands", "skipped_commands"], "seconds": 6.05}
{"index": 399, "tag": "640d72046a4e42a889ab282d6298dedb", "usable": true, "reasons": [], "seconds": 7.71}
{"index": 400, "tag": "1aee19685eb24bf3a039b44af081d510", "usable": true, "reasons": [], "seconds": 13.05}
{"index": 401, "tag": "3246f686c9784ef3ad696ec535ef7294", "usable": true, "reasons": [], "seconds": 3.87}
{"index": 402, "tag": "390909da1504421cb02100f8b597635d", "usable": true, "reasons": [], "seconds": 4.33}
{"index": 403, "tag": "396ff0f161654529bb2d17eadb724481", "usable": true, "reasons": [], "seconds": 3.88}
{"index": 404, "tag": "a949620bbd9e41f58aafa95d2e056183", "usable": true, "reasons": [], "seconds": 4.06}
{"index": 405, "tag": "72cf4c126b934ebfa27732c33fc688a1", "usable": false, "reasons": ["undriven_commands", "rejected_commands", "skipped_commands", "crown_mismatch"], "seconds": 5.23}
{"index": 406, "tag": "2639de1765d0427ca9a0ab02f9b5190d", "usable": false, "reasons": ["rejected_commands"], "seconds": 5.09}
{"index": 407, "tag": "84b9f0bb30184fccb7c2cd42e79b79d2", "usable": false, "reasons": ["undriven_commands", "rejected_commands", "skipped_commands", "crown_mismatch"], "seconds": 6.07}
{"index": 408, "tag": "3408b8758ed848d1a0c1ff60a5b24e08", "usable": false, "reasons": ["undriven_commands", "rejected_commands", "skipped_commands", "crown_mismatch"], "seconds": 3.17}
{"index": 409, "tag": "3afb84c99b1a4bbcaa1e98a4be2def94", "usable": true, "reasons": [], "seconds": 4.18}
{"index": 410, "tag": "f6a0fea36f994344bbf60c3ba95183a1", "usable": true, "reasons": [], "seconds": 7.45}
{"index": 411, "tag": "0e21bc302629415dad4939693870fc9b", "usable": true, "reasons": [], "seconds": 7.71}
{"index": 412, "tag": "f8b49b3245ae412fbdd6b6f939ad8b06", "usable": true, "reasons": [], "seconds": 4.59}
{"index": 413, "tag": "c6a9cf8f07344b7599191e2328ad6a16", "usable": true, "reasons": [], "seconds": 5.42}
{"index": 414, "tag": "450431a3604a47539b6d378ccbe4c11d", "usable": false, "reasons": ["crown_mismatch"], "seconds": 4.42}
{"index": 415, "tag": "4a3d57ba90cc48c883ca0c2c36b045d3", "usable": true, "reasons": [], "seconds": 7.49}
{"index": 416, "tag": "0631ac928d6143589423bae2fac91556", "usable": true, "reasons": [], "seconds": 2.5}
{"index": 417, "tag": "6844fb21c8a547d49be568080aaf1625", "usable": true, "reasons": [], "seconds": 4.15}
{"index": 418, "tag": "62d6db4cd3404b0e82728a7cce419e5b", "usable": false, "reasons": ["rejected_commands", "crown_mismatch"], "seconds": 4.48}
{"index": 419, "tag": "2d3160465b3a488480bd500ce40a1fbd", "usable": false, "reasons": ["crown_mismatch"], "seconds": 3.95}
{"index": 420, "tag": "253e9ceca4d041248592ae8d7d7b692c", "usable": false, "reasons": ["undriven_commands", "skipped_commands", "crown_mismatch"], "seconds": 5.45}
{"index": 421, "tag": "e8879a9c8c654e39903d8303588ebaf3", "usable": true, "reasons": [], "seconds": 3.64}
{"index": 422, "tag": "9ab7c72d543f484e88876acc31492b64", "usable": true, "reasons": [], "seconds": 6.51}
{"index": 423, "tag": "13f3e2d43aa843d9be48dc8ce3e0d0a7", "usable": true, "reasons": [], "seconds": 3.78}
{"index": 424, "tag": "a4c1ed4c616a4ddda323322f5b14ff7e", "usable": true, "reasons": [], "seconds": 3.77}
{"index": 425, "tag": "176bb6749bed4897a27e08ed7b43ee74", "usable": true, "reasons": [], "seconds": 3.86}
{"index": 426, "tag": "684b62a34810437f9682b25962702a17", "usable": false, "reasons": ["undriven_commands", "skipped_commands"], "seconds": 6.38}
{"index": 427, "tag": "b9eac195c1a246ab9b10efbc10e09885", "usable": true, "reasons": [], "seconds": 7.25}
{"index": 428, "tag": "03b7c567b1ae4acd8eee0232cbcecc73", "usable": false, "reasons": ["rejected_commands"], "seconds": 2.83}
{"index": 429, "tag": "62cf71580299407cb809a540b0b044bb", "usable": false, "reasons": ["undriven_commands", "skipped_commands"], "seconds": 3.88}
{"index": 430, "tag": "7fb5bbd77ead4608811de07352ea2886", "usable": true, "reasons": [], "seconds": 7.08}
{"index": 431, "tag": "efddb76183744b249f897eda8e7533e3", "usable": true, "reasons": [], "seconds": 1.82}
{"index": 432, "tag": "c4498a6ed8bf4c19994e7880bd407391", "usable": false, "reasons": ["undriven_commands", "rejected_commands", "skipped_commands"], "seconds": 4.05}
{"index": 433, "tag": "02b5f0e647b24808b616e82ac31591c6", "usable": false, "reasons": ["crown_mismatch"], "seconds": 3.95}
{"index": 434, "tag": "cb73198aa3284727afb1080b29143c5f", "usable": true, "reasons": [], "seconds": 4.38}
{"index": 435, "tag": "916e29db785540d4b4b3618c10fbb816", "usable": true, "reasons": [], "seconds": 4.71}
{"index": 436, "tag": "9aea595d11704500bc8cc622a2ab2593", "usable": false, "reasons": ["undriven_commands", "skipped_commands", "crown_mismatch"], "seconds": 4.0}
{"index": 437, "tag": "7f7933b594c440918266df345e13b77a", "usable": true, "reasons": [], "seconds": 4.12}
{"index": 438, "tag": "65ceae989a584cec873760e24c141b0a", "usable": false, "reasons": ["undriven_commands", "skipped_commands"], "seconds": 7.88}
{"index": 439, "tag": "dbdcd752dc254a9f9d7b6a9e00fd3d2a", "usable": false, "reasons": ["undriven_commands", "rejected_commands", "skipped_commands", "crown_mismatch"], "seconds": 6.33}
{"index": 440, "tag": "3882924a16f848788de9c4db51c009a6", "usable": true, "reasons": [], "seconds": 3.85}
{"index": 441, "tag": "db48633e70ec4361b6bed532284708e1", "usable": true, "reasons": [], "seconds": 4.53}
{"index": 442, "tag": "c656f563070f4693838f6e0127d27ff7", "usable": false, "reasons": ["undriven_commands", "rejected_commands", "skipped_commands"], "seconds": 7.23}
{"index": 443, "tag": "f8237ac5dae64debba21f72ee4034239", "usable": true, "reasons": [], "seconds": 3.73}
{"index": 444, "tag": "c21f465151424331ae3ad3aa4d2be702", "usable": false, "reasons": ["undriven_commands", "rejected_commands", "skipped_commands", "crown_mismatch"], "seconds": 4.41}
{"index": 445, "tag": "aa1e0a338b694fe9afc89c53fa6249bd", "usable": false, "reasons": ["rejected_commands"], "seconds": 3.82}
{"index": 446, "tag": "24779e277aae4948b5ce5a9adefdcc69", "usable": true, "reasons": [], "seconds": 6.37}
{"index": 447, "tag": "de691cf78ba7418f8d52cb71a4aac065", "usable": false, "reasons": ["undriven_commands", "rejected_commands", "skipped_commands"], "seconds": 4.61}
{"index": 448, "tag": "d7a32705ec4149a099d86714f3efaa15", "usable": true, "reasons": [], "seconds": 2.51}
{"index": 449, "tag": "3c9336c95b39430596f8cf0bc3d33e3c", "usable": false, "reasons": ["undriven_commands", "rejected_commands", "skipped_commands"], "seconds": 3.82}
{"index": 450, "tag": "77ec5e027c174978b7dbcd73e4bcceb2", "usable": false, "reasons": ["undriven_commands", "skipped_commands"], "seconds": 11.11}
{"index": 451, "tag": "538daa870e5c4eafa5292e70c799b52b", "usable": true, "reasons": [], "seconds": 4.32}
{"index": 452, "tag": "72a36e99b11f4204892cc66d3a7afeda", "usable": true, "reasons": [], "seconds": 7.65}
{"index": 453, "tag": "cbbd8430da4d4474bebfe0fbd084d85e", "usable": false, "reasons": ["undriven_commands", "skipped_commands", "crown_mismatch"], "seconds": 2.68}
{"index": 454, "tag": "963d31c3b2d74352b71c1ef76cae6388", "usable": false, "reasons": ["undriven_commands", "rejected_commands", "skipped_commands", "crown_mismatch"], "seconds": 3.74}
{"index": 455, "tag": "3a54dd32f6d04959aae27ecaab4eaa38", "usable": false, "reasons": ["crown_mismatch"], "seconds": 4.15}
{"index": 456, "tag": "e065d61acb7f4305a010ed6d06e166f5", "usable": true, "reasons": [], "seconds": 6.68}
{"index": 457, "tag": "065af0d35506413ca0e6a3aa9e8131b5", "usable": false, "reasons": ["undriven_commands", "skipped_commands"], "seconds": 6.55}
{"index": 458, "tag": "a9e81242ec04461597980e71f92bdb16", "usable": false, "reasons": ["undriven_commands", "rejected_commands", "skipped_commands", "crown_mismatch"], "seconds": 7.23}
{"index": 459, "tag": "aeb6f4e01cb4412db4f6b66eb1947561", "usable": false, "reasons": ["crown_mismatch"], "seconds": 3.51}
{"index": 460, "tag": "0f972b1ac9e44435a4a6975f386d4587", "usable": false, "reasons": ["undriven_commands", "skipped_commands"], "seconds": 5.07}
{"index": 461, "tag": "6671baea97d341c7bc55e5a6a59922e0", "usable": true, "reasons": [], "seconds": 4.85}
{"index": 462, "tag": "31faa36bda72475bb6e9bcae5441fbb6", "usable": true, "reasons": [], "seconds": 4.06}
{"index": 463, "tag": "38709eca06064beca75e4fcea7a35309", "usable": true, "reasons": [], "seconds": 4.5}
{"index": 464, "tag": "06c0f5cf798c426980cac3945248fe96", "usable": false, "reasons": ["rejected_commands"], "seconds": 3.74}
{"index": 465, "tag": "52188917ab964525932ad8f9d6d0def3", "usable": false, "reasons": ["crown_mismatch"], "seconds": 6.69}
{"index": 466, "tag": "a284ea0fa70d4e8c9a38ad4dacb87fee", "usable": true, "reasons": [], "seconds": 7.91}
{"index": 467, "tag": "4907ac53f2a0467c9dd6d1d958aeedfd", "usable": true, "reasons": [], "seconds": 4.06}
{"index": 468, "tag": "20fb2692533845649f5b73fbeb087f49", "usable": true, "reasons": [], "seconds": 6.58}
{"index": 469, "tag": "fef70a8d3fb240cb8b2d239d3456641c", "usable": false, "reasons": ["undriven_commands", "rejected_commands", "skipped_commands", "crown_mismatch"], "seconds": 8.45}
{"index": 470, "tag": "aa04629c13924aa7a7d37583fa65c9de", "usable": true, "reasons": [], "seconds": 3.81}
{"index": 471, "tag": "cdd86a2cb0d64f5d8a6e4d750446c81a", "usable": false, "reasons": ["undriven_commands", "rejected_commands", "skipped_commands"], "seconds": 4.58}
{"index": 472, "tag": "720ab49dcde5479a82f6f4e204b42334", "usable": true, "reasons": [], "seconds": 3.07}
{"index": 473, "tag": "e9a3a9e065ea4ce2a7523ba1d2580c55", "usable": false, "reasons": ["crown_mismatch"], "seconds": 5.75}
{"index": 474, "tag": "9229c70a24b7404ead4d23901d53adbf", "usable": false, "reasons": ["undriven_commands", "rejected_commands", "skipped_commands", "crown_mismatch"], "seconds": 4.27}
{"index": 475, "tag": "06da6571f17640b5aed729689bd32346", "usable": true, "reasons": [], "seconds": 13.83}
{"index": 476, "tag": "3e08d7747e824b738106b9c1a82ff5f6", "usable": true, "reasons": [], "seconds": 5.16}
{"index": 477, "tag": "ca53a0b885f84ab195ec3253529ab583", "usable": false, "reasons": ["undriven_commands", "skipped_commands"], "seconds": 3.53}
{"index": 478, "tag": "b86ec7ffea04484aa260e72591cd75c1", "usable": true, "reasons": [], "seconds": 6.03}
{"index": 479, "tag": "28b7ff2e010b414cbaf05110ad25b083", "usable": false, "reasons": ["undriven_commands", "rejected_commands", "skipped_commands", "crown_mismatch"], "seconds": 3.68}
{"index": 480, "tag": "7814ac412e734eb780612babb1da3b85", "usable": true, "reasons": [], "seconds": 1.9}
{"index": 481, "tag": "e1bfcf28aa4e4fb497ee433a2e2a7535", "usable": false, "reasons": ["undriven_commands", "rejected_commands", "skipped_commands", "crown_mismatch"], "seconds": 5.56}
{"index": 482, "tag": "64cd82cf5f344fcda40a6fdc6624b8ba", "usable": true, "reasons": [], "seconds": 3.71}
{"index": 483, "tag": "dc143b164c534b118a4b34135a02fc67", "usable": true, "reasons": [], "seconds": 6.68}
{"index": 484, "tag": "a1ebe1c52db645c5a8a4a31ff2bbd156", "usable": true, "reasons": [], "seconds": 3.42}
{"index": 485, "tag": "01e2f66314d74ce58d9f9e9aaa65fcbc", "usable": true, "reasons": [], "seconds": 6.43}
{"index": 486, "tag": "99227e0e0630480ca7206d817eeb55b0", "usable": false, "reasons": ["undriven_commands", "rejected_commands", "skipped_commands"], "seconds": 5.26}
{"index": 487, "tag": "318c09f2e9af4332a58d45b52717a790", "usable": true, "reasons": [], "seconds": 4.15}
{"index": 488, "tag": "559b5a5749db416a8297db436bafec94", "usable": false, "reasons": ["undriven_commands", "rejected_commands", "skipped_commands"], "seconds": 3.46}
{"index": 489, "tag": "21b5ce0163ac4506bb4624ae6c23647e", "usable": false, "reasons": ["undriven_commands", "rejected_commands", "skipped_commands"], "seconds": 4.38}
{"index": 490, "tag": "fd623e1791e242bfa70b02a0d3561c54", "usable": true, "reasons": [], "seconds": 6.89}
{"index": 491, "tag": "39d28a51e7c241caa8a42a8fd3d14585", "usable": false, "reasons": ["undriven_commands", "skipped_commands"], "seconds": 7.08}
{"index": 492, "tag": "43a95d72b3974813b68c60f3f332ad85", "usable": false, "reasons": ["undriven_commands", "rejected_commands", "skipped_commands"], "seconds": 3.82}
{"index": 493, "tag": "9b1c62f7d81d4c0fa8c109109afa3d3d", "usable": true, "reasons": [], "seconds": 3.38}
{"index": 494, "tag": "2f09638cdf3d49c49e86700fa1b41514", "usable": true, "reasons": [], "seconds": 5.6}
{"index": 495, "tag": "b361615a2cc54bf1972e92b5e4fbae4a", "usable": false, "reasons": ["undriven_commands", "rejected_commands", "skipped_commands"], "seconds": 4.1}
{"index": 496, "tag": "1975d111fce6495591322c5bb57e0a57", "usable": false, "reasons": ["undriven_commands", "rejected_commands", "skipped_commands", "crown_mismatch"], "seconds": 2.9}
{"index": 497, "tag": "2ef1fb9788cc4a958308065a77aa59e6", "usable": false, "reasons": ["undriven_commands", "rejected_commands", "skipped_commands", "crown_mismatch"], "seconds": 3.49}
{"index": 498, "tag": "a6ed2933ca9b4bb48906ffe9c54d3b48", "usable": false, "reasons": ["rejected_commands"], "seconds": 5.29}
{"index": 499, "tag": "196bb944de6d42f890e0d2f9ec4e2dbb", "usable": true, "reasons": [], "seconds": 3.83}
{"index": 500, "tag": "a1451319a8be4905b8010993cbb0e141", "usable": false, "reasons": ["undriven_commands", "skipped_commands"], "seconds": 8.63}
{"index": 501, "tag": "a847732c4136441985c990f0cd76eff5", "usable": true, "reasons": [], "seconds": 7.55}
{"index": 502, "tag": "0358001d9f364e8790139436187cd154", "usable": false, "reasons": ["undriven_commands", "rejected_commands", "skipped_commands"], "seconds": 5.45}
{"index": 503, "tag": "b8f0f565a589444cab2939dbfe719735", "usable": true, "reasons": [], "seconds": 6.13}
{"index": 504, "tag": "7c61c5cd9bae41a3bb95907557c37f84", "usable": false, "reasons": ["undriven_commands", "rejected_commands", "skipped_commands"], "seconds": 5.82}
{"index": 505, "tag": "25921ebdf2004d33aa14a41e2453c827", "usable": false, "reasons": ["undriven_commands", "rejected_commands", "skipped_commands"], "seconds": 4.81}
{"index": 506, "tag": "9d68babe8ed94156b632504388016bc6", "usable": false, "reasons": ["undriven_commands", "rejected_commands", "skipped_commands"], "seconds": 6.24}
{"index": 507, "tag": "8769ea0796bc44b98495e179a780d6d1", "usable": false, "reasons": ["rejected_commands"], "seconds": 1.65}
{"index": 508, "tag": "8436703b18244690bda1db770cb3f36f", "usable": true, "reasons": [], "seconds": 7.58}
{"index": 509, "tag": "6edd58d752384d90b9a08ae2a6d12653", "usable": false, "reasons": ["undriven_commands", "rejected_commands", "skipped_commands", "crown_mismatch"], "seconds": 4.75}
{"index": 510, "tag": "c1e5e138b7c74cb892969a152adafff5", "usable": false, "reasons": ["crown_mismatch"], "seconds": 7.47}
{"index": 511, "tag": "3a6b7704b80b446ab7ba2dd54fdc8313", "usable": false, "reasons": ["crown_mismatch"], "seconds": 5.95}
{"index": 512, "tag": "f7a4cc918a4a4daca57a6b710f1734c1", "usable": true, "reasons": [], "seconds": 10.17}
{"index": 513, "tag": "331797d5735a4bdd89bb8b30e59d6142", "usable": true, "reasons": [], "seconds": 10.25}
{"index": 514, "tag": "ea6e1d3b536c444db1e3c2be96d4735c", "usable": false, "reasons": ["undriven_commands", "skipped_commands", "crown_mismatch"], "seconds": 5.33}
{"index": 515, "tag": "36bf4693d4ac4f0aab97cfd09600969c", "usable": true, "reasons": [], "seconds": 5.2}
{"index": 516, "tag": "2b02a6e883564a9c8868c6d5511cafef", "usable": true, "reasons": [], "seconds": 3.29}
{"index": 517, "tag": "e196853aa66e44fb8253b8141ff0f570", "usable": true, "reasons": [], "seconds": 5.18}
{"index": 518, "tag": "9b6201510cb746d898023891a186d91e", "usable": false, "reasons": ["crown_mismatch"], "seconds": 10.89}
{"index": 519, "tag": "8e4e13064d54487d8fc441d2930160d5", "usable": true, "reasons": [], "seconds": 5.97}
{"index": 520, "tag": "4ec264053de041f99c0464fbec1ea385", "usable": true, "reasons": [], "seconds": 3.59}
{"index": 521, "tag": "d1af36e542f04705a7f25fa43bb019e4", "usable": true, "reasons": [], "seconds": 5.35}
{"index": 522, "tag": "3c1e9d4472914845aa413e2abae010f9", "usable": false, "reasons": ["rejected_commands"], "seconds": 5.93}
{"index": 523, "tag": "a3a6d84d72664ba09e47f5473fb206d7", "usable": false, "reasons": ["rejected_commands"], "seconds": 4.95}
{"index": 524, "tag": "41c587f61c29467094374931218b5c72", "usable": false, "reasons": ["undriven_commands", "skipped_commands"], "seconds": 8.43}
{"index": 525, "tag": "708c19c80ba94c5ab41aef8ccc7915a3", "usable": false, "reasons": ["undriven_commands", "skipped_commands"], "seconds": 10.93}
{"index": 526, "tag": "7c462cbd03d04ed28530570922dff19b", "usable": false, "reasons": ["undriven_commands", "rejected_commands", "skipped_commands", "crown_mismatch"], "seconds": 5.63}
{"index": 527, "tag": "5170abe57f934c1fbd6379235fa72f36", "usable": true, "reasons": [], "seconds": 5.13}
{"index": 528, "tag": "f5312ca86d4149fcabb7af681284f957", "usable": true, "reasons": [], "seconds": 11.61}
{"index": 529, "tag": "9c1a5a2ed9a641da853e3c0d54fb165f", "usable": false, "reasons": ["undriven_commands", "skipped_commands"], "seconds": 9.8}
{"index": 530, "tag": "5b7fb19dd635451e86cb2c2a8c817257", "usable": true, "reasons": [], "seconds": 10.11}
{"index": 531, "tag": "592fd1c45546464680aeb10c638974dd", "usable": true, "reasons": [], "seconds": 9.87}
{"index": 532, "tag": "731abe9ff25a4ffabfce825f13947803", "usable": true, "reasons": [], "seconds": 8.43}
{"index": 533, "tag": "5465967a83c545de8ce3222e3fdd9fae", "usable": false, "reasons": ["undriven_commands", "rejected_commands", "skipped_commands"], "seconds": 5.85}
{"index": 534, "tag": "2330aca122ce4aad91d03964b9c505f6", "usable": true, "reasons": [], "seconds": 9.13}
{"index": 535, "tag": "8f0af674a7d6425eb3887d3aae9cbd03", "usable": true, "reasons": [], "seconds": 5.93}
{"index": 536, "tag": "148359fb8b0146669d68f03600c09086", "usable": false, "reasons": ["undriven_commands", "rejected_commands", "skipped_commands", "crown_mismatch"], "seconds": 4.93}
{"index": 537, "tag": "88a3b1b097eb44dda9a4d4a7d055bd7c", "usable": false, "reasons": ["crown_mismatch"], "seconds": 7.42}
{"index": 538, "tag": "66e86f5683c045c9a4ad17e906a56919", "usable": true, "reasons": [], "seconds": 5.54}
{"index": 539, "tag": "977aa01e93224afd9f89103e50274876", "usable": true, "reasons": [], "seconds": 5.85}
{"index": 540, "tag": "06e8fb4f759744158245d43df09918f5", "usable": false, "reasons": ["undriven_commands", "skipped_commands"], "seconds": 6.71}
{"index": 541, "tag": "9c70250a4b38427199173d081006aeee", "usable": false, "reasons": ["undriven_commands", "rejected_commands", "skipped_commands", "crown_mismatch"], "seconds": 3.79}
{"index": 542, "tag": "f1ea4394a9734ce28cea01b908521f0c", "usable": true, "reasons": [], "seconds": 4.42}
{"index": 543, "tag": "f6921fa45b22486b8eae4ebf44a7eb8a", "usable": true, "reasons": [], "seconds": 6.97}
{"index": 544, "tag": "0b50a7cbb3f04286918874afa555dcfd", "usable": false, "reasons": ["rejected_commands"], "seconds": 2.93}
{"index": 545, "tag": "5ca838e31f404142a946f415dd659f8a", "usable": true, "reasons": [], "seconds": 3.4}
{"index": 546, "tag": "5db624c4d0b54ee58010f7691d20727b", "usable": false, "reasons": ["undriven_commands", "rejected_commands", "skipped_commands", "crown_mismatch"], "seconds": 3.54}
{"index": 547, "tag": "ac980442f60240ab9af6106cc44104dc", "usable": true, "reasons": [], "seconds": 2.2}
{"index": 548, "tag": "c00e2088123f4ec3a1e694b5505402fc", "usable": true, "reasons": [], "seconds": 5.37}
{"index": 549, "tag": "f5dfd39141534d80bdbf53d8e29e345a", "usable": false, "reasons": ["undriven_commands", "rejected_commands", "skipped_commands", "crown_mismatch"], "seconds": 4.38}
{"index": 550, "tag": "81676e0279474096849581476df44078", "usable": true, "reasons": [], "seconds": 5.29}
{"index": 551, "tag": "b73e5d570a914202ac2721e1b7b027b2", "usable": true, "reasons": [], "seconds": 4.99}
{"index": 552, "tag": "4b38d57a5bcd43e1ba984d283c14dac8", "usable": true, "reasons": [], "seconds": 6.8}
{"index": 553, "tag": "103761a64abd496ab34509215d7f66f9", "usable": false, "reasons": ["undriven_commands", "rejected_commands", "skipped_commands"], "seconds": 4.81}
{"index": 554, "tag": "dfbcad58416c4fd6bf77ced3fa2045ef", "usable": false, "reasons": ["undriven_commands", "rejected_commands", "skipped_commands", "crown_mismatch"], "seconds": 5.57}
{"index": 555, "tag": "ceeaf743827345cca6a98d73a5fb764b", "usable": false, "reasons": ["undriven_commands", "rejected_commands", "skipped_commands"], "seconds": 4.04}
{"index": 556, "tag": "f85a8f36865f43c6b42a25534ba2e05c", "usable": false, "reasons": ["crown_mismatch"], "seconds": 5.23}
{"index": 557, "tag": "5111482055f448c1b84ad1f035d7d5c6", "usable": false, "reasons": ["undriven_commands", "rejected_commands", "skipped_commands"], "seconds": 4.85}
{"index": 558, "tag": "217bd453b36e4f8b8b554e64972a2034", "usable": false, "reasons": ["rejected_commands"], "seconds": 3.83}
{"index": 559, "tag": "8c75244942d34faa8783d4f0a0ae3cab", "usable": true, "reasons": [], "seconds": 5.57}
{"index": 560, "tag": "c9c303dec8cb4192b129f32aa44268c2", "usable": false, "reasons": ["undriven_commands", "rejected_commands", "skipped_commands"], "seconds": 3.75}
{"index": 561, "tag": "8c5079c7a3384a598d9fdf80d149d42e", "usable": false, "reasons": ["undriven_commands", "rejected_commands", "skipped_commands"], "seconds": 3.92}
{"index": 562, "tag": "3783a72352ef4ffeb9eabc99b9d28c7d", "usable": false, "reasons": ["rejected_commands"], "seconds": 6.24}
{"index": 563, "tag": "2cc5404a41db49b5ada810c509c6fec8", "usable": true, "reasons": [], "seconds": 4.2}
{"index": 564, "tag": "bb8daae933674855a62c8fc023fd5c88", "usable": false, "reasons": ["undriven_commands", "rejected_commands", "skipped_commands", "crown_mismatch"], "seconds": 3.57}
{"index": 565, "tag": "96266e3a8d2c46648987d5dddd0e3fbc", "usable": false, "reasons": ["undriven_commands", "skipped_commands", "crown_mismatch"], "seconds": 4.65}
{"index": 566, "tag": "cf104aeefce84a10b2940f5488db3b68", "usable": false, "reasons": ["undriven_commands", "rejected_commands", "skipped_commands"], "seconds": 3.78}
{"index": 567, "tag": "d46a127e9a90492f9dffef4fd8a20e83", "usable": true, "reasons": [], "seconds": 6.2}
{"index": 568, "tag": "913c3abc451d474dbf09ff3957c90548", "usable": false, "reasons": ["undriven_commands", "rejected_commands", "skipped_commands"], "seconds": 5.62}
{"index": 569, "tag": "849b99b54f894155a1179a34297625e9", "usable": false, "reasons": ["undriven_commands", "rejected_commands", "skipped_commands"], "seconds": 3.89}
{"index": 570, "tag": "e1eebb1c10fc4da293cc8af26dcde61d", "usable": false, "reasons": ["rejected_commands"], "seconds": 6.89}
{"index": 571, "tag": "65fb5c087f764b6783e94369cfd54461", "usable": false, "reasons": ["undriven_commands", "skipped_commands"], "seconds": 4.72}
{"index": 572, "tag": "c6f449139a714f0e8beb0a893f966af2", "usable": true, "reasons": [], "seconds": 7.27}
{"index": 573, "tag": "4f515db971a84d2d82fdaa7e980c8653", "usable": false, "reasons": ["undriven_commands", "rejected_commands", "skipped_commands"], "seconds": 4.29}
{"index": 574, "tag": "f44467af532749838c3393040611be63", "usable": false, "reasons": ["undriven_commands", "skipped_commands"], "seconds": 5.04}
{"index": 575, "tag": "a575f854890d4e19ae30ce8fde8ffb98", "usable": true, "reasons": [], "seconds": 8.22}
{"index": 576, "tag": "14405180855b42b9baaacd10beec0c4b", "usable": false, "reasons": ["undriven_commands", "skipped_commands"], "seconds": 1.98}
{"index": 577, "tag": "eb663ab86b5d41bdbd56af7665544bea", "usable": false, "reasons": ["undriven_commands", "rejected_commands", "skipped_commands", "crown_mismatch"], "seconds": 3.82}
{"index": 578, "tag": "1ab650e01f13425da0f2a58a7f50b6b0", "usable": false, "reasons": ["undriven_commands", "rejected_commands", "skipped_commands"], "seconds": 4.9}
{"index": 579, "tag": "6606a4e8cddf4624904007ef90f39746", "usable": true, "reasons": [], "seconds": 2.85}
{"index": 580, "tag": "4a3f7498dd194acd89d32ca77159bf2a", "usable": false, "reasons": ["undriven_commands", "rejected_commands", "skipped_commands"], "seconds": 6.01}
{"index": 581, "tag": "7132574716884c34a7f045a09f5a9a0d", "usable": false, "reasons": ["undriven_commands", "skipped_commands"], "seconds": 4.93}
{"index": 582, "tag": "cc3c27f07ee04bb780a1e9283afc83cc", "usable": true, "reasons": [], "seconds": 6.92}
{"index": 583, "tag": "10464d3bd0124e78b9844d6d665c23a8", "usable": true, "reasons": [], "seconds": 4.16}
{"index": 584, "tag": "289080aaa1f4428b8a2fd05cc999b297", "usable": true, "reasons": [], "seconds": 7.71}
{"index": 585, "tag": "49cd7aade7a5420b962a82b1bad8e4ba", "usable": true, "reasons": [], "seconds": 4.28}
{"index": 586, "tag": "d9c1b12138184e158536640a5ad80e32", "usable": true, "reasons": [], "seconds": 6.84}
{"index": 587, "tag": "73b8a7dff2084e119a10734ba720d6d9", "usable": false, "reasons": ["rejected_commands"], "seconds": 4.2}
{"index": 588, "tag": "b14eb55e54e94e94a4c4477c93cb0b51", "usable": false, "reasons": ["crown_mismatch"], "seconds": 6.37}
{"index": 589, "tag": "f4d5ebe292dd42ceb95bed84ac9547ae", "usable": false, "reasons": ["undriven_commands", "skipped_commands", "crown_mismatch"], "seconds": 7.17}
{"index": 590, "tag": "d0fd34d6e15d476f912ac86906cbd3b4", "usable": true, "reasons": [], "seconds": 7.18}
{"index": 591, "tag": "07055a915f2d44479b74e5d5b02f40d7", "usable": false, "reasons": ["crown_mismatch"], "seconds": 6.83}
{"index": 592, "tag": "c5e1ca0da49342a39fb6fdf59bc9aef2", "usable": false, "reasons": ["undriven_commands", "rejected_commands", "skipped_commands"], "seconds": 5.67}
{"index": 593, "tag": "7da468f242c74a97887b723e29775c81", "usable": true, "reasons": [], "seconds": 5.46}
{"index": 594, "tag": "4cc2b6bd0b7149ae8da3c003e7dfbfbc", "usable": true, "reasons": [], "seconds": 7.48}
{"index": 595, "tag": "10bb05ef58cf47c6b0fdeefdc5ebf1f4", "usable": true, "reasons": [], "seconds": 4.12}
{"index": 596, "tag": "95408b56d0264025bcfdb9f8404017d8", "usable": true, "reasons": [], "seconds": 6.21}
{"index": 597, "tag": "127ccffccd354d03a4e13187efb0d60c", "usable": false, "reasons": ["undriven_commands", "rejected_commands", "skipped_commands"], "seconds": 4.3}
{"index": 598, "tag": "3d43c1debd324e9da8660a35e36cf8e7", "usable": false, "reasons": ["undriven_commands", "rejected_commands", "skipped_commands"], "seconds": 5.21}
{"index": 599, "tag": "ccedddf02b4f47cdb064f80647c090d0", "usable": false, "reasons": ["rejected_commands"], "seconds": 5.52}
{"index": 600, "tag": "beefe58efea3484f925abfbf69ed7b27", "usable": true, "reasons": [], "seconds": 12.12}
{"index": 601, "tag": "d3a066be6a8c4bcd9ef3297548f05078", "usable": true, "reasons": [], "seconds": 4.43}
{"index": 602, "tag": "2f48b07c70a840618b47c3b497580e19", "usable": true, "reasons": [], "seconds": 3.57}
{"index": 603, "tag": "2d0cd48ac7414c68b8dc4b5c9f2f49e1", "usable": true, "reasons": [], "seconds": 4.31}
{"index": 604, "tag": "b2f75b5c28aa48fab3f0111c2b8959b5", "usable": false, "reasons": ["undriven_commands", "rejected_commands", "skipped_commands"], "seconds": 5.19}
{"index": 605, "tag": "6d9c40b5ff59444893ad8d36d14fdca4", "usable": false, "reasons": ["crown_mismatch"], "seconds": 4.94}
{"index": 606, "tag": "9509770fef194077b7fff5bfb2e3f5b7", "usable": false, "reasons": ["undriven_commands", "rejected_commands", "skipped_commands"], "seconds": 6.28}
{"index": 607, "tag": "b736ee647f044eebb4d8f40891f2ddb9", "usable": false, "reasons": ["undriven_commands", "skipped_commands"], "seconds": 6.91}
{"index": 608, "tag": "9467ae8cb1ee4709ba5593edc043cf76", "usable": true, "reasons": [], "seconds": 6.35}
{"index": 609, "tag": "7dcca264036941478ba01286e54b16d4", "usable": false, "reasons": ["undriven_commands", "skipped_commands"], "seconds": 7.54}
{"index": 610, "tag": "a913bfa592de4c81a288db7928f17972", "usable": false, "reasons": ["undriven_commands", "rejected_commands", "skipped_commands", "crown_mismatch"], "seconds": 4.5}
{"index": 611, "tag": "e311f49c1232407aa4cc7afd098e5c99", "usable": true, "reasons": [], "seconds": 4.37}
{"index": 612, "tag": "1e7d96c326c24a52901b7f9fb80e110b", "usable": true, "reasons": [], "seconds": 7.26}
{"index": 613, "tag": "e0b098af091e4e0ba163e2beb734aa9b", "usable": false, "reasons": ["crown_mismatch"], "seconds": 3.85}
{"index": 614, "tag": "1b84ef4d50b34a028f1fadb58c54ec1a", "usable": true, "reasons": [], "seconds": 4.12}
{"index": 615, "tag": "b2b515ff043a4b0aac9047eb570e6aaf", "usable": false, "reasons": ["undriven_commands", "rejected_commands", "skipped_commands", "crown_mismatch"], "seconds": 4.1}
{"index": 616, "tag": "6aa1a5e050ae45ebab202f233ed0ccf9", "usable": false, "reasons": ["crown_mismatch"], "seconds": 4.12}
{"index": 617, "tag": "0925048ad86345aaa5ea4ca89265fc7b", "usable": false, "reasons": ["undriven_commands", "rejected_commands", "skipped_commands"], "seconds": 5.31}
{"index": 618, "tag": "11a5bf4686444210bd665b3c1df3b005", "usable": true, "reasons": [], "seconds": 4.8}
{"index": 619, "tag": "6c87948317be468f80352c27dbd942a0", "usable": false, "reasons": ["undriven_commands", "rejected_commands", "skipped_commands"], "seconds": 6.0}
{"index": 620, "tag": "2109664c1eeb40d4b9ff488b1bf6b9c1", "usable": true, "reasons": [], "seconds": 3.66}
{"index": 621, "tag": "69f9af064ca04efdbc6e791f38c916a1", "usable": false, "reasons": ["undriven_commands", "rejected_commands", "skipped_commands", "crown_mismatch"], "seconds": 3.48}
{"index": 622, "tag": "8358ca3b086f4c4eb6695bd01edfc1aa", "usable": false, "reasons": ["undriven_commands", "rejected_commands", "skipped_commands", "crown_mismatch"], "seconds": 8.15}
{"index": 623, "tag": "d67f59676be34a54b10d5d85ad6d8ea7", "usable": false, "reasons": ["undriven_commands", "rejected_commands", "skipped_commands"], "seconds": 4.87}
{"index": 624, "tag": "caf6a42443ad450691c9987a76b5534c", "usable": true, "reasons": [], "seconds": 7.08}
{"index": 625, "tag": "bf00e80f09c642dc9d32b46a51550918", "usable": false, "reasons": ["undriven_commands", "skipped_commands"], "seconds": 11.53}
{"index": 626, "tag": "a684f71d197747869cc8b2e4894efc55", "usable": false, "reasons": ["undriven_commands", "rejected_commands", "skipped_commands", "crown_mismatch"], "seconds": 3.82}
{"index": 627, "tag": "c3d8721d27d34ce7966c89c99e11a29d", "usable": false, "reasons": ["undriven_commands", "rejected_commands", "skipped_commands"], "seconds": 6.77}
{"index": 628, "tag": "cec361538a7d4b7195b481b4af3ba166", "usable": true, "reasons": [], "seconds": 6.94}
{"index": 629, "tag": "31dc25e68aaf498a954963ec40f989fc", "usable": true, "reasons": [], "seconds": 2.82}
{"index": 630, "tag": "3619f39ab37d46acaa6b28923e871401", "usable": true, "reasons": [], "seconds": 3.06}
{"index": 631, "tag": "eb0654f2c73543619205856261befb15", "usable": true, "reasons": [], "seconds": 5.51}
{"index": 632, "tag": "db325cbb22ae401fa50b3a9eb41444f0", "usable": false, "reasons": ["undriven_commands", "rejected_commands", "skipped_commands"], "seconds": 4.24}
{"index": 633, "tag": "0ccc29e9aaee44b985a202a1c31f900a", "usable": false, "reasons": ["undriven_commands", "rejected_commands", "skipped_commands", "crown_mismatch"], "seconds": 2.63}
{"index": 634, "tag": "03d31703dab042fc9208b69ece9e7c9d", "usable": false, "reasons": ["undriven_commands", "rejected_commands", "skipped_commands"], "seconds": 1.96}
{"index": 635, "tag": "7da70cd8831f41e08afc7db3a3fdf057", "usable": true, "reasons": [], "seconds": 6.29}
{"index": 636, "tag": "e5661b7efd4d4ccc840e0204c0634600", "usable": true, "reasons": [], "seconds": 7.87}
{"index": 637, "tag": "351e5815bbb040f1bfba6a5ef2c12b7e", "usable": true, "reasons": [], "seconds": 3.11}
{"index": 638, "tag": "577c8f2e1af84d9fb3b848af3879d6d8", "usable": true, "reasons": [], "seconds": 3.81}
{"index": 639, "tag": "5fdeb94c6c7f4b1eb32cd44813071a2a", "usable": true, "reasons": [], "seconds": 3.99}
{"index": 640, "tag": "12f39bd51bd84ab598b990cfbadca787", "usable": true, "reasons": [], "seconds": 5.24}
{"index": 641, "tag": "5a8a3cbc6e934701a51bd25256c8a72c", "usable": false, "reasons": ["crown_mismatch"], "seconds": 3.53}
{"index": 642, "tag": "ca1d3a6d7a9d411eac7376b8bf67acd9", "usable": false, "reasons": ["undriven_commands", "rejected_commands", "skipped_commands", "crown_mismatch"], "seconds": 5.21}
{"index": 643, "tag": "a2c223b0767f48e19e4984f375c0d52b", "usable": true, "reasons": [], "seconds": 2.51}
{"index": 644, "tag": "ecc0c88447ce40c3bdbe6c5b06ee13bd", "usable": false, "reasons": ["undriven_commands", "rejected_commands", "skipped_commands"], "seconds": 5.48}
RESERVED_PILOT_COLLECTION_COMPLETE
