Traceback (most recent call last):
  File "C:\Users\benpe\ClashBot\scratchpad\gauntlet\L72\improvement_loop\development_gameplay_1\preflight.py", line 31, in <module>
    if __name__=='__main__':main()
                            ~~~~^^
  File "C:\Users\benpe\ClashBot\scratchpad\gauntlet\L72\improvement_loop\development_gameplay_1\preflight.py", line 7, in main
    p=check();v=read(HERE/'verified.json');assert v['complete'] and v['prepared_sha256']==sha(HERE/'prepared.json')
                ~~~~^^^^^^^^^^^^^^^^^^^^^^
  File "C:\Users\benpe\ClashBot\scratchpad\gauntlet\L72\improvement_loop\development_gameplay_1\common.py", line 14, in read
    def read(p):return json.loads(Path(p).read_text())
                                  ~~~~~~~~~~~~~~~~~^^
  File "C:\Users\benpe\AppData\Local\Programs\Python\Python313\Lib\pathlib\_local.py", line 546, in read_text
    return PathBase.read_text(self, encoding, errors, newline)
           ~~~~~~~~~~~~~~~~~~^^^^^^^^^^^^^^^^^^^^^^^^^^^^^^^^^
  File "C:\Users\benpe\AppData\Local\Programs\Python\Python313\Lib\pathlib\_abc.py", line 632, in read_text
    with self.open(mode='r', encoding=encoding, errors=errors, newline=newline) as f:
         ~~~~~~~~~^^^^^^^^^^^^^^^^^^^^^^^^^^^^^^^^^^^^^^^^^^^^^^^^^^^^^^^^^^^^^
  File "C:\Users\benpe\AppData\Local\Programs\Python\Python313\Lib\pathlib\_local.py", line 537, in open
    return io.open(self, mode, buffering, encoding, errors, newline)
           ~~~~~~~^^^^^^^^^^^^^^^^^^^^^^^^^^^^^^^^^^^^^^^^^^^^^^^^^^
FileNotFoundError: [Errno 2] No such file or directory: 'C:\\Users\\benpe\\ClashBot\\scratchpad\\gauntlet\\L72\\improvement_loop\\development_gameplay_1\\verified.json'
