{
 "A": "scratchpad\\gauntlet\\L68\\overnight0929\\train_tau0.27.jsonl",
 "B": "scratchpad\\gauntlet\\L68\\rl\\league1b_accept\\train_league1_u0020.jsonl",
 "A_screen": {
  "n": 299,
  "winrate": 0.9230769230769231,
  "exploit": {
   "outlived_win_share": 0.2463768115942029,
   "low_delivered_win_share": 0.07608695652173914,
   "ghost_refused_per_match": 0.20735785953177258
  },
  "plays_per_min": 10.564220025300694
 },
 "B_vs_A": {
  "n": 299,
  "winrate": 0.939799331103679,
  "exploit": {
   "outlived_win_share": 0.2277580071174377,
   "low_delivered_win_share": 0.07473309608540925,
   "ghost_refused_per_match": 0.2508361204013378
  },
  "plays_per_min": 9.949189670687257,
  "paired": 299,
  "paired_entries": 299,
  "delta_pp": 1.6722408026755853,
  "ci_lo_pp": -2.0066889632107023,
  "ci_hi_pp": 5.351170568561873,
  "better": 19,
  "worse": 14,
  "exploit_init": {
   "outlived_win_share": 0.2463768115942029,
   "low_delivered_win_share": 0.07608695652173914,
   "ghost_refused_per_match": 0.20735785953177258
  },
  "exploit_cand": {
   "outlived_win_share": 0.2277580071174377,
   "low_delivered_win_share": 0.07473309608540925,
   "ghost_refused_per_match": 0.2508361204013378
  }
 }
}
