{
 "A": "scratchpad\\gauntlet\\L68\\overnight0929\\train_tau0.27.jsonl",
 "B": "scratchpad\\gauntlet\\L68\\rl\\league1b_accept\\train_league1b_u0030.jsonl",
 "A_screen": {
  "n": 299,
  "winrate": 0.9230769230769231,
  "exploit": {
   "outlived_win_share": 0.2463768115942029,
   "low_delivered_win_share": 0.07608695652173914,
   "ghost_refused_per_match": 0.20735785953177258
  },
  "plays_per_min": 10.564220025300694
 },
 "B_vs_A": {
  "n": 299,
  "winrate": 0.919732441471572,
  "exploit": {
   "outlived_win_share": 0.24,
   "low_delivered_win_share": 0.07272727272727272,
   "ghost_refused_per_match": 0.22073578595317725
  },
  "plays_per_min": 9.978018498998061,
  "paired": 299,
  "paired_entries": 299,
  "delta_pp": -0.33444816053511706,
  "ci_lo_pp": -4.013377926421405,
  "ci_hi_pp": 3.3444816053511706,
  "better": 14,
  "worse": 15,
  "exploit_init": {
   "outlived_win_share": 0.2463768115942029,
   "low_delivered_win_share": 0.07608695652173914,
   "ghost_refused_per_match": 0.20735785953177258
  },
  "exploit_cand": {
   "outlived_win_share": 0.24,
   "low_delivered_win_share": 0.07272727272727272,
   "ghost_refused_per_match": 0.22073578595317725
  }
 }
}
