{
  "ready": true,
  "mode": "serve-direct",
  "slot": 0,
  "port": 37031,
  "serial": "emulator-5560",
  "remote_root": "/data/local/tmp/cr-native-direct-0",
  "guest_pids": [
    2086
  ],
  "state": {
    "rva": "0x1ab9910",
    "buckets": "0x76b98c56eac0",
    "bucket_count": 11,
    "first": "0x76b94c59d010",
    "size": 8,
    "max_load_factor_bits": "0x3f800000",
    "manager_root": "0x76b9cc88c8f0",
    "context": "0x76ba2c64fb00",
    "state_vtable": "0x76b90b1a9570",
    "state_methods_rva": [
      "0xcdf460",
      "0xce0170",
      "0xce25b0",
      "0xce2610",
      "0xce2660",
      "0xce26b0",
      "0x72e4b0",
      "0x72e4c0",
      "0xce01b0",
      "0xce0a70",
      "0xce0ed0",
      "0xce0fd0",
      "0xce0ee0",
      "0xce26d0",
      "0xce4ed0",
      "0xce3600",
      "0xcdb9e0",
      "0xce3680",
      "0xffff8946f6791ff0",
      "0x0",
      "0xce0160",
      "0xce0190",
      "0x10b7490",
      "0x992890"
    ],
    "manager_phase": 3,
    "current_state_type": 4,
    "pending_state_type": 0,
    "replay_data": "0x76b97db07750",
    "replay_keys": {
      "battle": "battle",
      "cmd": "cmd",
      "first_int": "rndSeed",
      "second_int": "time"
    },
    "battle": "0x76ba0e37d090",
    "battle_vtable": "0x0",
    "battle_methods_rva": [
      "0x0",
      "0x0",
      "0x0",
      "0x0",
      "0x0",
      "0x0",
      "0x0",
      "0x0",
      "0x0",
      "0x0",
      "0x0",
      "0x0"
    ],
    "tick": 10,
    "read_ok": {
      "map": true,
      "root": true,
      "context": true,
      "manager_fields": true,
      "battle": true,
      "tick": true
    }
  }
}
