{"schema_version":1,"stage":"jni_on_load","event":"before_system_load","path":"/data/local/tmp/cr-native-direct-0/libg.so"}
java.lang.ClassNotFoundException: com.supercell.titan.UnityAdsTitan
	at java.lang.Runtime.nativeLoad(Native Method)
	at java.lang.Runtime.nativeLoad(Runtime.java:1121)
	at java.lang.Runtime.load0(Runtime.java:927)
	at java.lang.System.load(System.java:1620)
	at royale.nativehost.JniHost.main(JniHost.java:98)
	at com.android.internal.os.RuntimeInit.nativeFinishInit(Native Method)
	at com.android.internal.os.RuntimeInit.main(RuntimeInit.java:355)
{"schema_version":1,"stage":"jni_on_load","event":"after_system_load","ok":true}
{"schema_version":1,"stage":"package_context","ok":true,"context_class":"android.app.ContextImpl","assets_class":"android.content.res.AssetManager"}
{"schema_version":1,"stage":"runtime_probe","event":"after_system_load","value":{"rva":"0x1ab9910","buckets":"0x0","bucket_count":0,"first":"0x0","size":0,"max_load_factor_bits":"0x3f800000","manager_root":"0x0","context":"0x0","state_vtable":"0x0","state_methods_rva":["0x0","0x0","0x0","0x0","0x0","0x0","0x0","0x0","0x0","0x0","0x0","0x0","0x0","0x0","0x0","0x0","0x0","0x0","0x0","0x0","0x0","0x0","0x0","0x0"],"manager_phase":-1,"current_state_type":-1,"pending_state_type":-1,"replay_data":"0x0","replay_keys":{"battle":"battle","cmd":"cmd","first_int":"rndSeed","second_int":"time"},"battle":"0x0","battle_vtable":"0x0","battle_methods_rva":["0x0","0x0","0x0","0x0","0x0","0x0","0x0","0x0","0x0","0x0","0x0","0x0"],"tick":-1,"read_ok":{"map":true,"root":true,"context":false,"manager_fields":false,"battle":false,"tick":false}}}
{"schema_version":1,"stage":"native_libraries_loaded","event":"before"}
{"schema_version":1,"stage":"native_libraries_loaded","event":"after"}
{"schema_version":1,"stage":"runtime_probe","event":"after_native_libraries_loaded","value":{"rva":"0x1ab9910","buckets":"0x0","bucket_count":0,"first":"0x0","size":0,"max_load_factor_bits":"0x3f800000","manager_root":"0x0","context":"0x0","state_vtable":"0x0","state_methods_rva":["0x0","0x0","0x0","0x0","0x0","0x0","0x0","0x0","0x0","0x0","0x0","0x0","0x0","0x0","0x0","0x0","0x0","0x0","0x0","0x0","0x0","0x0","0x0","0x0"],"manager_phase":-1,"current_state_type":-1,"pending_state_type":-1,"replay_data":"0x0","replay_keys":{"battle":"battle","cmd":"cmd","first_int":"rndSeed","second_int":"time"},"battle":"0x0","battle_vtable":"0x0","battle_methods_rva":["0x0","0x0","0x0","0x0","0x0","0x0","0x0","0x0","0x0","0x0","0x0","0x0"],"tick":-1,"read_ok":{"map":true,"root":true,"context":false,"manager_fields":false,"battle":false,"tick":false}}}
{"schema_version":1,"stage":"application_create","event":"before"}
{"schema_version":1,"stage":"application_create","event":"after"}
{"schema_version":1,"stage":"runtime_probe","event":"after_application_create","value":{"rva":"0x1ab9910","buckets":"0x0","bucket_count":0,"first":"0x0","size":0,"max_load_factor_bits":"0x3f800000","manager_root":"0x0","context":"0x0","state_vtable":"0x0","state_methods_rva":["0x0","0x0","0x0","0x0","0x0","0x0","0x0","0x0","0x0","0x0","0x0","0x0","0x0","0x0","0x0","0x0","0x0","0x0","0x0","0x0","0x0","0x0","0x0","0x0"],"manager_phase":-1,"current_state_type":-1,"pending_state_type":-1,"replay_data":"0x0","replay_keys":{"battle":"battle","cmd":"cmd","first_int":"rndSeed","second_int":"time"},"battle":"0x0","battle_vtable":"0x0","battle_methods_rva":["0x0","0x0","0x0","0x0","0x0","0x0","0x0","0x0","0x0","0x0","0x0","0x0"],"tick":-1,"read_ok":{"map":true,"root":true,"context":false,"manager_fields":false,"battle":false,"tick":false}}}
sh: /system/xbin/which: inaccessible or not found
{"schema_version":1,"stage":"create_game_main","ok":true,"result":"r6VRV=>.A2=^(6ZW:hv'N$;Qr(/}avPVbF6@;}k["}
{"schema_version":1,"stage":"runtime_probe","event":"after_create_game_main","value":{"rva":"0x1ab9910","buckets":"0x0","bucket_count":0,"first":"0x0","size":0,"max_load_factor_bits":"0x3f800000","manager_root":"0x0","context":"0x0","state_vtable":"0x0","state_methods_rva":["0x0","0x0","0x0","0x0","0x0","0x0","0x0","0x0","0x0","0x0","0x0","0x0","0x0","0x0","0x0","0x0","0x0","0x0","0x0","0x0","0x0","0x0","0x0","0x0"],"manager_phase":-1,"current_state_type":-1,"pending_state_type":-1,"replay_data":"0x0","replay_keys":{"battle":"battle","cmd":"cmd","first_int":"rndSeed","second_int":"time"},"battle":"0x0","battle_vtable":"0x0","battle_methods_rva":["0x0","0x0","0x0","0x0","0x0","0x0","0x0","0x0","0x0","0x0","0x0","0x0"],"tick":-1,"read_ok":{"map":true,"root":true,"context":false,"manager_fields":false,"battle":false,"tick":false}}}
{"schema_version":1,"stage":"activity_create","event":"before"}
{"schema_version":1,"stage":"activity_create","event":"after"}
{"schema_version":1,"stage":"runtime_probe","event":"after_activity_create","value":{"rva":"0x1ab9910","buckets":"0x0","bucket_count":0,"first":"0x0","size":0,"max_load_factor_bits":"0x3f800000","manager_root":"0x0","context":"0x0","state_vtable":"0x0","state_methods_rva":["0x0","0x0","0x0","0x0","0x0","0x0","0x0","0x0","0x0","0x0","0x0","0x0","0x0","0x0","0x0","0x0","0x0","0x0","0x0","0x0","0x0","0x0","0x0","0x0"],"manager_phase":-1,"current_state_type":-1,"pending_state_type":-1,"replay_data":"0x0","replay_keys":{"battle":"battle","cmd":"cmd","first_int":"rndSeed","second_int":"time"},"battle":"0x0","battle_vtable":"0x0","battle_methods_rva":["0x0","0x0","0x0","0x0","0x0","0x0","0x0","0x0","0x0","0x0","0x0","0x0"],"tick":-1,"read_ok":{"map":true,"root":true,"context":false,"manager_fields":false,"battle":false,"tick":false}}}
{"schema_version":1,"stage":"headless_hold","event":"before"}
{"schema_version":1,"stage":"headless_hold","event":"after"}
{"schema_version":1,"stage":"runtime_probe","event":"after_headless_hold","value":{"rva":"0x1ab9910","buckets":"0x7feddf17af90","bucket_count":5,"first":"0x7fedcf176a70","size":4,"max_load_factor_bits":"0x3f800000","manager_root":"0x0","context":"0x0","state_vtable":"0x0","state_methods_rva":["0x0","0x0","0x0","0x0","0x0","0x0","0x0","0x0","0x0","0x0","0x0","0x0","0x0","0x0","0x0","0x0","0x0","0x0","0x0","0x0","0x0","0x0","0x0","0x0"],"manager_phase":-1,"current_state_type":-1,"pending_state_type":-1,"replay_data":"0x0","replay_keys":{"battle":"battle","cmd":"cmd","first_int":"rndSeed","second_int":"time"},"battle":"0x0","battle_vtable":"0x0","battle_methods_rva":["0x0","0x0","0x0","0x0","0x0","0x0","0x0","0x0","0x0","0x0","0x0","0x0"],"tick":-1,"read_ok":{"map":true,"root":true,"context":false,"manager_fields":false,"battle":false,"tick":false}}}
{"schema_version":1,"stage":"prerequisite_probe","event":"after_headless_hold","value":{"manager":"0x0","loader":"0x0","asset_system":"0x7fee7f14df10","game_singleton":"0x7feebf140a00","runtime_clock":"0x7feddf17b928","game_vtable_rva":"0x18b6ff8","game_context":"0x7fee1f152f68","game_methods_rva":["0x726240","0x726c40","0x726ca0","0x727050","0x72c8b0","0x72a590","0x72c110","0x1408d00","0x72c920","0x72c930","0x72daf0","0x1408b80","0x1408bf0","0x72c910","0x72e3d0","0x72d3e0","0x72d810","0x72d8f0","0x72dab0","0x72d720","0x72e3e0","0x72d5e0","0x72df40","0x72c0e0"],"game_helper":"0x0","stage_registry":"0x0","battle_data_root":"0x0","battle_data_root_vtable_rva":"0x0","battle_data_root_methods_rva":["0x0","0x0","0x0","0x0","0x0","0x0","0x0","0x0","0x0","0x0","0x0","0x0"],"battle_data_object":"0x0","battle_data_object_vtable_rva":"0x0","battle_data_object_methods_rva":["0x0","0x0","0x0","0x0","0x0","0x0","0x0","0x0","0x0","0x0","0x0","0x0"],"battle_data_content":"0x0","battle_data_loader":"0x0","battle_data_loader_vtable_rva":"0x0","battle_data_loader_methods_rva":["0x0","0x0","0x0","0x0","0x0","0x0","0x0","0x0","0x0","0x0","0x0","0x0"],"loading_state":"0x0","data_load_task":"0x0","data_load_task_words":["0x0","0x0","0x0","0x0","0x0","0x0","0x0","0x0"],"loader_vtable_rva":"0x0","asset_system_vtable_rva":"0x0","thread_size":4,"thread_nodes":[["0x7fedcf176a40","0x8","0x100000008","0x0","0xf296000000012102","0x0"],["0x7fedcf176590","0x2","0x100000002","0x0","0x87de000000018102","0x0"],["0x7fedcf176200","0x9","0x100000009","0x0","0xc3aa000000020102","0x0"],["0x0","0x1","0x100000001","0x0","0xa185000000011102","0x0"]]}}
DIRECT_RESOURCES asset=0x7fee7f14df10 loader=0x0
{"schema_version":1,"stage":"direct_platform_init","event":"after_call","value":{"called":true,"manager_before":"0x0","manager_after":"0x0","loader_before":"0x0","loader_after":"0x0","asset_system_before":"0x7fee7f14df10","asset_system_after":"0x7fee7f14df10","game_singleton_after":"0x7feebf140a00","entry_rva":"0xce65b0","loader_init_rva":"0x11e8f20"}}
{"schema_version":1,"stage":"direct_game_main_init","event":"after_call","value":{"called":true,"game":"0x7feebf140a00","context":"0x7fee1f152f68","helper_before":"0x0","helper_after":"0x7feeaf14e050","manager_after":"0x7fee4f467a70","entry_rva":"0x727050","headless_resource_variant_rva":"0x137f220"}}
{"schema_version":1,"stage":"direct_loading_state","event":"after_call","value":{"called":true,"manager":"0x7fee4f467a70","state":"0x7fee4f465cb0","battle":"0x0","logic_battle":"0x0","replay":"0x0","left_player":"0x0","right_player":"0x0","battle_json_loaded":false,"current_state_type":1,"pending_state_type":0}}
{"schema_version":1,"stage":"direct_loading_frames","event":"after_call","value":{"called":true,"manager":"0x7fee4f467a70","state":"0x7fee4f465cb0","battle":"0x0","logic_battle":"0x0","replay":"0x0","left_player":"0x0","right_player":"0x0","battle_json_loaded":false,"current_state_type":1,"pending_state_type":0}}
