--------- beginning of crash
10-05 06:59:46.861  1714  1714 F libc    : Fatal signal 11 (SIGSEGV), code 1 (SEGV_MAPERR), fault addr 0x80 in tid 1714 (main), pid 1714 (main)
10-05 06:59:47.529  1975  1975 F DEBUG   : *** *** *** *** *** *** *** *** *** *** *** *** *** *** *** ***
10-05 06:59:47.530  1975  1975 F DEBUG   : Build fingerprint: 'Android/sdk_phone64_x86_64/emulator64_x86_64:12/SE1A.220826.006.A1/10064458:userdebug/test-keys'
10-05 06:59:47.531  1975  1975 F DEBUG   : Revision: '0'
10-05 06:59:47.531  1975  1975 F DEBUG   : ABI: 'x86_64'
10-05 06:59:47.532  1975  1975 F DEBUG   : Timestamp: 2026-10-05 06:59:46.985284700-0400
10-05 06:59:47.534  1975  1975 F DEBUG   : Process uptime: 10s
10-05 06:59:47.535  1975  1975 F DEBUG   : Cmdline: app_process /system/bin royale.nativehost.JniHost /data/local/tmp/cr-native-direct-0 serve-direct 37031
10-05 06:59:47.535  1975  1975 F DEBUG   : pid: 1714, tid: 1714, name: main  >>> app_process <<<
10-05 06:59:47.536  1975  1975 F DEBUG   : uid: 0
10-05 06:59:47.536  1975  1975 F DEBUG   : signal 11 (SIGSEGV), code 1 (SEGV_MAPERR), fault addr 0x80
10-05 06:59:47.537  1975  1975 F DEBUG   : Cause: null pointer dereference
10-05 06:59:47.537  1975  1975 F DEBUG   :     rax 0000000000000000  rbx 0000000000000000  rcx 0000000000000001  rdx 00007ff063bd04f8
10-05 06:59:47.538  1975  1975 F DEBUG   :     r8  0000000000000030  r9  0000000000000030  r10 000000000000009e  r11 00007ff043b5e048
10-05 06:59:47.538  1975  1975 F DEBUG   :     r12 0000000000000000  r13 0000000000000008  r14 0000000000000000  r15 00007fedcf267850
10-05 06:59:47.538  1975  1975 F DEBUG   :     rdi 0000000000000000  rsi 00000000000006b2
10-05 06:59:47.538  1975  1975 F DEBUG   :     rbp 00007feddfc8b910  rsp 00007ffdd6126028  rip 00007fed8cf101b0
10-05 06:59:47.538  1975  1975 F DEBUG   : backtrace:
10-05 06:59:47.538  1975  1975 F DEBUG   :       #00 pc 00000000012af1b0  /data/local/tmp/cr-native-direct-0/libg.so!libg.so (BuildId: 3063e39dae14e60fac88216f5573589a454fb469)
10-05 06:59:47.539  1975  1975 F DEBUG   :       #01 pc 00000000011ea4c2  /data/local/tmp/cr-native-direct-0/libg.so!libg.so (BuildId: 3063e39dae14e60fac88216f5573589a454fb469)
10-05 06:59:47.539  1975  1975 F DEBUG   :       #02 pc 0000000000e256e6  /data/local/tmp/cr-native-direct-0/libg.so!libg.so (BuildId: 3063e39dae14e60fac88216f5573589a454fb469)
10-05 06:59:47.540  1975  1975 F DEBUG   :       #03 pc 0000000000e74ca7  /data/local/tmp/cr-native-direct-0/libg.so!libg.so (BuildId: 3063e39dae14e60fac88216f5573589a454fb469)
10-05 06:59:47.540  1975  1975 F DEBUG   :       #04 pc 0000000000e74b62  /data/local/tmp/cr-native-direct-0/libg.so!libg.so (BuildId: 3063e39dae14e60fac88216f5573589a454fb469)
10-05 06:59:47.540  1975  1975 F DEBUG   :       #05 pc 000000000001801d  /data/local/tmp/cr-native-direct-0/libnative_host_bridge.so (Java_royale_nativehost_JniHost_nativePumpDataTables+1965)
10-05 06:59:47.540  1975  1975 F DEBUG   :       #06 pc 000000000039ffab  /apex/com.android.art/lib64/libart.so (art_quick_generic_jni_trampoline+219) (BuildId: 3b1db20899723b272c02f87dde9d55fc)
10-05 06:59:47.540  1975  1975 F DEBUG   :       #07 pc 000000000038b6ed  /apex/com.android.art/lib64/libart.so (nterp_helper+165) (BuildId: 3b1db20899723b272c02f87dde9d55fc)
10-05 06:59:47.540  1975  1975 F DEBUG   :       #08 pc 0000000000005070  [anon:dalvik-classes.dex extracted in memory from /data/local/tmp/cr-native-direct-0/lifecycle-probe.jar]
10-05 06:59:47.540  1975  1975 F DEBUG   :       #09 pc 0000000000394ff6  /apex/com.android.art/lib64/libart.so (art_quick_invoke_static_stub+806) (BuildId: 3b1db20899723b272c02f87dde9d55fc)
10-05 06:59:47.540  1975  1975 F DEBUG   :       #10 pc 000000000041d689  /apex/com.android.art/lib64/libart.so (art::ArtMethod::Invoke(art::Thread*, unsigned int*, unsigned int, art::JValue*, char const*)+233) (BuildId: 3b1db20899723b272c02f87dde9d55fc)
10-05 06:59:47.540  1975  1975 F DEBUG   :       #11 pc 00000000008191e1  /apex/com.android.art/lib64/libart.so (art::JValue art::InvokeWithVarArgs<art::ArtMethod*>(art::ScopedObjectAccessAlreadyRunnable const&, _jobject*, art::ArtMethod*, __va_list_tag*)+465) (BuildId: 3b1db20899723b272c02f87dde9d55fc)
10-05 06:59:47.540  1975  1975 F DEBUG   :       #12 pc 000000000066713c  /apex/com.android.art/lib64/libart.so (art::JNI<false>::CallStaticVoidMethodV(_JNIEnv*, _jclass*, _jmethodID*, __va_list_tag*)+620) (BuildId: 3b1db20899723b272c02f87dde9d55fc)
10-05 06:59:47.540  1975  1975 F DEBUG   :       #13 pc 00000000000c6514  /system/lib64/libandroid_runtime.so (_JNIEnv::CallStaticVoidMethod(_jclass*, _jmethodID*, ...)+164) (BuildId: 881e52c8f55c866ef94d0fee8b6c5d78)
10-05 06:59:47.540  1975  1975 F DEBUG   :       #14 pc 00000000000cd968  /system/lib64/libandroid_runtime.so (android::AndroidRuntime::callMain(android::String8 const&, _jclass*, android::Vector<android::String8> const&)+312) (BuildId: 881e52c8f55c866ef94d0fee8b6c5d78)
10-05 06:59:47.540  1975  1975 F DEBUG   :       #15 pc 0000000000003367  /system/bin/app_process64 (android::AppRuntime::onStarted()+71) (BuildId: 5a8631c887af7f1ccb008d4b37d35d5e)
10-05 06:59:47.541  1975  1975 F DEBUG   :       #16 pc 0000000000198247  /system/framework/x86_64/boot-framework.oat (art_jni_trampoline+103) (BuildId: 2fa19262a9e9fe0999df90a4fb8b4f3a19435ff1)
10-05 06:59:47.541  1975  1975 F DEBUG   :       #17 pc 000000000038b6ed  /apex/com.android.art/lib64/libart.so (nterp_helper+165) (BuildId: 3b1db20899723b272c02f87dde9d55fc)
10-05 06:59:47.541  1975  1975 F DEBUG   :       #18 pc 0000000000248630  /system/framework/framework.jar
10-05 06:59:47.541  1975  1975 F DEBUG   :       #19 pc 0000000000394ff6  /apex/com.android.art/lib64/libart.so (art_quick_invoke_static_stub+806) (BuildId: 3b1db20899723b272c02f87dde9d55fc)
10-05 06:59:47.541  1975  1975 F DEBUG   :       #20 pc 000000000041d689  /apex/com.android.art/lib64/libart.so (art::ArtMethod::Invoke(art::Thread*, unsigned int*, unsigned int, art::JValue*, char const*)+233) (BuildId: 3b1db20899723b272c02f87dde9d55fc)
10-05 06:59:47.542  1975  1975 F DEBUG   :       #21 pc 00000000008191e1  /apex/com.android.art/lib64/libart.so (art::JValue art::InvokeWithVarArgs<art::ArtMethod*>(art::ScopedObjectAccessAlreadyRunnable const&, _jobject*, art::ArtMethod*, __va_list_tag*)+465) (BuildId: 3b1db20899723b272c02f87dde9d55fc)
10-05 06:59:47.542  1975  1975 F DEBUG   :       #22 pc 000000000066713c  /apex/com.android.art/lib64/libart.so (art::JNI<false>::CallStaticVoidMethodV(_JNIEnv*, _jclass*, _jmethodID*, __va_list_tag*)+620) (BuildId: 3b1db20899723b272c02f87dde9d55fc)
10-05 06:59:47.542  1975  1975 F DEBUG   :       #23 pc 00000000000c6514  /system/lib64/libandroid_runtime.so (_JNIEnv::CallStaticVoidMethod(_jclass*, _jmethodID*, ...)+164) (BuildId: 881e52c8f55c866ef94d0fee8b6c5d78)
10-05 06:59:47.542  1975  1975 F DEBUG   :       #24 pc 00000000000d2c11  /system/lib64/libandroid_runtime.so (android::AndroidRuntime::start(char const*, android::Vector<android::String8> const&, bool)+865) (BuildId: 881e52c8f55c866ef94d0fee8b6c5d78)
10-05 06:59:47.542  1975  1975 F DEBUG   :       #25 pc 0000000000002f9f  /system/bin/app_process64 (main+1599) (BuildId: 5a8631c887af7f1ccb008d4b37d35d5e)
10-05 06:59:47.542  1975  1975 F DEBUG   :       #26 pc 0000000000050079  /apex/com.android.runtime/lib64/bionic/libc.so (__libc_init+89) (BuildId: 5db8d317d3741b337ef046540bbdd0f7)
