{
 "A": "scratchpad\\gauntlet\\L68\\overnight0929\\train_tau0.27.jsonl",
 "B": "scratchpad\\gauntlet\\L69\\rl\\league1c_accept\\train_league1c_u0010.jsonl",
 "A_screen": {
  "n": 299,
  "winrate": 0.9230769230769231,
  "exploit": {
   "outlived_win_share": 0.2463768115942029,
   "low_delivered_win_share": 0.07608695652173914,
   "ghost_refused_per_match": 0.20735785953177258
  },
  "plays_per_min": 10.564220025300694
 },
 "B_vs_A": {
  "n": 299,
  "winrate": 0.9364548494983278,
  "exploit": {
   "outlived_win_share": 0.2357142857142857,
   "low_delivered_win_share": 0.06785714285714285,
   "ghost_refused_per_match": 0.25418060200668896
  },
  "plays_per_min": 10.294349476714101,
  "paired": 299,
  "paired_entries": 299,
  "delta_pp": 1.3377926421404682,
  "ci_lo_pp": -1.6722408026755853,
  "ci_hi_pp": 4.3478260869565215,
  "better": 13,
  "worse": 9,
  "exploit_init": {
   "outlived_win_share": 0.2463768115942029,
   "low_delivered_win_share": 0.07608695652173914,
   "ghost_refused_per_match": 0.20735785953177258
  },
  "exploit_cand": {
   "outlived_win_share": 0.2357142857142857,
   "low_delivered_win_share": 0.06785714285714285,
   "ghost_refused_per_match": 0.25418060200668896
  }
 }
}
