C:\Users\benpe\ClashBot\pipeline\model_v3.py:92: UserWarning: enable_nested_tensor is True, but self.use_nested_tensor is False because encoder_layer.norm_first was True
  self.encoder = nn.TransformerEncoder(enc, layers)
[screen] 1 000YLY0PYYQY k=0 win 3-0 150.5s plays 19/28 wall 80.7s
[screen] 2 008YY98GVU9U k=0 win 3-0 161.5s plays 22/27 wall 86.8s
[screen] 3 008YLQ8RGJJ0 k=0 win 3-0 167.0s plays 27/32 wall 87.1s
[screen] 4 009YLGGJVL9P k=0 win 1-0 180.0s plays 33/33 wall 92.5s
[screen] 5 002YLQGPLUG2 k=0 win 2-0 180.0s plays 31/32 wall 93.1s
[screen] 6 000YL9U0U8JL k=0 win 2-0 180.0s plays 27/32 wall 93.6s
[screen] 7 002YLG0G80Y9 k=0 win 1-0 180.0s plays 31/31 wall 93.5s
[screen] 8 009YLGY2P2C8 k=0 win 2-0 180.0s plays 31/31 wall 93.4s
[screen] 9 00CYPQ28082G k=0 win 2-0 180.0s plays 31/31 wall 93.4s
[screen] 10 000YLLP9GUCJ k=0 win 2-0 180.0s plays 29/30 wall 94.6s
[screen] 11 00CYPL80R9CV k=0 win 1-0 180.0s plays 28/29 wall 94.4s
[screen] 12 000YLY2UCC8C k=0 win 2-0 180.0s plays 27/28 wall 95.3s
[screen] 13 002YLQVYLPYU k=0 win 2-0 180.0s plays 27/27 wall 95.4s
[screen] 14 008YLLPVLYRQ k=0 win 1-0 180.0s plays 27/27 wall 95.4s
[screen] 15 00CYPLY0YJU0 k=0 win 1-0 180.0s plays 27/27 wall 95.3s
[screen] 16 009YLG0JR29Y k=0 win 3-1 285.8s plays 58/61 wall 124.7s
[screen] 17 00CYPQ9UUCUG k=0 win 1-0 180.0s plays 28/28 wall 62.3s
[screen] 18 00GYPL8GC8JR k=0 win 3-1 169.8s plays 27/28 wall 57.0s
[screen] 19 00GYPPPU0VVC k=0 win 1-0 180.0s plays 26/26 wall 61.9s
[screen] 20 00GYPYVQRQPR k=0 win 2-0 180.0s plays 30/31 wall 60.2s
[screen] 21 00LYPLCUGYJ2 k=0 win 2-0 180.0s plays 30/30 wall 60.9s
[screen] 22 00LYPLJLC80L k=0 win 1-0 180.0s plays 30/30 wall 60.9s
[screen] 23 00LYPG82QRLQ k=0 win 1-0 180.0s plays 28/29 wall 62.0s
[screen] 24 00JYPGYPUYUV k=0 win 1-0 180.0s plays 25/26 wall 63.0s
[screen] 25 00JYPQQ8UCVL k=0 win 2-0 180.0s plays 26/26 wall 62.9s
[screen] 26 00LYPLR0C8GJ k=0 win 2-0 180.0s plays 28/28 wall 61.9s
[screen] 27 00LYPQQJRQ20 k=0 win 2-0 180.0s plays 29/29 wall 61.4s
[screen] 28 00LYPQ2909YG k=0 win 2-0 180.0s plays 28/28 wall 61.8s
[screen] 29 00PYLLPR8YG8 k=0 win 1-0 180.0s plays 28/28 wall 61.8s
[screen] 30 00LYPQC9LPRL k=0 win 2-1 194.9s plays 31/31 wall 66.2s
[screen] 31 00LYPLU8YQVQ k=0 win 1-0 252.2s plays 49/50 wall 83.1s
[screen] 32 00QYPQ909URL k=0 win 2-0 180.0s plays 28/29 wall 62.7s
[screen] 33 00RYPPUUU08U k=0 win 1-0 180.0s plays 32/32 wall 64.2s
[screen] 34 00RYPYLRV2GU k=0 loss 1-2 180.0s plays 34/35 wall 63.9s
[screen] 35 00RYPLQJGQPG k=0 win 1-0 197.1s plays 30/30 wall 73.5s
[screen] 36 00UYPL99UQCG k=0 win 1-0 180.0s plays 32/32 wall 64.4s
[screen] 37 00VYPQLRGUYL k=0 win 1-0 180.0s plays 32/32 wall 64.3s
[screen] 38 00VY8RGR0Y9G k=0 win 2-0 180.0s plays 27/27 wall 66.9s
[screen] 39 00VYPQL2JVRQ k=0 win 1-0 180.0s plays 28/28 wall 66.4s
[screen] 40 00YYPL9CC2CR k=0 win 2-0 180.0s plays 31/31 wall 65.1s
[screen] 41 00VYPQYJPUR2 k=0 win 1-0 180.0s plays 28/28 wall 66.8s
[screen] 42 00VYPQ8LYLJQ k=0 win 2-1 189.8s plays 33/34 wall 69.0s
[screen] 43 00VYPQYYPLG2 k=0 win 2-0 180.0s plays 27/27 wall 67.1s
[screen] 44 00VYPQYYVLV8 k=0 win 1-0 180.0s plays 28/28 wall 66.6s
[screen] 45 00YYPLLV2GCP k=0 win 1-0 180.0s plays 29/29 wall 66.2s
[screen] 46 00YYPYR08P2J k=0 win 3-0 154.8s plays 24/25 wall 60.2s
[screen] 47 00YYPLU00R9Q k=0 win 2-1 219.0s plays 41/41 wall 81.5s
[screen] 48 020YPLP8JV9Q k=0 win 2-0 180.0s plays 27/27 wall 73.6s
[screen] 49 020YPYLPPCPQ k=0 win 1-0 187.5s plays 31/31 wall 80.2s
[screen] 50 020YPYRYV8QR k=0 win 2-0 180.0s plays 27/27 wall 80.0s
[screen] 51 020YPYUC22VR k=0 win 1-0 180.0s plays 28/28 wall 79.1s
[screen] 52 022YYQPC9JQJ k=0 win 2-0 180.0s plays 29/29 wall 78.6s
[screen] 53 028YPUV9V8GY k=0 win 2-0 180.0s plays 30/31 wall 78.1s
[screen] 54 028YPUY9JQGC k=0 win 1-0 180.0s plays 31/31 wall 77.3s
[screen] 55 022YYYUCVPR9 k=0 win 1-0 180.0s plays 28/28 wall 79.2s
[screen] 56 028YPV228J8C k=0 win 2-0 180.0s plays 27/27 wall 79.7s
[screen] 57 029YPC9VQPCR k=0 win 2-0 180.0s plays 27/27 wall 79.7s
[screen] 58 029YPUPJGJGY k=0 win 2-0 180.0s plays 27/27 wall 79.7s
[screen] 59 020YPYL2LVU9 k=0 loss 1-2 239.8s plays 51/51 wall 98.0s
[screen] 60 028YPVYRUCJL k=0 win 3-1 194.9s plays 33/33 wall 85.0s
[screen] 61 02CY8LQQV0QU k=0 win 1-0 180.0s plays 30/30 wall 77.9s
[screen] 62 020YPYQ0RRY0 k=0 win 3-1 243.7s plays 42/44 wall 103.3s
[screen] 63 02CY8Y009Q00 k=0 win 2-1 242.1s plays 45/45 wall 102.9s
[screen] 64 02CY8YPQYPL2 k=0 win 2-1 217.1s plays 36/37 wall 92.3s
[screen] 65 02GY9R002Q9Y k=0 win 3-0 137.7s plays 17/17 wall 59.5s
[screen] 66 02GY9R0CUVLL k=0 win 3-0 154.9s plays 26/26 wall 64.5s
[screen] 67 02GY9GJRPQ89 k=0 win 2-1 180.0s plays 30/30 wall 75.7s
[screen] 68 02GY9GJRQG2Q k=0 win 3-0 174.4s plays 24/25 wall 75.1s
[screen] 69 02GY9GJVQGCQ k=0 win 1-0 180.0s plays 31/32 wall 74.7s
[screen] 70 02GY9R08PQ8R k=0 loss 1-2 180.0s plays 31/32 wall 74.5s
[screen] 71 02JY9GL00Q0C k=0 win 1-0 180.0s plays 33/33 wall 74.3s
[screen] 72 02GY9R02Y2RG k=0 win 1-0 180.0s plays 26/26 wall 78.2s
[screen] 73 02JY9GL0PVY2 k=0 win 2-0 180.0s plays 29/30 wall 76.7s
[screen] 74 02GY9RGPQP0L k=0 win 1-0 180.0s plays 28/28 wall 77.2s
[screen] 75 02JY9GLVJ0Q2 k=0 win 2-0 180.0s plays 28/28 wall 76.9s
[screen] 76 02JY9GRVUCQR k=0 win 1-0 180.0s plays 28/28 wall 76.5s
[screen] 77 02JY9GYQ0Q9G k=0 win 1-0 180.0s plays 31/31 wall 76.3s
[screen] 78 02JY9RG2YU9Q k=0 win 1-0 180.0s plays 28/28 wall 78.0s
[screen] 79 02LY9G09L09R k=0 win 1-0 180.0s plays 28/28 wall 75.8s
[screen] 80 02LY9QVVJJUL k=0 win 3-0 156.7s plays 21/25 wall 64.6s
[screen] 81 02LY9QJPLR8V k=0 win 1-0 180.0s plays 31/31 wall 75.1s
[screen] 82 02PYPCJVU2PR k=0 win 1-0 180.0s plays 29/29 wall 70.4s
[screen] 83 02PYPU2J2U90 k=0 win 2-0 180.0s plays 31/31 wall 67.5s
[screen] 84 02PYPULRQRYG k=0 win 2-0 180.0s plays 30/30 wall 68.4s
[screen] 85 02QY9G0VVQGG k=0 win 1-0 180.0s plays 30/30 wall 68.3s
[screen] 86 02QY9G2J8LYP k=0 win 2-0 180.0s plays 30/30 wall 67.0s
[screen] 87 02QY9QCGPLRV k=0 win 3-0 175.4s plays 28/32 wall 63.2s
[screen] 88 02QY9G8JY28U k=0 win 1-0 180.0s plays 27/27 wall 67.9s
[screen] 89 02QY9Q90JPCL k=0 win 2-1 180.0s plays 27/28 wall 67.0s
[screen] 90 02QY9QCQQ9YY k=0 win 1-0 180.0s plays 28/28 wall 64.5s
[screen] 91 02QY9QRV8GU8 k=0 win 1-0 180.0s plays 29/30 wall 63.3s
[screen] 92 02QY9Q90VQ02 k=0 win 2-1 217.5s plays 39/39 wall 77.2s
[screen] 93 02QY9QU9Q09U k=0 win 1-0 180.0s plays 28/28 wall 63.1s
[screen] 94 02PYPCUQYLQ8 k=0 win 3-1 259.9s plays 51/52 wall 92.7s
[screen] 95 02QY9QVP9Q8L k=0 win 2-1 180.0s plays 29/29 wall 53.4s
[screen] 96 02RY9GUQQ9QG k=0 win 2-0 180.0s plays 31/31 wall 53.7s
[screen] 97 02UY8PLYCLQU k=0 win 1-0 180.0s plays 31/31 wall 53.2s
[screen] 98 02UY8Y8JG8G8 k=0 win 1-0 180.0s plays 29/30 wall 55.1s
[screen] 99 02UY8YR8GYYP k=0 win 1-0 180.0s plays 30/31 wall 55.9s
[screen] 100 060d2be902f24cedbd65280bc905a39e k=0 win 3-0 161.7s plays 25/26 wall 50.3s
[screen] 101 02UY8YRQLPYY k=0 win 1-0 180.0s plays 29/29 wall 56.5s
[screen] 102 02YYPCLY0PPJ k=0 win 2-1 180.0s plays 27/28 wall 56.5s
[screen] 103 02YYPCRY2UUJ k=0 win 2-0 180.0s plays 29/29 wall 56.3s
[screen] 104 02YYPUG09Q92 k=0 win 1-0 180.0s plays 28/29 wall 56.2s
[screen] 105 076191ce4fc84ad6917ea8d952f497a3 k=0 win 2-0 180.0s plays 27/28 wall 56.8s
[screen] 106 080Y8G2CRVQC k=0 win 1-0 180.0s plays 31/32 wall 56.5s
[screen] 107 080Y8G8RJR82 k=0 win 1-0 180.0s plays 27/27 wall 56.9s
[screen] 108 080Y8QJ9GJYG k=0 win 1-0 180.0s plays 30/30 wall 55.3s
[screen] 109 080Y8QJ9YGUV k=0 win 2-0 180.0s plays 27/28 wall 56.9s
[screen] 110 08256f74bd8d46c5956f6432e846f3b0 k=0 win 1-0 180.0s plays 30/30 wall 56.3s
[screen] 111 08CPVRQ9JCLR k=0 loss 0-3 84.0s plays 13/13 wall 28.3s
[screen] 112 082Y8G229YQL k=0 win 1-0 180.0s plays 33/33 wall 62.5s
[screen] 113 082Y8QCVV0RV k=0 win 1-0 180.0s plays 30/30 wall 64.8s
[screen] 114 082Y8YLLCGQP k=0 win 1-0 180.0s plays 29/29 wall 66.2s
[screen] 115 088Y88RQ2PC8 k=0 win 3-0 138.8s plays 19/20 wall 52.7s
[screen] 116 088Y888PR28J k=0 win 1-0 180.0s plays 26/26 wall 68.4s
[screen] 117 088Y889QJ8JL k=0 win 2-0 180.0s plays 28/28 wall 67.2s
[screen] 118 089Y0VL8LVVQ k=0 win 1-0 180.0s plays 25/25 wall 68.7s
[screen] 119 08CPVJQ9PCYV k=0 win 2-0 180.0s plays 27/27 wall 68.4s
[screen] 120 08CPVR8P2JPV k=0 win 1-0 180.0s plays 29/29 wall 67.7s
[screen] 121 08CPVRRCV922 k=0 win 2-0 180.0s plays 28/28 wall 67.5s
[screen] 122 089Y89JGLJLQ k=0 loss 1-2 213.5s plays 41/42 wall 75.4s
[screen] 123 08CPVRRUR90G k=0 win 2-0 180.0s plays 26/28 wall 68.7s
[screen] 124 08GPVR800YY9 k=0 win 2-0 180.0s plays 28/28 wall 68.4s
[screen] 125 08GPVRPV2Q0J k=0 win 1-0 180.0s plays 31/31 wall 67.6s
[screen] 126 08JPVCUVQ9RQ k=0 win 2-0 180.0s plays 29/29 wall 68.7s
[screen] 127 08JPVUQU8UY2 k=0 win 1-0 180.0s plays 30/30 wall 65.5s
[screen] 128 08JPVUYC2Y2Q k=0 win 2-0 180.0s plays 30/30 wall 64.7s
[screen] 129 08LY822V8VUY k=0 win 2-0 180.0s plays 25/25 wall 66.6s
[screen] 130 08LY82CPGJRY k=0 win 1-0 180.0s plays 28/28 wall 63.9s
[screen] 131 08LY880CJ0GV k=0 win 2-0 180.0s plays 27/27 wall 63.5s
[screen] 132 08LY880JLVP8 k=0 win 1-0 180.0s plays 32/33 wall 60.5s
[screen] 133 08LY880Y2PCL k=0 win 2-0 180.0s plays 30/30 wall 61.4s
[screen] 134 08LY88909CQG k=0 win 2-0 180.0s plays 27/28 wall 61.6s
[screen] 135 08LY889CJ0QP k=0 win 1-0 180.0s plays 29/29 wall 60.5s
[screen] 136 08PY888VVR8V k=0 win 1-0 180.0s plays 30/30 wall 60.1s
[screen] 137 08PY88PC88QV k=0 win 2-0 180.0s plays 29/29 wall 60.7s
[screen] 138 08PY88PU0CL8 k=0 win 1-0 180.0s plays 28/28 wall 60.5s
[screen] 139 08PY89LGU20C k=0 win 2-0 180.0s plays 30/30 wall 60.0s
[screen] 140 08QPVCPC9QQU k=0 win 2-0 180.0s plays 31/32 wall 60.0s
[screen] 141 08QPVCPCG8L9 k=0 win 2-0 180.0s plays 28/29 wall 59.1s
[screen] 142 08QPVU8LLP8R k=0 win 1-0 180.0s plays 29/30 wall 58.5s
[screen] 143 08RPVJL9R2YJ k=0 win 3-0 174.3s plays 29/29 wall 57.9s
[screen] 144 08RPVRGQJ29Y k=0 win 1-0 188.9s plays 27/27 wall 61.9s
[screen] 145 08UPPVQ2228J k=0 win 2-0 180.0s plays 28/28 wall 56.1s
[screen] 146 08UPPVR8CYJV k=0 win 2-1 180.0s plays 28/28 wall 56.4s
[screen] 147 08YY898L28JL k=0 win 1-0 180.0s plays 28/28 wall 57.9s
[screen] 148 08YY898PPLJ9 k=0 win 2-0 180.0s plays 30/31 wall 57.7s
[screen] 149 08YY898YJ8LY k=0 win 2-0 180.0s plays 30/30 wall 62.1s
[screen] 150 08YY89PUQUUR k=0 win 1-0 180.0s plays 29/30 wall 63.6s
[screen] 151 08YY89P200LR k=0 win 2-0 180.0s plays 27/27 wall 64.4s
[screen] 152 08UPPVRUG889 k=0 win 3-1 253.9s plays 53/54 wall 84.9s
[screen] 153 08YY89UYVRQR k=0 loss 1-2 180.0s plays 33/33 wall 64.2s
[screen] 154 08YY89Y00RVJ k=0 win 1-0 180.0s plays 28/28 wall 67.2s
[screen] 155 08YY8P90JLU0 k=0 win 2-0 180.0s plays 27/27 wall 67.9s
[screen] 156 08YY89UL2YVL k=0 win 1-0 211.7s plays 38/38 wall 79.1s
[screen] 157 090PY02URPU9 k=0 win 2-0 180.0s plays 25/25 wall 74.8s
[screen] 158 090PY08RQLPC k=0 win 1-0 180.0s plays 28/28 wall 78.2s
[screen] 159 092PPUGY2YRU k=0 win 2-1 180.0s plays 29/29 wall 81.3s
[screen] 160 092PPVPU00LV k=0 win 1-0 180.0s plays 31/31 wall 80.9s
[screen] 161 092PPVPV8PRJ k=0 win 1-0 180.0s plays 29/30 wall 81.9s
[screen] 162 090PPCCR8QJQ k=0 win 2-1 267.7s plays 53/54 wall 105.8s
[screen] 163 092PPVY2CGG8 k=0 win 1-0 180.0s plays 31/31 wall 86.2s
[screen] 164 099P9CUL9QPG k=0 win 1-0 180.0s plays 28/28 wall 87.2s
[screen] 165 099P9CUVPYRP k=0 win 1-0 180.0s plays 31/31 wall 85.4s
[screen] 166 09C9JUUVL0QV k=0 win 1-0 180.0s plays 29/30 wall 86.1s
[screen] 167 099P9CG9YGGR k=0 win 2-1 203.7s plays 32/33 wall 104.7s
[screen] 168 09G9JU290J8J k=0 win 2-0 180.0s plays 33/33 wall 89.9s
[screen] 169 09G9JUP9YQR8 k=0 win 2-0 180.0s plays 29/29 wall 95.3s
[screen] 170 09G9JUPP0R2C k=0 win 2-1 180.0s plays 30/30 wall 94.4s
[screen] 171 09G9JUU0089U k=0 win 3-0 172.8s plays 27/27 wall 90.6s
[screen] 172 09G9JUYPYQCV k=0 win 1-0 180.0s plays 32/33 wall 90.6s
[screen] 173 09J9JUQ0YQV0 k=0 win 1-0 180.0s plays 27/27 wall 95.4s
[screen] 174 09G99U0CR990 k=0 loss 0-0 300.0s plays 68/68 wall 145.6s
[screen] 175 09L9R9VQCL9G k=0 win 3-0 175.4s plays 27/27 wall 98.6s
[screen] 176 09LP9C9U8P0C k=0 win 2-0 180.0s plays 28/29 wall 101.1s
[screen] 177 09LP9C9LQR98 k=0 win 1-0 180.0s plays 27/27 wall 102.3s
[screen] 178 09J9JUQVLPPC k=0 win 2-1 215.5s plays 37/38 wall 117.4s
[screen] 179 09LP9U8RC0UY k=0 win 2-0 180.0s plays 30/30 wall 99.0s
[screen] 180 09LP9U9LUYYR k=0 win 2-1 180.0s plays 33/33 wall 95.5s
[screen] 181 09LP9UY02R8C k=0 win 2-0 180.0s plays 31/31 wall 96.3s
[screen] 182 09LP9UPGVJ2L k=0 win 2-0 180.0s plays 28/28 wall 98.1s
[screen] 183 09LP9UY09RR2 k=0 win 1-0 180.0s plays 25/25 wall 93.0s
[screen] 184 09LP9UY2QGL0 k=0 win 1-0 180.0s plays 28/28 wall 90.2s
[screen] 185 09LP9UYQV899 k=0 win 1-0 180.0s plays 33/33 wall 83.3s
[screen] 186 09QP9CVJRVVP k=0 win 1-0 180.0s plays 29/30 wall 84.9s
[screen] 187 09QP9CVRULG9 k=0 win 1-0 180.0s plays 28/28 wall 84.7s
[screen] 188 09R9JCRR0QQQ k=0 win 1-0 180.0s plays 31/31 wall 75.7s
[screen] 189 09QP9CULUC2G k=0 win 3-1 254.6s plays 49/54 wall 109.1s
[screen] 190 09R9JU0JL9JL k=0 win 2-0 180.0s plays 27/28 wall 75.3s
[screen] 191 09U9JU2C9P8Y k=0 win 1-0 180.0s plays 27/27 wall 75.0s
[screen] 192 09U9JU9VVPQY k=0 win 2-0 180.0s plays 27/27 wall 73.7s
[screen] 193 09YP9JQCPQL8 k=0 win 1-0 180.0s plays 30/30 wall 69.5s
[screen] 194 105592feaf874674ad3ef112a4d410eb k=0 win 2-0 180.0s plays 28/28 wall 70.0s
[screen] 195 09YP9C9L90QQ k=0 loss 1-2 218.3s plays 43/44 wall 83.2s
[screen] 196 112831c6755f47e6bfee870f9a09b6fc k=0 win 1-0 180.0s plays 28/28 wall 68.9s
[screen] 197 1df6706006194ed39ea89dd729875d37 k=0 win 3-1 169.0s plays 26/29 wall 66.2s
[screen] 198 1aec0036ff264ca39a6e071c8a109304 k=0 loss 0-1 180.0s plays 32/33 wall 70.8s
[screen] 199 17c95547f6de4e7181aa43c8f1c2dc76 k=0 loss 1-2 208.7s plays 40/40 wall 79.2s
[screen] 200 1df6b1e3d2284bba8e28a47b39e4b464 k=0 win 2-0 180.0s plays 29/29 wall 74.1s
[screen] 201 22d2cc7fd6574a77926c02ba87687528 k=0 win 1-0 180.0s plays 31/31 wall 73.4s
[screen] 202 23bec17c54ae47af830f187073cbdb79 k=0 win 2-0 180.0s plays 28/28 wall 75.2s
[screen] 203 169c94d1a48749dd92891d3fcdf91035 k=0 win 3-1 262.4s plays 53/54 wall 99.5s
[screen] 204 2403f9cd892b4a94a72d746d2555b980 k=0 win 3-1 171.8s plays 30/30 wall 72.8s
[screen] 205 26bdad8307ee4a5f827a9fc3dc5712d3 k=0 win 2-0 180.0s plays 27/28 wall 78.0s
[screen] 206 30bd4c1d2f204f37b3589e833c3ae197 k=0 win 3-0 157.0s plays 22/22 wall 68.1s
[screen] 207 2fc208aad27146e69157e95385202d4d k=0 win 1-0 180.0s plays 26/26 wall 77.3s
[screen] 208 279bb9f423b64c1a9b681acc58d1f075 k=0 win 3-1 219.4s plays 41/42 wall 91.4s
[screen] 209 3135a1266f5a4a24b832d3318fd8c7f3 k=0 win 2-0 180.0s plays 28/28 wall 78.1s
[screen] 210 32413beb4f1b45f7b9d0d3c117e551f4 k=0 win 2-0 180.0s plays 28/28 wall 79.1s
[screen] 211 325a5cd758f54a9cb20c116ac04810ed k=0 win 3-0 177.2s plays 26/28 wall 79.0s
[screen] 212 331973a946274244898760731cda4b70 k=0 win 2-0 180.0s plays 29/29 wall 81.9s
[screen] 213 348789d85dd5416b8fbe8d23306eb59c k=0 win 2-0 180.0s plays 29/29 wall 82.0s
[screen] 214 399d0dffd6b74634ae415fff47d97501 k=0 win 3-0 155.2s plays 24/27 wall 68.9s
[screen] 215 3905958a88594db7a2da543150a37a2a k=0 win 1-0 180.0s plays 27/27 wall 82.2s
[screen] 216 39648d4afe414ed0a6bfc08bc508466b k=0 win 1-0 180.0s plays 29/30 wall 81.5s
[screen] 217 3fd06d2d99ca4f0fbd879cd69a0303f3 k=0 win 2-0 180.0s plays 28/28 wall 81.7s
[screen] 218 3ff57e52ecc443cbbaf1039b632c6da2 k=0 win 2-1 180.0s plays 28/29 wall 83.7s
[screen] 219 412ee040afce4e67a18e2c4490879838 k=0 win 1-0 180.0s plays 30/30 wall 86.2s
[screen] 220 4249db09023c41fba087e2e0909399be k=0 win 2-0 180.0s plays 28/28 wall 83.2s
[screen] 221 44b712af5b01464390b9b8930dcc7a44 k=0 win 2-0 180.0s plays 28/28 wall 85.0s
[screen] 222 4119a4a434654c6c9892a29d5d9e660a k=0 loss 1-3 239.4s plays 46/46 wall 108.0s
[screen] 223 487cd70f6a09412f8c531726b584d872 k=0 win 2-0 180.0s plays 24/24 wall 88.0s
[screen] 224 4beffa6706de4393b144699a9407f7c4 k=0 win 2-0 180.0s plays 30/30 wall 81.8s
[screen] 225 518d875539dd46f982ee56af78bd41ee k=0 win 2-0 180.0s plays 26/26 wall 82.3s
[screen] 226 60295f0b12b847c187ef4f1b3ad4c0da k=0 win 3-1 159.3s plays 25/26 wall 67.1s
[screen] 227 59806a7efac74485a3ab3bbb8c74b45f k=0 win 2-0 180.0s plays 29/29 wall 77.9s
[screen] 228 5b5ffcb2eb054e919aa76af75426bfaf k=0 win 1-0 180.0s plays 30/30 wall 76.6s
[screen] 229 5c9b759381a4488ea34078853545de5d k=0 win 1-0 180.0s plays 30/31 wall 77.2s
[screen] 230 60ae4b74e10746ddaf88fa3c4e0001da k=0 win 1-0 180.0s plays 30/31 wall 75.5s
[screen] 231 65ae83919f2d437097b4c1de052a4f04 k=0 win 2-0 180.0s plays 30/30 wall 75.6s
[screen] 232 55d7ddeba44b4197b178e7cb3f5cbdfe k=0 win 3-1 266.5s plays 59/61 wall 108.2s
[screen] 233 68ac6a3e21ea4b2a9815b04b16a111e6 k=0 win 2-0 180.0s plays 27/27 wall 74.2s
[screen] 234 4b53a88c9ff14495a228a88c0d31ffb0 k=0 win 3-1 297.4s plays 68/68 wall 120.4s
[screen] 235 6ac631bb4246481799200b4867408daf k=0 win 1-0 180.0s plays 29/29 wall 69.4s
[screen] 236 6b85d4de9f414a9183720c411d78e92f k=0 win 1-0 180.0s plays 29/29 wall 72.8s
[screen] 237 6ca0aaa430ca418baf850ca6785efc3a k=0 win 1-0 180.0s plays 26/27 wall 73.4s
[screen] 238 7677a0bf1f674a169e76620b57f46786 k=0 win 1-0 180.0s plays 30/30 wall 70.6s
[screen] 239 773c88a3e3e944dc843f7ca6c6400f4c k=0 win 1-0 180.0s plays 29/29 wall 71.4s
[screen] 240 808d2ffa43944b03869f321bb3291c74 k=0 win 3-0 165.2s plays 27/28 wall 67.8s
[screen] 241 79ec525500cb44269231e463670aeb71 k=0 win 2-1 180.0s plays 29/30 wall 71.8s
[screen] 242 80af14094b494561b5fa110634d04633 k=0 win 2-0 180.0s plays 28/28 wall 74.4s
[screen] 243 82f8122294024313836137d2edb4eb64 k=0 win 2-0 180.0s plays 28/29 wall 72.4s
[screen] 244 855d0c3e521d4ed89816f2113adbef28 k=0 win 1-0 180.0s plays 28/28 wall 73.0s
[screen] 245 85af231941414678951c20e1b21f8334 k=0 win 1-0 180.0s plays 28/28 wall 72.8s
[screen] 246 86055c0ca9bf4fd48dfcbb5e8adaf7a6 k=0 win 1-0 183.7s plays 31/31 wall 73.1s
[screen] 247 89687c0f797e409ba10d31008262dab2 k=0 win 1-0 180.0s plays 31/31 wall 70.7s
[screen] 248 8986c5aad3814519ac9325e5d3762804 k=0 win 1-0 180.0s plays 31/32 wall 71.2s
[screen] 249 89e7825fb9b44d63890d8d2b238150a2 k=0 win 1-0 180.0s plays 27/27 wall 73.8s
[screen] 250 8a07cefa614e4bacb8a68024ba69ec7b k=0 win 2-0 180.0s plays 29/29 wall 73.5s
[screen] 251 8af218c003194ae1b64f1dd0f5f4e3d3 k=0 win 1-0 180.0s plays 32/32 wall 72.2s
[screen] 252 931167bcb6cd4b95be6517e587dc8cb2 k=0 win 3-0 131.7s plays 13/15 wall 55.5s
[screen] 253 8f16a8b36134403f8ade98c966982b5b k=0 win 1-0 180.0s plays 28/28 wall 72.8s
[screen] 254 9dd05717434a44b1b6dd81c05db9a849 k=0 win 3-0 147.8s plays 21/22 wall 60.1s
[screen] 255 9433d0b552d24c2990c251bb6e90cf13 k=0 win 2-0 180.0s plays 27/27 wall 72.0s
[screen] 256 9811463704ca4016b0badd1395208f1f k=0 win 1-0 180.0s plays 26/26 wall 72.2s
[screen] 257 9baed7daabc04d02b9a0807e92a1692e k=0 win 2-0 180.0s plays 28/28 wall 70.1s
[screen] 258 a0da52cf77044411bf39c2432e9e35b4 k=0 win 1-0 180.0s plays 26/28 wall 65.6s
[screen] 259 a1fbddc220e544cbab2435effb376410 k=0 win 2-0 180.0s plays 29/29 wall 64.4s
[screen] 260 a29566293097479fb7aa1fe2fc1fe7e3 k=0 win 1-0 180.0s plays 31/31 wall 62.9s
[screen] 261 a55f107ea31048afaf5fb43b606dab22 k=0 win 3-0 154.7s plays 25/25 wall 54.3s
[screen] 262 a753743a696746eab2dd1ac834582eec k=0 win 3-0 162.4s plays 24/25 wall 55.5s
[screen] 263 a55701a82cea4be59ca366c392c70b48 k=0 win 2-0 180.0s plays 27/27 wall 63.2s
[screen] 264 9e8876ea24fb465a8a466eb30704fc6b k=0 win 2-1 241.1s plays 49/50 wall 81.6s
[screen] 265 abaffe2b4a034f3f8019806d160a43ee k=0 win 1-0 180.0s plays 28/28 wall 60.3s
[screen] 266 b68044a774624e04b485c28cabff2a8f k=0 win 2-0 180.0s plays 30/30 wall 58.2s
[screen] 267 ac75b0e1990e4c1482ab4b281bf26ccd k=0 win 1-0 180.0s plays 26/26 wall 60.2s
[screen] 268 ba2cc03257d049e8be7227f7e56e8b89 k=0 win 2-0 180.0s plays 26/26 wall 59.0s
[screen] 269 ba333001b68d43a68272ebbfea14304e k=0 win 1-0 180.0s plays 28/28 wall 52.5s
[screen] 270 c21b6fdfde104b7494d2b57e1692e2a7 k=0 win 3-0 158.5s plays 21/22 wall 46.0s
[screen] 271 ba4775a6624e43138d243098c21042a9 k=0 win 2-0 180.0s plays 28/28 wall 52.7s
[screen] 272 bc403c537b6b44858daf5228a24c02a6 k=0 win 2-0 180.0s plays 29/29 wall 51.7s
[screen] 273 c25268f7eda2449db82c70c6c9ff33fa k=0 win 3-0 174.2s plays 23/23 wall 50.7s
[screen] 274 cadfff9b226e4d1e9eb5b67b9914dd8c k=0 win 1-0 180.0s plays 32/33 wall 55.4s
[screen] 275 c4c1d3f1b62f49af87e6f74f802ba273 k=0 win 2-0 180.0s plays 27/27 wall 58.2s
[screen] 276 c8f9ff95b4f04482bcd356aa46e14053 k=0 win 2-0 180.0s plays 24/25 wall 60.9s
[screen] 277 cdcbdedd54294121a216cb5dd17fc29e k=0 loss 1-2 180.0s plays 32/32 wall 61.5s
[screen] 278 ce1b58b06c5641ff8322020566d97a65 k=0 win 2-0 180.0s plays 28/28 wall 63.7s
[screen] 279 cbec4bc08aa24c01800b9c5f6b8a8d75 k=0 win 2-1 207.1s plays 38/39 wall 69.8s
[screen] 280 d28f158e97d04ca3b33cc6e3510f8d5f k=0 win 3-1 174.6s plays 30/30 wall 63.4s
[screen] 281 d9f06cd6721c4a84a3514350c41c41e0 k=0 win 1-0 180.0s plays 27/28 wall 66.7s
[screen] 282 d3d3e2d4f069400abc8fad191f7c51d8 k=0 win 1-0 198.9s plays 36/36 wall 70.0s
[screen] 283 e56bde444d2d4b1987a4e498a026dd6c k=0 win 3-1 158.0s plays 20/31 wall 58.7s
[screen] 284 d22b089cdc254c2a816df50f63673c24 k=0 win 2-1 231.4s plays 41/41 wall 80.6s
[screen] 285 e3ab10a737e3493dad0796a708c6e252 k=0 win 1-0 180.0s plays 26/26 wall 71.4s
[screen] 286 e467de5432fb460195a3ed1aa7602cd2 k=0 win 2-0 180.0s plays 28/28 wall 70.4s
[screen] 287 ec4f0391ae8c47ebade7a5116536c671 k=0 win 1-0 180.0s plays 31/31 wall 69.6s
[screen] 288 df92d538dd0e444b8d5873d2bd16c56d k=0 win 2-1 234.0s plays 41/41 wall 83.9s
[screen] 289 f28fd3b37b9b49b3855cdfa45a1f3d5f k=0 win 2-0 180.0s plays 26/26 wall 73.3s
[screen] 290 f29d36beec394a96b8a1ef757736eeb2 k=0 loss 1-3 164.5s plays 28/28 wall 62.3s
[screen] 291 f2cd7f99c98b4a09a8e7da7c273ec997 k=0 win 3-0 175.5s plays 26/27 wall 65.9s
[screen] 292 f3cc95590e28489abbc001b40a6903ac k=0 win 2-0 180.0s plays 27/27 wall 65.4s
[screen] 293 f6c04202c6064349b3d9306d9835783a k=0 win 2-0 180.0s plays 31/31 wall 59.5s
[screen] 294 f8e1288715f946dfbe80fb5db39596f6 k=0 win 2-0 180.0s plays 30/30 wall 59.4s
[screen] 295 f512827027c34b31b0f80b07063a5f5b k=0 win 2-1 198.2s plays 32/33 wall 64.6s
[screen] 296 fa34faa95a0c476384cdc17f33694215 k=0 win 2-1 180.0s plays 29/29 wall 53.3s
[screen] 297 fe7d69c2501d4f00bbe7de16106cdd14 k=0 win 2-0 180.0s plays 29/29 wall 51.0s
[screen] 298 febfdc5354c444cbb51ce67ea93a7f5b k=0 win 2-1 180.0s plays 31/31 wall 49.7s
[screen] 299 ff982aad57454513add21e481f0f3dce k=0 loss 0-1 180.0s plays 32/32 wall 48.7s
{"DONE": {"matches": 299, "skipped_jobs": 0, "skipped_entries": 0, "wall_s": 1393.3}}
