{
 "A": "scratchpad\\gauntlet\\L68\\overnight0929\\train_tau0.5.jsonl",
 "B": "scratchpad\\gauntlet\\L68\\overnight0929\\train_tau0.35.jsonl",
 "A_screen": {
  "n": 299,
  "winrate": 0.9130434782608695,
  "exploit": {
   "outlived_win_share": 0.2564102564102564,
   "low_delivered_win_share": 0.07692307692307693,
   "ghost_refused_per_match": 0.2408026755852843
  },
  "plays_per_min": 9.288060225737885
 },
 "B_vs_A": {
  "n": 299,
  "winrate": 0.9498327759197325,
  "exploit": {
   "outlived_win_share": 0.20774647887323944,
   "low_delivered_win_share": 0.07042253521126761,
   "ghost_refused_per_match": 0.22073578595317725
  },
  "plays_per_min": 9.993662644485314,
  "paired": 299,
  "paired_entries": 299,
  "delta_pp": 3.678929765886288,
  "ci_lo_pp": 0.33444816053511706,
  "ci_hi_pp": 7.023411371237458,
  "better": 19,
  "worse": 8,
  "exploit_init": {
   "outlived_win_share": 0.2564102564102564,
   "low_delivered_win_share": 0.07692307692307693,
   "ghost_refused_per_match": 0.2408026755852843
  },
  "exploit_cand": {
   "outlived_win_share": 0.20774647887323944,
   "low_delivered_win_share": 0.07042253521126761,
   "ghost_refused_per_match": 0.22073578595317725
  }
 }
}
