{
 "A": "scratchpad\\gauntlet\\L68\\overnight0929\\train_tau0.27.jsonl",
 "B": "scratchpad\\gauntlet\\L68\\overnight0929\\train_tau0.65.jsonl",
 "A_screen": {
  "n": 299,
  "winrate": 0.9230769230769231,
  "exploit": {
   "outlived_win_share": 0.2463768115942029,
   "low_delivered_win_share": 0.07608695652173914,
   "ghost_refused_per_match": 0.20735785953177258
  },
  "plays_per_min": 10.564220025300694
 },
 "B_vs_A": {
  "n": 299,
  "winrate": 0.7591973244147158,
  "exploit": {
   "outlived_win_share": 0.27312775330396477,
   "low_delivered_win_share": 0.07048458149779736,
   "ghost_refused_per_match": 0.13712374581939799
  },
  "plays_per_min": 8.46908380705066,
  "paired": 299,
  "paired_entries": 299,
  "delta_pp": -16.387959866220736,
  "ci_lo_pp": -21.40468227424749,
  "ci_hi_pp": -11.37123745819398,
  "better": 8,
  "worse": 57,
  "exploit_init": {
   "outlived_win_share": 0.2463768115942029,
   "low_delivered_win_share": 0.07608695652173914,
   "ghost_refused_per_match": 0.20735785953177258
  },
  "exploit_cand": {
   "outlived_win_share": 0.27312775330396477,
   "low_delivered_win_share": 0.07048458149779736,
   "ghost_refused_per_match": 0.13712374581939799
  }
 }
}
