{
 "A": "scratchpad\\gauntlet\\L68\\generalist\\lat26\\screens\\train_C.jsonl",
 "B": "scratchpad\\gauntlet\\L68\\overnight0929\\train_tau0.27.jsonl",
 "A_screen": {
  "n": 299,
  "winrate": 0.919732441471572,
  "exploit": {
   "outlived_win_share": 0.24,
   "low_delivered_win_share": 0.06545454545454546,
   "ghost_refused_per_match": 0.2508361204013378
  },
  "plays_per_min": 10.607504888690377
 },
 "B_vs_A": {
  "n": 299,
  "winrate": 0.9230769230769231,
  "exploit": {
   "outlived_win_share": 0.2463768115942029,
   "low_delivered_win_share": 0.07608695652173914,
   "ghost_refused_per_match": 0.20735785953177258
  },
  "plays_per_min": 10.564220025300694,
  "paired": 299,
  "paired_entries": 299,
  "delta_pp": 0.33444816053511706,
  "ci_lo_pp": -3.678929765886288,
  "ci_hi_pp": 4.3478260869565215,
  "better": 19,
  "worse": 18,
  "exploit_init": {
   "outlived_win_share": 0.24,
   "low_delivered_win_share": 0.06545454545454546,
   "ghost_refused_per_match": 0.2508361204013378
  },
  "exploit_cand": {
   "outlived_win_share": 0.2463768115942029,
   "low_delivered_win_share": 0.07608695652173914,
   "ghost_refused_per_match": 0.20735785953177258
  }
 }
}
