{
 "A": "scratchpad\\gauntlet\\L68\\overnight0929\\train_tau0.27.jsonl",
 "B": "scratchpad\\gauntlet\\L68\\overnight0929\\train_tau0.15.jsonl",
 "A_screen": {
  "n": 299,
  "winrate": 0.9230769230769231,
  "exploit": {
   "outlived_win_share": 0.2463768115942029,
   "low_delivered_win_share": 0.07608695652173914,
   "ghost_refused_per_match": 0.20735785953177258
  },
  "plays_per_min": 10.564220025300694
 },
 "B_vs_A": {
  "n": 299,
  "winrate": 0.822742474916388,
  "exploit": {
   "outlived_win_share": 0.2682926829268293,
   "low_delivered_win_share": 0.07723577235772358,
   "ghost_refused_per_match": 0.18394648829431437
  },
  "plays_per_min": 11.379026203512113,
  "paired": 299,
  "paired_entries": 299,
  "delta_pp": -10.033444816053512,
  "ci_lo_pp": -14.381270903010032,
  "ci_hi_pp": -5.68561872909699,
  "better": 8,
  "worse": 38,
  "exploit_init": {
   "outlived_win_share": 0.2463768115942029,
   "low_delivered_win_share": 0.07608695652173914,
   "ghost_refused_per_match": 0.20735785953177258
  },
  "exploit_cand": {
   "outlived_win_share": 0.2682926829268293,
   "low_delivered_win_share": 0.07723577235772358,
   "ghost_refused_per_match": 0.18394648829431437
  }
 }
}
