{
 "A": "scratchpad\\gauntlet\\L68\\generalist\\lat26\\screens\\train_A.jsonl",
 "B": "scratchpad\\gauntlet\\L68\\generalist\\lat26\\screens\\train_D.jsonl",
 "A_screen": {
  "n": 299,
  "winrate": 0.939799331103679,
  "exploit": {
   "outlived_win_share": 0.2206405693950178,
   "low_delivered_win_share": 0.08185053380782918,
   "ghost_refused_per_match": 0.21739130434782608
  },
  "plays_per_min": 10.424904923671376
 },
 "B_vs_A": {
  "n": 299,
  "winrate": 0.8862876254180602,
  "exploit": {
   "outlived_win_share": 0.25660377358490566,
   "low_delivered_win_share": 0.07924528301886792,
   "ghost_refused_per_match": 0.18394648829431437
  },
  "plays_per_min": 10.737692256768982,
  "paired": 299,
  "paired_entries": 299,
  "delta_pp": -5.351170568561873,
  "ci_lo_pp": -9.03010033444816,
  "ci_hi_pp": -2.0066889632107023,
  "better": 7,
  "worse": 23,
  "exploit_init": {
   "outlived_win_share": 0.2206405693950178,
   "low_delivered_win_share": 0.08185053380782918,
   "ghost_refused_per_match": 0.21739130434782608
  },
  "exploit_cand": {
   "outlived_win_share": 0.25660377358490566,
   "low_delivered_win_share": 0.07924528301886792,
   "ghost_refused_per_match": 0.18394648829431437
  }
 }
}
