{
 "A": "scratchpad\\gauntlet\\L68\\generalist\\lat26\\screens\\train_B.jsonl",
 "B": "scratchpad\\gauntlet\\L68\\generalist\\lat26\\screens\\train_C.jsonl",
 "A_screen": {
  "n": 299,
  "winrate": 0.8929765886287625,
  "exploit": {
   "outlived_win_share": 0.24344569288389514,
   "low_delivered_win_share": 0.0749063670411985,
   "ghost_refused_per_match": 0.1806020066889632
  },
  "plays_per_min": 10.489321340728933
 },
 "B_vs_A": {
  "n": 299,
  "winrate": 0.919732441471572,
  "exploit": {
   "outlived_win_share": 0.24,
   "low_delivered_win_share": 0.06545454545454546,
   "ghost_refused_per_match": 0.2508361204013378
  },
  "plays_per_min": 10.607504888690377,
  "paired": 299,
  "paired_entries": 299,
  "delta_pp": 2.6755852842809364,
  "ci_lo_pp": -1.6722408026755853,
  "ci_hi_pp": 7.023411371237458,
  "better": 26,
  "worse": 18,
  "exploit_init": {
   "outlived_win_share": 0.24344569288389514,
   "low_delivered_win_share": 0.0749063670411985,
   "ghost_refused_per_match": 0.1806020066889632
  },
  "exploit_cand": {
   "outlived_win_share": 0.24,
   "low_delivered_win_share": 0.06545454545454546,
   "ghost_refused_per_match": 0.2508361204013378
  }
 }
}
