{
 "A": "scratchpad\\gauntlet\\L68\\generalist\\lat26\\screens\\train_C.jsonl",
 "B": "scratchpad\\gauntlet\\L68\\generalist\\lat26\\screens\\train_D.jsonl",
 "A_screen": {
  "n": 299,
  "winrate": 0.919732441471572,
  "exploit": {
   "outlived_win_share": 0.24,
   "low_delivered_win_share": 0.06545454545454546,
   "ghost_refused_per_match": 0.2508361204013378
  },
  "plays_per_min": 10.607504888690377
 },
 "B_vs_A": {
  "n": 299,
  "winrate": 0.8862876254180602,
  "exploit": {
   "outlived_win_share": 0.25660377358490566,
   "low_delivered_win_share": 0.07924528301886792,
   "ghost_refused_per_match": 0.18394648829431437
  },
  "plays_per_min": 10.737692256768982,
  "paired": 299,
  "paired_entries": 299,
  "delta_pp": -3.3444816053511706,
  "ci_lo_pp": -7.6923076923076925,
  "ci_hi_pp": 0.6688963210702341,
  "better": 16,
  "worse": 26,
  "exploit_init": {
   "outlived_win_share": 0.24,
   "low_delivered_win_share": 0.06545454545454546,
   "ghost_refused_per_match": 0.2508361204013378
  },
  "exploit_cand": {
   "outlived_win_share": 0.25660377358490566,
   "low_delivered_win_share": 0.07924528301886792,
   "ghost_refused_per_match": 0.18394648829431437
  }
 }
}
