{
 "A": "scratchpad\\gauntlet\\L68\\rl\\league1_accept\\train_init.jsonl",
 "B": "scratchpad\\gauntlet\\L68\\rl\\league1_accept\\train_u0250.jsonl",
 "A_screen": {
  "n": 299,
  "winrate": 0.919732441471572,
  "exploit": {
   "outlived_win_share": 0.24,
   "low_delivered_win_share": 0.06545454545454546,
   "ghost_refused_per_match": 0.2508361204013378
  },
  "plays_per_min": 10.607504888690377
 },
 "B_vs_A": {
  "n": 299,
  "winrate": 0.9230769230769231,
  "exploit": {
   "outlived_win_share": 0.2608695652173913,
   "low_delivered_win_share": 0.06884057971014493,
   "ghost_refused_per_match": 0.17725752508361203
  },
  "plays_per_min": 9.913810095507731,
  "paired": 299,
  "paired_entries": 299,
  "delta_pp": 0.33444816053511706,
  "ci_lo_pp": -3.0100334448160537,
  "ci_hi_pp": 3.678929765886288,
  "better": 14,
  "worse": 13,
  "exploit_init": {
   "outlived_win_share": 0.24,
   "low_delivered_win_share": 0.06545454545454546,
   "ghost_refused_per_match": 0.2508361204013378
  },
  "exploit_cand": {
   "outlived_win_share": 0.2608695652173913,
   "low_delivered_win_share": 0.06884057971014493,
   "ghost_refused_per_match": 0.17725752508361203
  }
 }
}
