C:\Users\benpe\ClashBot\pipeline\model_v3.py:92: UserWarning: enable_nested_tensor is True, but self.use_nested_tensor is False because encoder_layer.norm_first was True
  self.encoder = nn.TransformerEncoder(enc, layers)
[screen] 1 008YY98GVU9U k=0 win 3-0 138.1s plays 19/21 wall 12.6s
[screen] 2 00CYPL80R9CV k=0 win 3-1 158.4s plays 23/30 wall 13.8s
[screen] 3 000YLY2UCC8C k=0 win 3-0 155.6s plays 24/25 wall 14.0s
[screen] 4 000YLY0PYYQY k=0 win 3-0 162.7s plays 28/29 wall 14.4s
[screen] 5 008YLQ8RGJJ0 k=0 win 3-0 164.2s plays 26/30 wall 14.4s
[screen] 6 002YLQGPLUG2 k=0 win 2-0 180.0s plays 33/33 wall 15.8s
[screen] 7 002YLG0G80Y9 k=0 win 1-0 180.0s plays 32/32 wall 15.9s
[screen] 8 00CYPQ28082G k=0 win 1-0 180.0s plays 32/32 wall 15.9s
[screen] 9 002YLQVYLPYU k=0 win 1-0 180.0s plays 31/31 wall 16.0s
[screen] 10 009YLGGJVL9P k=0 win 1-0 180.0s plays 31/31 wall 16.0s
[screen] 11 000YLLP9GUCJ k=0 win 2-0 180.0s plays 30/30 wall 16.1s
[screen] 12 009YLG0JR29Y k=0 win 1-0 180.0s plays 30/31 wall 16.0s
[screen] 13 00CYPLY0YJU0 k=0 win 1-0 180.0s plays 29/29 wall 16.1s
[screen] 14 000YL9U0U8JL k=0 win 1-0 180.0s plays 28/29 wall 16.2s
[screen] 15 009YLGY2P2C8 k=0 win 1-0 180.0s plays 27/27 wall 16.3s
[screen] 16 008YLLPVLYRQ k=0 win 1-0 180.0s plays 26/26 wall 16.4s
[screen] 17 00GYPL8GC8JR k=0 win 3-0 156.7s plays 22/23 wall 12.2s
[screen] 18 00CYPQ9UUCUG k=0 win 2-1 180.0s plays 29/29 wall 13.9s
[screen] 19 00GYPPPU0VVC k=0 win 1-0 180.0s plays 30/30 wall 13.8s
[screen] 20 00GYPYVQRQPR k=0 win 1-0 180.0s plays 33/33 wall 13.5s
[screen] 21 00LYPQC9LPRL k=0 loss 1-3 156.6s plays 24/24 wall 12.0s
[screen] 22 00JYPGYPUYUV k=0 win 2-0 180.0s plays 28/30 wall 13.8s
[screen] 23 00LYPLJLC80L k=0 win 3-1 173.8s plays 30/31 wall 13.0s
[screen] 24 00LYPQQJRQ20 k=0 win 3-1 175.0s plays 31/31 wall 13.1s
[screen] 25 00LYPLCUGYJ2 k=0 win 1-0 180.0s plays 32/32 wall 13.4s
[screen] 26 00LYPG82QRLQ k=0 win 2-1 180.0s plays 28/28 wall 13.8s
[screen] 27 00LYPQ2909YG k=0 win 1-0 180.0s plays 29/30 wall 13.7s
[screen] 28 00JYPQQ8UCVL k=0 win 2-1 180.0s plays 26/26 wall 14.0s
[screen] 29 00LYPLU8YQVQ k=0 win 1-0 180.0s plays 29/29 wall 13.8s
[screen] 30 00PYLLPR8YG8 k=0 win 1-0 180.0s plays 30/30 wall 13.7s
[screen] 31 00QYPQ909URL k=0 win 2-0 180.0s plays 28/28 wall 13.8s
[screen] 32 00LYPLR0C8GJ k=0 win 2-1 207.8s plays 40/40 wall 15.3s
[screen] 33 00RYPLQJGQPG k=0 win 1-0 180.0s plays 27/27 wall 14.2s
[screen] 34 00RYPYLRV2GU k=0 loss 0-1 180.3s plays 32/33 wall 13.6s
[screen] 35 00VY8RGR0Y9G k=0 win 2-0 180.0s plays 31/31 wall 13.7s
[screen] 36 00UYPL99UQCG k=0 win 2-1 187.2s plays 35/36 wall 14.1s
[screen] 37 00YYPYR08P2J k=0 win 3-0 155.1s plays 23/24 wall 12.3s
[screen] 38 00VYPQLRGUYL k=0 win 2-0 180.0s plays 34/35 wall 13.5s
[screen] 39 00VYPQL2JVRQ k=0 win 1-0 180.0s plays 30/30 wall 14.0s
[screen] 40 00VYPQYJPUR2 k=0 win 2-0 180.0s plays 30/30 wall 14.0s
[screen] 41 00YYPL9CC2CR k=0 win 2-0 180.0s plays 34/35 wall 13.6s
[screen] 42 00YYPLLV2GCP k=0 loss 0-1 180.0s plays 31/31 wall 13.9s
[screen] 43 00VYPQYYPLG2 k=0 win 1-0 180.0s plays 28/29 wall 14.2s
[screen] 44 00VYPQYYVLV8 k=0 win 1-0 180.0s plays 28/28 wall 14.2s
[screen] 45 00VYPQ8LYLJQ k=0 win 2-1 207.8s plays 40/40 wall 15.8s
[screen] 46 00YYPLU00R9Q k=0 win 2-1 190.5s plays 35/36 wall 14.5s
[screen] 47 020YPLP8JV9Q k=0 win 1-0 180.0s plays 31/31 wall 14.0s
[screen] 48 00RYPPUUU08U k=0 win 3-1 283.0s plays 66/67 wall 20.5s
[screen] 49 020YPYLPPCPQ k=0 win 2-0 180.0s plays 32/33 wall 13.8s
[screen] 50 020YPYL2LVU9 k=0 win 2-1 200.9s plays 36/36 wall 15.5s
[screen] 51 020YPYUC22VR k=0 win 1-0 180.0s plays 30/30 wall 13.9s
[screen] 52 022YYYUCVPR9 k=0 win 1-0 180.0s plays 32/32 wall 13.7s
[screen] 53 028YPUV9V8GY k=0 win 3-0 176.6s plays 33/34 wall 13.3s
[screen] 54 022YYQPC9JQJ k=0 win 2-1 180.0s plays 29/29 wall 14.0s
[screen] 55 028YPUY9JQGC k=0 win 2-0 180.0s plays 32/32 wall 13.6s
[screen] 56 028YPV228J8C k=0 win 2-0 180.0s plays 29/29 wall 13.9s
[screen] 57 028YPVYRUCJL k=0 win 2-0 180.0s plays 30/30 wall 13.8s
[screen] 58 029YPC9VQPCR k=0 win 1-0 180.0s plays 30/30 wall 13.8s
[screen] 59 029YPUPJGJGY k=0 win 3-0 178.4s plays 29/29 wall 13.7s
[screen] 60 02CY8LQQV0QU k=0 win 1-0 180.0s plays 32/33 wall 13.6s
[screen] 61 020YPYRYV8QR k=0 win 3-1 220.4s plays 38/43 wall 16.7s
[screen] 62 02GY9GJRPQ89 k=0 loss 0-3 69.6s plays 9/9 wall 5.5s
[screen] 63 020YPYQ0RRY0 k=0 win 3-1 259.9s plays 49/52 wall 19.6s
[screen] 64 02CY8YPQYPL2 k=0 win 2-1 226.1s plays 41/41 wall 17.1s
[screen] 65 02CY8Y009Q00 k=0 win 1-1 300.0s plays 73/73 wall 21.1s
[screen] 66 02GY9GJRQG2Q k=0 win 3-0 149.7s plays 19/25 wall 11.6s
[screen] 67 02GY9R002Q9Y k=0 win 3-0 134.0s plays 17/18 wall 10.7s
[screen] 68 02JY9GL0PVY2 k=0 win 3-0 150.3s plays 25/25 wall 11.7s
[screen] 69 02JY9GRVUCQR k=0 win 3-0 154.2s plays 25/28 wall 12.0s
[screen] 70 02GY9GJVQGCQ k=0 win 1-0 180.0s plays 32/32 wall 13.9s
[screen] 71 02GY9R02Y2RG k=0 loss 1-2 180.0s plays 30/30 wall 14.1s
[screen] 72 02GY9R08PQ8R k=0 win 1-0 180.0s plays 31/32 wall 13.9s
[screen] 73 02GY9R0CUVLL k=0 win 2-0 180.0s plays 31/32 wall 14.1s
[screen] 74 02JY9GL00Q0C k=0 loss 0-1 180.0s plays 31/31 wall 14.2s
[screen] 75 02JY9GLVJ0Q2 k=0 win 1-0 180.0s plays 30/30 wall 14.3s
[screen] 76 02JY9GYQ0Q9G k=0 win 2-0 180.0s plays 32/33 wall 14.0s
[screen] 77 02GY9RGPQP0L k=0 win 2-1 217.7s plays 41/41 wall 16.8s
[screen] 78 02LY9G09L09R k=0 win 1-0 180.0s plays 29/29 wall 14.2s
[screen] 79 02LY9QVVJJUL k=0 win 3-0 136.3s plays 20/22 wall 10.7s
[screen] 80 02JY9RG2YU9Q k=0 loss 1-2 221.2s plays 42/42 wall 16.9s
[screen] 81 02LY9QJPLR8V k=0 win 1-0 180.0s plays 33/34 wall 13.9s
[screen] 82 02PYPCJVU2PR k=0 win 1-0 180.0s plays 31/31 wall 13.8s
[screen] 83 02PYPCUQYLQ8 k=0 win 2-1 180.0s plays 30/31 wall 13.8s
[screen] 84 02QY9G2J8LYP k=0 win 3-0 151.8s plays 25/25 wall 11.4s
[screen] 85 02QY9Q90VQ02 k=0 win 3-0 147.1s plays 23/23 wall 11.1s
[screen] 86 02QY9G0VVQGG k=0 win 3-1 175.6s plays 33/34 wall 12.9s
[screen] 87 02QY9G8JY28U k=0 win 1-0 180.0s plays 29/30 wall 13.8s
[screen] 88 02QY9QCGPLRV k=0 win 1-0 180.0s plays 27/37 wall 13.0s
[screen] 89 02QY9Q90JPCL k=0 loss 1-2 183.6s plays 30/30 wall 14.0s
[screen] 90 02QY9QCQQ9YY k=0 win 1-0 180.0s plays 31/31 wall 13.5s
[screen] 91 02PYPU2J2U90 k=0 win 2-1 263.2s plays 56/59 wall 19.3s
[screen] 92 02QY9QRV8GU8 k=0 win 3-1 211.1s plays 42/43 wall 15.8s
[screen] 93 02QY9QVP9Q8L k=0 win 1-0 180.0s plays 28/29 wall 14.2s
[screen] 94 02RY9GUQQ9QG k=0 win 2-0 180.0s plays 33/34 wall 13.7s
[screen] 95 02PYPULRQRYG k=0 loss 1-1 300.0s plays 72/72 wall 21.6s
[screen] 96 02UY8PLYCLQU k=0 win 1-0 180.0s plays 30/30 wall 14.0s
[screen] 97 02QY9QU9Q09U k=0 win 1-0 221.7s plays 40/41 wall 17.0s
[screen] 98 02YYPUG09Q92 k=0 loss 0-3 101.0s plays 12/12 wall 8.4s
[screen] 99 02UY8YR8GYYP k=0 win 2-1 180.0s plays 30/30 wall 14.2s
[screen] 100 02UY8Y8JG8G8 k=0 win 1-0 180.0s plays 27/28 wall 14.5s
[screen] 101 02UY8YRQLPYY k=0 win 2-0 180.0s plays 31/31 wall 14.1s
[screen] 102 060d2be902f24cedbd65280bc905a39e k=0 win 3-1 149.6s plays 23/23 wall 11.9s
[screen] 103 02YYPCLY0PPJ k=0 win 1-0 180.0s plays 29/29 wall 14.3s
[screen] 104 076191ce4fc84ad6917ea8d952f497a3 k=0 win 2-0 180.0s plays 28/28 wall 14.1s
[screen] 105 02YYPCRY2UUJ k=0 win 1-0 211.9s plays 37/37 wall 16.4s
[screen] 106 080Y8G2CRVQC k=0 win 1-0 180.0s plays 32/32 wall 13.7s
[screen] 107 08256f74bd8d46c5956f6432e846f3b0 k=0 win 1-0 180.0s plays 32/32 wall 13.3s
[screen] 108 080Y8QJ9YGUV k=0 win 2-0 180.0s plays 31/31 wall 13.4s
[screen] 109 082Y8G229YQL k=0 win 2-1 180.0s plays 31/31 wall 13.4s
[screen] 110 080Y8QJ9GJYG k=0 win 2-1 204.6s plays 39/39 wall 15.0s
[screen] 111 080Y8G8RJR82 k=0 win 2-1 233.8s plays 43/46 wall 17.3s
[screen] 112 082Y8YLLCGQP k=0 win 1-0 181.2s plays 29/30 wall 13.7s
[screen] 113 082Y8QCVV0RV k=0 win 2-1 201.7s plays 36/38 wall 14.8s
[screen] 114 088Y888PR28J k=0 win 2-1 202.7s plays 33/34 wall 15.4s
[screen] 115 088Y88RQ2PC8 k=0 win 2-0 180.0s plays 29/37 wall 12.8s
[screen] 116 088Y889QJ8JL k=0 win 2-1 180.0s plays 31/31 wall 13.4s
[screen] 117 08CPVJQ9PCYV k=0 win 3-0 154.4s plays 24/24 wall 11.6s
[screen] 118 089Y89JGLJLQ k=0 win 3-1 169.8s plays 29/30 wall 12.5s
[screen] 119 08CPVR8P2JPV k=0 win 3-0 171.0s plays 28/30 wall 12.7s
[screen] 120 08CPVRQ9JCLR k=0 win 2-0 180.0s plays 28/30 wall 13.7s
[screen] 121 08CPVRRCV922 k=0 win 2-0 180.0s plays 31/31 wall 13.6s
[screen] 122 089Y0VL8LVVQ k=0 loss 1-1 300.0s plays 67/67 wall 21.3s
[screen] 123 08CPVRRUR90G k=0 win 2-1 180.0s plays 28/28 wall 14.0s
[screen] 124 08JPVCUVQ9RQ k=0 win 1-0 180.0s plays 32/32 wall 13.6s
[screen] 125 08GPVRPV2Q0J k=0 loss 1-3 192.2s plays 36/36 wall 14.4s
[screen] 126 08JPVUQU8UY2 k=0 win 2-0 180.0s plays 26/27 wall 14.1s
[screen] 127 08JPVUYC2Y2Q k=0 win 1-0 180.0s plays 29/29 wall 13.9s
[screen] 128 08GPVR800YY9 k=0 win 2-1 217.6s plays 41/42 wall 16.4s
[screen] 129 08LY82CPGJRY k=0 win 2-0 180.0s plays 29/30 wall 14.0s
[screen] 130 08LY880CJ0GV k=0 win 1-0 180.0s plays 31/31 wall 13.8s
[screen] 131 08LY822V8VUY k=0 win 2-1 201.3s plays 33/34 wall 15.6s
[screen] 132 08LY880JLVP8 k=0 win 1-0 180.0s plays 31/32 wall 13.8s
[screen] 133 08LY880Y2PCL k=0 win 2-1 180.0s plays 31/31 wall 13.8s
[screen] 134 08LY88909CQG k=0 win 2-0 180.0s plays 27/28 wall 14.2s
[screen] 135 08LY889CJ0QP k=0 win 2-1 180.0s plays 31/31 wall 13.9s
[screen] 136 08PY88PC88QV k=0 win 1-0 180.0s plays 28/29 wall 13.9s
[screen] 137 08PY88PU0CL8 k=0 win 1-0 180.0s plays 30/30 wall 13.9s
[screen] 138 08QPVCPC9QQU k=0 win 1-0 180.0s plays 33/35 wall 13.5s
[screen] 139 08PY89LGU20C k=0 win 1-0 180.0s plays 30/30 wall 13.9s
[screen] 140 08QPVCPCG8L9 k=0 win 1-0 180.0s plays 30/31 wall 13.8s
[screen] 141 08RPVJL9R2YJ k=0 win 2-0 180.0s plays 32/32 wall 13.8s
[screen] 142 08PY888VVR8V k=0 loss 1-1 300.0s plays 71/72 wall 21.5s
[screen] 143 08RPVRGQJ29Y k=0 win 2-1 180.0s plays 30/30 wall 13.9s
[screen] 144 08UPPVRUG889 k=0 win 2-0 180.0s plays 32/32 wall 13.7s
[screen] 145 08UPPVR8CYJV k=0 win 2-0 180.0s plays 28/29 wall 14.0s
[screen] 146 08YY898PPLJ9 k=0 win 1-0 180.0s plays 33/33 wall 13.6s
[screen] 147 08YY898L28JL k=0 win 1-0 180.0s plays 30/30 wall 13.9s
[screen] 148 08UPPVQ2228J k=0 win 2-1 192.9s plays 35/36 wall 14.5s
[screen] 149 08YY898YJ8LY k=0 win 2-0 180.0s plays 33/33 wall 13.6s
[screen] 150 08YY89P200LR k=0 win 2-0 180.0s plays 30/30 wall 13.9s
[screen] 151 08YY89PUQUUR k=0 win 3-1 165.6s plays 29/31 wall 12.5s
[screen] 152 08QPVU8LLP8R k=0 win 1-1 300.0s plays 68/68 wall 21.7s
[screen] 153 08YY89UYVRQR k=0 win 2-0 180.0s plays 30/30 wall 13.8s
[screen] 154 08YY89Y00RVJ k=0 win 2-0 180.0s plays 29/29 wall 13.9s
[screen] 155 08YY89UL2YVL k=0 win 1-0 199.9s plays 36/37 wall 15.2s
[screen] 156 08YY8P90JLU0 k=0 win 3-0 178.6s plays 31/32 wall 13.6s
[screen] 157 090PPCCR8QJQ k=0 win 2-1 180.0s plays 32/32 wall 13.5s
[screen] 158 090PY02URPU9 k=0 win 2-0 180.0s plays 30/31 wall 13.7s
[screen] 159 092PPUGY2YRU k=0 win 2-0 180.0s plays 30/30 wall 14.0s
[screen] 160 092PPVPV8PRJ k=0 win 2-0 180.0s plays 31/31 wall 13.9s
[screen] 161 092PPVY2CGG8 k=0 win 2-1 185.8s plays 37/38 wall 13.8s
[screen] 162 099P9CG9YGGR k=0 win 1-0 180.0s plays 30/30 wall 13.9s
[screen] 163 099P9CUL9QPG k=0 win 2-0 180.0s plays 30/31 wall 13.9s
[screen] 164 090PY08RQLPC k=0 win 2-1 220.0s plays 39/40 wall 16.6s
[screen] 165 092PPVPU00LV k=0 win 3-1 223.4s plays 42/47 wall 16.4s
[screen] 166 099P9CUVPYRP k=0 win 2-0 180.0s plays 36/36 wall 13.4s
[screen] 167 09C9JUUVL0QV k=0 win 2-0 180.0s plays 29/30 wall 14.0s
[screen] 168 09G9JUP9YQR8 k=0 win 3-0 145.6s plays 24/24 wall 10.9s
[screen] 169 09G9JU290J8J k=0 win 2-0 180.0s plays 30/31 wall 13.5s
[screen] 170 09G9JUU0089U k=0 win 3-0 178.8s plays 29/29 wall 13.4s
[screen] 171 09G99U0CR990 k=0 loss 0-1 274.0s plays 59/60 wall 19.7s
[screen] 172 09G9JUPP0R2C k=0 win 3-1 205.4s plays 38/39 wall 15.2s
[screen] 173 09J9JUQ0YQV0 k=0 win 2-0 180.0s plays 27/28 wall 13.7s
[screen] 174 09J9JUQVLPPC k=0 win 2-1 180.0s plays 33/33 wall 13.0s
[screen] 175 09L9R9VQCL9G k=0 win 2-0 180.0s plays 32/32 wall 13.1s
[screen] 176 09LP9C9LQR98 k=0 win 2-0 180.0s plays 30/30 wall 13.3s
[screen] 177 09LP9C9U8P0C k=0 win 1-0 180.0s plays 31/33 wall 13.2s
[screen] 178 09LP9U8RC0UY k=0 win 2-0 180.0s plays 31/31 wall 13.3s
[screen] 179 09LP9UPGVJ2L k=0 win 1-0 180.0s plays 28/29 wall 13.5s
[screen] 180 09LP9UY02R8C k=0 win 1-0 180.0s plays 30/30 wall 13.3s
[screen] 181 09G9JUYPYQCV k=0 win 2-1 278.7s plays 67/68 wall 19.3s
[screen] 182 09LP9U9LUYYR k=0 win 2-1 218.2s plays 42/43 wall 15.6s
[screen] 183 09LP9UY09RR2 k=0 win 2-1 183.8s plays 28/28 wall 13.8s
[screen] 184 09LP9UY2QGL0 k=0 win 1-0 180.0s plays 30/30 wall 13.6s
[screen] 185 09LP9UYQV899 k=0 win 1-0 180.0s plays 34/34 wall 13.3s
[screen] 186 09QP9CVJRVVP k=0 win 2-0 180.0s plays 30/30 wall 13.7s
[screen] 187 09U9JU2C9P8Y k=0 win 3-0 170.7s plays 31/35 wall 12.5s
[screen] 188 09R9JCRR0QQQ k=0 win 2-0 180.0s plays 31/31 wall 13.6s
[screen] 189 09QP9CVRULG9 k=0 win 1-0 180.0s plays 26/26 wall 14.1s
[screen] 190 09R9JU0JL9JL k=0 win 1-0 180.0s plays 30/31 wall 13.7s
[screen] 191 09U9JU9VVPQY k=0 win 1-0 180.0s plays 29/30 wall 13.7s
[screen] 192 09YP9C9L90QQ k=0 win 1-0 185.5s plays 31/31 wall 14.1s
[screen] 193 09QP9CULUC2G k=0 win 3-1 239.4s plays 47/47 wall 17.8s
[screen] 194 09YP9JQCPQL8 k=0 win 1-0 180.0s plays 29/30 wall 13.7s
[screen] 195 1df6706006194ed39ea89dd729875d37 k=0 loss 1-3 111.2s plays 14/14 wall 8.8s
[screen] 196 105592feaf874674ad3ef112a4d410eb k=0 win 2-1 180.0s plays 29/30 wall 13.6s
[screen] 197 112831c6755f47e6bfee870f9a09b6fc k=0 win 1-0 180.0s plays 28/29 wall 13.7s
[screen] 198 169c94d1a48749dd92891d3fcdf91035 k=0 win 2-0 180.0s plays 30/31 wall 13.5s
[screen] 199 17c95547f6de4e7181aa43c8f1c2dc76 k=0 win 1-0 180.0s plays 30/30 wall 13.6s
[screen] 200 1aec0036ff264ca39a6e071c8a109304 k=0 loss 0-1 180.0s plays 31/32 wall 13.5s
[screen] 201 1df6b1e3d2284bba8e28a47b39e4b464 k=0 win 1-0 180.0s plays 30/30 wall 13.1s
[screen] 202 2403f9cd892b4a94a72d746d2555b980 k=0 win 3-0 168.0s plays 26/29 wall 11.8s
[screen] 203 23bec17c54ae47af830f187073cbdb79 k=0 win 1-0 180.0s plays 28/28 wall 13.1s
[screen] 204 30bd4c1d2f204f37b3589e833c3ae197 k=0 win 3-0 157.7s plays 26/29 wall 10.9s
[screen] 205 325a5cd758f54a9cb20c116ac04810ed k=0 win 3-0 138.7s plays 20/21 wall 10.1s
[screen] 206 2fc208aad27146e69157e95385202d4d k=0 win 2-0 180.0s plays 28/28 wall 13.2s
[screen] 207 32413beb4f1b45f7b9d0d3c117e551f4 k=0 win 3-0 175.2s plays 30/30 wall 12.7s
[screen] 208 26bdad8307ee4a5f827a9fc3dc5712d3 k=0 win 3-1 208.2s plays 37/37 wall 15.1s
[screen] 209 3135a1266f5a4a24b832d3318fd8c7f3 k=0 win 2-0 180.0s plays 28/28 wall 13.3s
[screen] 210 399d0dffd6b74634ae415fff47d97501 k=0 win 3-0 143.6s plays 22/22 wall 10.8s
[screen] 211 331973a946274244898760731cda4b70 k=0 win 1-0 180.0s plays 31/31 wall 13.2s
[screen] 212 348789d85dd5416b8fbe8d23306eb59c k=0 win 1-0 180.0s plays 30/30 wall 13.3s
[screen] 213 3905958a88594db7a2da543150a37a2a k=0 win 1-0 180.0s plays 30/30 wall 13.3s
[screen] 214 22d2cc7fd6574a77926c02ba87687528 k=0 win 3-1 272.9s plays 61/62 wall 18.8s
[screen] 215 39648d4afe414ed0a6bfc08bc508466b k=0 win 1-0 180.0s plays 30/31 wall 13.3s
[screen] 216 279bb9f423b64c1a9b681acc58d1f075 k=0 loss 1-1 300.0s plays 73/73 wall 20.0s
[screen] 217 3fd06d2d99ca4f0fbd879cd69a0303f3 k=0 win 1-0 180.0s plays 25/26 wall 13.8s
[screen] 218 3ff57e52ecc443cbbaf1039b632c6da2 k=0 loss 2-3 185.5s plays 31/31 wall 13.7s
[screen] 219 412ee040afce4e67a18e2c4490879838 k=0 win 2-0 180.0s plays 31/32 wall 13.1s
[screen] 220 4249db09023c41fba087e2e0909399be k=0 win 2-0 180.0s plays 29/29 wall 13.2s
[screen] 221 44b712af5b01464390b9b8930dcc7a44 k=0 win 1-0 180.0s plays 30/30 wall 13.0s
[screen] 222 4b53a88c9ff14495a228a88c0d31ffb0 k=0 win 2-1 180.0s plays 32/32 wall 12.8s
[screen] 223 487cd70f6a09412f8c531726b584d872 k=0 win 1-0 180.0s plays 26/26 wall 13.4s
[screen] 224 4beffa6706de4393b144699a9407f7c4 k=0 win 1-0 180.0s plays 31/31 wall 12.9s
[screen] 225 5b5ffcb2eb054e919aa76af75426bfaf k=0 win 3-0 159.1s plays 27/27 wall 11.4s
[screen] 226 518d875539dd46f982ee56af78bd41ee k=0 win 2-0 180.0s plays 28/29 wall 13.1s
[screen] 227 60295f0b12b847c187ef4f1b3ad4c0da k=0 win 3-0 160.2s plays 26/27 wall 11.5s
[screen] 228 55d7ddeba44b4197b178e7cb3f5cbdfe k=0 win 1-0 180.0s plays 30/30 wall 12.9s
[screen] 229 59806a7efac74485a3ab3bbb8c74b45f k=0 win 2-1 180.0s plays 31/31 wall 12.8s
[screen] 230 5c9b759381a4488ea34078853545de5d k=0 win 1-0 205.8s plays 37/37 wall 14.6s
[screen] 231 4119a4a434654c6c9892a29d5d9e660a k=0 win 1-1 300.0s plays 75/75 wall 19.9s
[screen] 232 60ae4b74e10746ddaf88fa3c4e0001da k=0 win 2-1 180.0s plays 33/33 wall 12.6s
[screen] 233 65ae83919f2d437097b4c1de052a4f04 k=0 win 3-0 167.3s plays 28/28 wall 11.8s
[screen] 234 68ac6a3e21ea4b2a9815b04b16a111e6 k=0 win 3-0 156.1s plays 25/25 wall 11.1s
[screen] 235 6b85d4de9f414a9183720c411d78e92f k=0 win 3-0 159.4s plays 26/26 wall 11.2s
[screen] 236 6ca0aaa430ca418baf850ca6785efc3a k=0 win 2-0 180.0s plays 30/31 wall 12.6s
[screen] 237 7677a0bf1f674a169e76620b57f46786 k=0 win 1-0 180.0s plays 32/32 wall 12.4s
[screen] 238 808d2ffa43944b03869f321bb3291c74 k=0 win 3-1 164.3s plays 26/27 wall 11.4s
[screen] 239 773c88a3e3e944dc843f7ca6c6400f4c k=0 win 1-0 180.0s plays 28/29 wall 12.7s
[screen] 240 79ec525500cb44269231e463670aeb71 k=0 win 2-0 180.0s plays 29/29 wall 12.6s
[screen] 241 80af14094b494561b5fa110634d04633 k=0 win 3-0 180.0s plays 32/32 wall 12.3s
[screen] 242 82f8122294024313836137d2edb4eb64 k=0 win 2-1 180.0s plays 29/30 wall 12.5s
[screen] 243 855d0c3e521d4ed89816f2113adbef28 k=0 win 1-0 180.0s plays 29/29 wall 12.5s
[screen] 244 85af231941414678951c20e1b21f8334 k=0 win 2-1 215.0s plays 36/39 wall 14.8s
[screen] 245 6ac631bb4246481799200b4867408daf k=0 win 2-1 293.4s plays 67/70 wall 19.1s
[screen] 246 86055c0ca9bf4fd48dfcbb5e8adaf7a6 k=0 win 1-0 180.0s plays 30/31 wall 12.5s
[screen] 247 89687c0f797e409ba10d31008262dab2 k=0 win 1-0 180.0s plays 31/31 wall 12.4s
[screen] 248 8986c5aad3814519ac9325e5d3762804 k=0 win 3-0 179.9s plays 29/30 wall 12.6s
[screen] 249 89e7825fb9b44d63890d8d2b238150a2 k=0 win 3-0 165.3s plays 29/29 wall 11.3s
[screen] 250 8a07cefa614e4bacb8a68024ba69ec7b k=0 win 2-0 180.0s plays 31/32 wall 12.4s
[screen] 251 931167bcb6cd4b95be6517e587dc8cb2 k=0 win 3-0 122.1s plays 16/16 wall 8.7s
[screen] 252 8f16a8b36134403f8ade98c966982b5b k=0 win 3-0 133.8s plays 21/21 wall 9.3s
[screen] 253 8af218c003194ae1b64f1dd0f5f4e3d3 k=0 win 2-0 180.0s plays 33/33 wall 12.2s
[screen] 254 9811463704ca4016b0badd1395208f1f k=0 win 3-0 162.6s plays 25/25 wall 11.3s
[screen] 255 9dd05717434a44b1b6dd81c05db9a849 k=0 win 3-0 159.5s plays 26/26 wall 11.0s
[screen] 256 9433d0b552d24c2990c251bb6e90cf13 k=0 win 2-1 180.0s plays 30/30 wall 12.4s
[screen] 257 9baed7daabc04d02b9a0807e92a1692e k=0 win 2-0 180.0s plays 30/30 wall 12.4s
[screen] 258 9e8876ea24fb465a8a466eb30704fc6b k=0 win 2-1 180.0s plays 31/32 wall 12.2s
[screen] 259 a0da52cf77044411bf39c2432e9e35b4 k=0 win 3-1 180.0s plays 30/36 wall 12.0s
[screen] 260 a55f107ea31048afaf5fb43b606dab22 k=0 win 3-0 156.5s plays 25/25 wall 10.8s
[screen] 261 a55701a82cea4be59ca366c392c70b48 k=0 win 3-0 171.8s plays 29/29 wall 11.8s
[screen] 262 a753743a696746eab2dd1ac834582eec k=0 win 3-1 160.0s plays 25/26 wall 11.1s
[screen] 263 a1fbddc220e544cbab2435effb376410 k=0 win 1-0 180.0s plays 30/30 wall 12.4s
[screen] 264 abaffe2b4a034f3f8019806d160a43ee k=0 win 2-0 180.0s plays 30/30 wall 12.5s
[screen] 265 a29566293097479fb7aa1fe2fc1fe7e3 k=0 win 2-1 221.8s plays 43/46 wall 14.7s
[screen] 266 cadfff9b226e4d1e9eb5b67b9914dd8c k=0 loss 1-3 71.7s plays 8/8 wall 5.1s
[screen] 267 ac75b0e1990e4c1482ab4b281bf26ccd k=0 win 2-0 180.0s plays 32/32 wall 12.4s
[screen] 268 b68044a774624e04b485c28cabff2a8f k=0 win 2-0 180.0s plays 30/31 wall 12.5s
[screen] 269 ba2cc03257d049e8be7227f7e56e8b89 k=0 win 1-0 180.0s plays 26/26 wall 13.0s
[screen] 270 c21b6fdfde104b7494d2b57e1692e2a7 k=0 win 3-1 155.3s plays 21/28 wall 10.8s
[screen] 271 bc403c537b6b44858daf5228a24c02a6 k=0 win 2-0 180.0s plays 30/30 wall 12.7s
[screen] 272 c25268f7eda2449db82c70c6c9ff33fa k=0 win 3-0 174.5s plays 27/28 wall 12.5s
[screen] 273 c4c1d3f1b62f49af87e6f74f802ba273 k=0 win 3-0 171.0s plays 30/30 wall 11.9s
[screen] 274 c8f9ff95b4f04482bcd356aa46e14053 k=0 win 2-1 180.0s plays 28/28 wall 12.8s
[screen] 275 ba333001b68d43a68272ebbfea14304e k=0 win 3-1 263.4s plays 56/56 wall 17.6s
[screen] 276 ba4775a6624e43138d243098c21042a9 k=0 win 2-1 267.1s plays 54/62 wall 17.5s
[screen] 277 cbec4bc08aa24c01800b9c5f6b8a8d75 k=0 win 2-1 187.4s plays 32/33 wall 13.1s
[screen] 278 ce1b58b06c5641ff8322020566d97a65 k=0 win 1-0 180.0s plays 28/28 wall 12.8s
[screen] 279 e56bde444d2d4b1987a4e498a026dd6c k=0 loss 1-3 80.5s plays 10/10 wall 5.7s
[screen] 280 d22b089cdc254c2a816df50f63673c24 k=0 win 2-1 180.3s plays 28/32 wall 12.6s
[screen] 281 d3d3e2d4f069400abc8fad191f7c51d8 k=0 win 2-0 180.0s plays 30/30 wall 12.7s
[screen] 282 d9f06cd6721c4a84a3514350c41c41e0 k=0 win 2-0 180.0s plays 30/30 wall 12.6s
[screen] 283 cdcbdedd54294121a216cb5dd17fc29e k=0 loss 1-2 249.8s plays 51/51 wall 16.9s
[screen] 284 df92d538dd0e444b8d5873d2bd16c56d k=0 win 2-0 180.0s plays 27/27 wall 12.9s
[screen] 285 d28f158e97d04ca3b33cc6e3510f8d5f k=0 loss 1-2 225.4s plays 44/45 wall 15.2s
[screen] 286 e3ab10a737e3493dad0796a708c6e252 k=0 win 1-0 180.0s plays 26/27 wall 12.8s
[screen] 287 e467de5432fb460195a3ed1aa7602cd2 k=0 win 3-1 177.3s plays 32/32 wall 12.1s
[screen] 288 f2cd7f99c98b4a09a8e7da7c273ec997 k=0 win 3-0 133.5s plays 19/19 wall 9.2s
[screen] 289 ec4f0391ae8c47ebade7a5116536c671 k=0 win 2-1 180.0s plays 30/31 wall 12.2s
[screen] 290 f28fd3b37b9b49b3855cdfa45a1f3d5f k=0 win 2-0 180.0s plays 29/29 wall 12.2s
[screen] 291 f8e1288715f946dfbe80fb5db39596f6 k=0 win 3-0 155.4s plays 24/24 wall 10.2s
[screen] 292 f29d36beec394a96b8a1ef757736eeb2 k=0 win 2-1 222.7s plays 43/43 wall 14.4s
[screen] 293 f3cc95590e28489abbc001b40a6903ac k=0 win 2-1 193.6s plays 35/38 wall 12.3s
[screen] 294 f6c04202c6064349b3d9306d9835783a k=0 loss 1-3 191.3s plays 34/35 wall 12.2s
[screen] 295 fa34faa95a0c476384cdc17f33694215 k=0 loss 0-3 167.1s plays 27/27 wall 10.6s
[screen] 296 fe7d69c2501d4f00bbe7de16106cdd14 k=0 win 3-0 150.2s plays 22/22 wall 9.3s
[screen] 297 febfdc5354c444cbb51ce67ea93a7f5b k=0 win 2-1 180.0s plays 31/31 wall 10.3s
[screen] 298 ff982aad57454513add21e481f0f3dce k=0 win 2-0 180.0s plays 31/31 wall 10.2s
[screen] 299 f512827027c34b31b0f80b07063a5f5b k=0 win 2-1 262.4s plays 55/55 wall 14.8s
{"DONE": {"matches": 299, "skipped_jobs": 1206, "skipped_entries": 1206, "wall_s": 261.7}}
